******************************************************************************
                  MSP430 Linker PC v4.2.1                      
******************************************************************************
>> Linked Thu Apr 10 13:18:22 2014

OUTPUT FILE NAME:   <Pong.out>
ENTRY POINT SYMBOL: "_c_int00"  address: 00009cac


MEMORY CONFIGURATION

         name            origin    length      used     unused   attr    fill
----------------------  --------  ---------  --------  --------  ----  --------
  SFR                   00000000   00000010  00000000  00000010  RWIX
  PERIPHERALS_8BIT      00000010   000000f0  00000000  000000f0  RWIX
  PERIPHERALS_16BIT     00000100   00000100  00000000  00000100  RWIX
  RAM                   00000200   00000400  000000e4  0000031c  RWIX
  INFOD                 00001000   00000040  00000000  00000040  RWIX
  INFOC                 00001040   00000040  00000000  00000040  RWIX
  INFOB                 00001080   00000040  00000000  00000040  RWIX
  INFOA                 000010c0   00000040  00000000  00000040  RWIX
  FLASH                 00008000   00007fde  00002d62  0000527c  RWIX
  INT00                 0000ffe0   00000002  00000000  00000002  RWIX
  INT01                 0000ffe2   00000002  00000000  00000002  RWIX
  INT02                 0000ffe4   00000002  00000002  00000000  RWIX
  INT03                 0000ffe6   00000002  00000002  00000000  RWIX
  INT04                 0000ffe8   00000002  00000000  00000002  RWIX
  INT05                 0000ffea   00000002  00000002  00000000  RWIX
  INT06                 0000ffec   00000002  00000002  00000000  RWIX
  INT07                 0000ffee   00000002  00000002  00000000  RWIX
  INT08                 0000fff0   00000002  00000002  00000000  RWIX
  INT09                 0000fff2   00000002  00000002  00000000  RWIX
  INT10                 0000fff4   00000002  00000002  00000000  RWIX
  INT11                 0000fff6   00000002  00000000  00000002  RWIX
  INT12                 0000fff8   00000002  00000002  00000000  RWIX
  INT13                 0000fffa   00000002  00000002  00000000  RWIX
  INT14                 0000fffc   00000002  00000002  00000000  RWIX
  RESET                 0000fffe   00000002  00000002  00000000  RWIX


SECTION ALLOCATION MAP

 output                                  attributes/
section   page    origin      length       input sections
--------  ----  ----------  ----------   ----------------
.pinit     0    00008000    00000000     UNINITIALIZED

.data      0    00000200    00000000     UNINITIALIZED

.sysmem    0    00000200    00000050     UNINITIALIZED
                  00000200    00000004     rts430.lib : memory.obj (.sysmem)
                  00000204    0000004c     --HOLE--

.bss       0    00000250    00000044     UNINITIALIZED
                  00000250    00000018     pongEvents.obj (.bss)
                  00000268    0000000e     pongInterrupts.obj (.bss)
                  00000276    00000008     rts430.lib : memory.obj (.bss)
                  0000027e    00000006     RBX430_lcd.obj (.bss)
                  00000284    00000004     rts430.lib : _lock.obj (.bss)
                  00000288    00000004                : boot.obj (.bss)
                  0000028c    00000004                : rand.obj (.bss)
                  00000290    00000002     RBX430-1.obj (.bss)
                  00000292    00000002     pong.obj (.bss)

.stack     0    000005b0    00000050     UNINITIALIZED
                  000005b0    00000002     rts430.lib : boot.obj (.stack)
                  000005b2    0000004e     --HOLE--

.text      0    00008000    00001ef6     
                  00008000    000003c6     pongLib.obj (.text:drawBall)
                  000083c6    00000246     RBX430_lcd.obj (.text:lcd_point)
                  0000860c    00000244     RBX430_lcd.obj (.text:my_printfi)
                  00008850    000001b0     pongEvents.obj (.text:MOVE_BALL_event)
                  00008a00    00000146     RBX430_lcd.obj (.text:lcd_init)
                  00008b46    00000132     RBX430_lcd.obj (.text:lcd_putchar)
                  00008c78    00000130     rts430.lib : fs_add.obj (.text)
                  00008da8    0000011a     pong.obj (.text:main)
                  00008ec2    000000de     RBX430_lcd.obj (.text:lcd_bitImage)
                  00008fa0    000000d4     pongEvents.obj (.text:START_GAME_event)
                  00009074    000000d4     RBX430_lcd.obj (.text:lcd_wordImage)
                  00009148    000000be     RBX430-1.obj (.text:RBX430_init)
                  00009206    000000bc     RBX430-1.obj (.text:ADC_read)
                  000092c2    000000a8     rts430.lib : memory.obj (.text:malloc)
                  0000936a    000000a6     pongInterrupts.obj (.text:WDT_ISR)
                  00009410    0000009a     rts430.lib : fs_div.obj (.text)
                  000094aa    00000080                : memory.obj (.text:free)
                  0000952a    00000076     RBX430-1.obj (.text:ERROR2)
                  000095a0    00000072     pongEvents.obj (.text:ADC_READ_event)
                  00009612    00000072     pongEvents.obj (.text:END_GAME_event)
                  00009684    0000006c     pongLib.obj (.text:drawPaddle)
                  000096f0    00000068     pongEvents.obj (.text:NEW_GAME_event)
                  00009758    00000068     rts430.lib : fs_toi.obj (.text)
                  000097c0    0000005e     RBX430_lcd.obj (.text:lcd_WD)
                  0000981e    0000004c     rts430.lib : lsr16.obj (.text)
                  0000986a    0000004a     RBX430_lcd.obj (.text:lcd_WD2)
                  000098b4    00000048     rts430.lib : autoinit.obj (.text:_auto_init)
                  000098fc    00000046     RBX430_lcd.obj (.text:DelayMs)
                  00009942    00000044     pongEvents.obj (.text:LCD_UPDATE_event)
                  00009986    00000044     pongEvents.obj (.text:new_paddle)
                  000099ca    0000003e     pongEvents.obj (.text:MISSED_BALL_event)
                  00009a08    0000003e     pongEvents.obj (.text:NEW_RALLY_event)
                  00009a46    00000038     RBX430_lcd.obj (.text:ReadDataWord)
                  00009a7e    00000038     rts430.lib : memory.obj (.text:minit)
                  00009ab6    00000038     pongEvents.obj (.text:new_ball)
                  00009aee    00000038     rts430.lib : rand.obj (.text:rand)
                  00009b26    00000036                : fs_itof.obj (.text)
                  00009b5c    00000034     RBX430_lcd.obj (.text:WriteDataWord)
                  00009b90    00000034     RBX430_lcd.obj (.text:lcd_set_x_y)
                  00009bc4    00000032     pongInterrupts.obj (.text:port1_init)
                  00009bf6    00000030     RBX430_lcd.obj (.text:lcd_cursor)
                  00009c26    0000002e     RBX430_lcd.obj (.text:lcd_set)
                  00009c54    0000002c     RBX430_lcd.obj (.text:lcd_volume)
                  00009c80    0000002c     rts430.lib : lsl16.obj (.text)
                  00009cac    00000026                : boot.obj (.text:_c_int00_noexit)
                  00009cd2    00000026                : mult32.obj (.text)
                  00009cf8    00000024     RBX430_lcd.obj (.text:lcd_fillImage)
                  00009d1c    00000024     RBX430_lcd.obj (.text:lcd_printf)
                  00009d40    00000022     pongInterrupts.obj (.text:ISR_trap)
                  00009d62    00000022     pongInterrupts.obj (.text:watchdog_init)
                  00009d84    00000020     RBX430_lcd.obj (.text:ReadData)
                  00009da4    0000001e     pongInterrupts.obj (.text:TIMERA1_ISR)
                  00009dc2    0000001e     RBX430_lcd.obj (.text:WriteCmd)
                  00009de0    0000001e     RBX430_lcd.obj (.text:WriteData)
                  00009dfe    0000001e     RBX430_lcd.obj (.text:lcd_mode)
                  00009e1c    0000001a     pongInterrupts.obj (.text:timerB_init)
                  00009e36    00000016     pongEvents.obj (.text:SWITCH_1_event)
                  00009e4c    00000014     RBX430_lcd.obj (.text:lcd_backlight)
                  00009e60    00000014     rts430.lib : mult16.obj (.text)
                  00009e74    00000012                : lsr32.obj (.text:l_lsr)
                  00009e86    00000012                : memcpy.obj (.text:memcpy)
                  00009e98    00000012     pongInterrupts.obj (.text:timerA_init)
                  00009eaa    00000010     rts430.lib : epilog.obj (.text)
                  00009eba    0000000e     pongInterrupts.obj (.text:Port_1_ISR)
                  00009ec8    0000000e     rts430.lib : strlen.obj (.text:strlen)
                  00009ed6    0000000a     RBX430_lcd.obj (.text:lcd_clear)
                  00009ee0    00000008     RBX430-1.obj (.text:ADC10_ISR)
                  00009ee8    00000004     RBX430-1.obj (.text:ADC_init)
                  00009eec    00000004     rts430.lib : pre_init.obj (.text:_system_pre_init)
                  00009ef0    00000004                : exit.obj (.text:abort)
                  00009ef4    00000002                : _lock.obj (.text:_nop)

.const     0    00009ef6    00000e5c     
                  00009ef6    00000a12     pongImages.obj (.const:pong_image)
                  0000a908    000001e0     RBX430_lcd.obj (.const:cs)
                  0000aae8    000000a2     RBX430_lcd.obj (.const:.string:dv3)
                  0000ab8a    00000080     pongImages.obj (.const:.string:go)
                  0000ac0a    00000041     pongImages.obj (.const:.string:one)
                  0000ac4b    00000001     --HOLE-- [fill = 0]
                  0000ac4c    00000041     pongImages.obj (.const:.string:three)
                  0000ac8d    00000001     --HOLE-- [fill = 0]
                  0000ac8e    00000041     pongImages.obj (.const:.string:two)
                  0000accf    00000001     --HOLE-- [fill = 0]
                  0000acd0    0000002c     RBX430_lcd.obj (.const:dv$3)
                  0000acfc    00000026     pongEvents.obj (.const:.string)
                  0000ad22    00000011     RBX430_lcd.obj (.const:.string:lHexChar$1)
                  0000ad33    00000001     --HOLE-- [fill = 0]
                  0000ad34    00000011     RBX430_lcd.obj (.const:.string:uHexChar$2)
                  0000ad45    00000001     --HOLE-- [fill = 0]
                  0000ad46    00000006     RBX430_lcd.obj (.const:px_off)
                  0000ad4c    00000006     RBX430_lcd.obj (.const:px_on)

.cinit     0    0000ad52    00000010     
                  0000ad52    00000008     rts430.lib : rand.obj (.cinit)
                  0000ad5a    00000006                : memory.obj (.cinit)
                  0000ad60    00000002     --HOLE-- [fill = 0]

PORT1      0    0000ffe4    00000002     
                  0000ffe4    00000002     pongInterrupts.obj (.int02)

PORT2      0    0000ffe6    00000002     
                  0000ffe6    00000002     pongInterrupts.obj (.int03)

ADC10      0    0000ffea    00000002     
                  0000ffea    00000002     RBX430-1.obj (.int05)

USCIAB0TX 
*          0    0000ffec    00000002     
                  0000ffec    00000002     pongInterrupts.obj (.int06)

USCIAB0RX 
*          0    0000ffee    00000002     
                  0000ffee    00000002     pongInterrupts.obj (.int07)

TIMERA1    0    0000fff0    00000002     
                  0000fff0    00000002     pongInterrupts.obj (.int08)

TIMERA0    0    0000fff2    00000002     
                  0000fff2    00000002     pongInterrupts.obj (.int09)

WDT        0    0000fff4    00000002     
                  0000fff4    00000002     pongInterrupts.obj (.int10)

TIMERB1    0    0000fff8    00000002     
                  0000fff8    00000002     pongInterrupts.obj (.int12)

TIMERB0    0    0000fffa    00000002     
                  0000fffa    00000002     pongInterrupts.obj (.int13)

NMI        0    0000fffc    00000002     
                  0000fffc    00000002     pongInterrupts.obj (.int14)

.reset     0    0000fffe    00000002     
                  0000fffe    00000002     rts430.lib : boot.obj (.reset)


GLOBAL SYMBOLS: SORTED ALPHABETICALLY BY Name 

address    name
--------   ----
00000250   .bss
00000200   .data
00008000   .text
0000004a   ADC10AE0
0000004b   ADC10AE1
000001b0   ADC10CTL0
000001b2   ADC10CTL1
00000048   ADC10DTC0
00000049   ADC10DTC1
000001b4   ADC10MEM
000001bc   ADC10SA
00009ee0   ADC10_ISR
000095a0   ADC_READ_event
00009ee8   ADC_init
00009206   ADC_read
00000057   BCSCTL1
00000058   BCSCTL2
00000053   BCSCTL3
00009ef0   C$$EXIT
000010fb   CALBC1_12MHZ
000010f9   CALBC1_16MHZ
000010ff   CALBC1_1MHZ
000010fd   CALBC1_8MHZ
000010fa   CALDCO_12MHZ
000010f8   CALDCO_16MHZ
000010fe   CALDCO_1MHZ
000010fc   CALDCO_8MHZ
00000056   DCOCTL
00009612   END_GAME_event
0000952a   ERROR2
00000128   FCTL1
0000012a   FCTL2
0000012c   FCTL3
00000000   IE1
00000001   IE2
00000002   IFG1
00000003   IFG2
00009d40   ISR_trap
00009c80   I_LSL
00009ca8   I_LSL_1
00009c96   I_LSL_10
00009c94   I_LSL_11
00009c92   I_LSL_12
00009c90   I_LSL_13
00009c8e   I_LSL_14
00009c8c   I_LSL_15
00009ca6   I_LSL_2
00009ca4   I_LSL_3
00009ca2   I_LSL_4
00009ca0   I_LSL_5
00009c9e   I_LSL_6
00009c9c   I_LSL_7
00009c9a   I_LSL_8
00009c98   I_LSL_9
0000981e   I_LSR
00009864   I_LSR_1
00009840   I_LSR_10
0000983c   I_LSR_11
00009838   I_LSR_12
00009834   I_LSR_13
00009830   I_LSR_14
0000982c   I_LSR_15
00009860   I_LSR_2
0000985c   I_LSR_3
00009858   I_LSR_4
00009854   I_LSR_5
00009850   I_LSR_6
0000984c   I_LSR_7
00009848   I_LSR_8
00009844   I_LSR_9
00009942   LCD_UPDATE_event
00009e74   L_LSR
000099ca   MISSED_BALL_event
00008850   MOVE_BALL_event
000096f0   NEW_GAME_event
00009a08   NEW_RALLY_event
000000c0   OA0CTL0
000000c1   OA0CTL1
000000c2   OA1CTL0
000000c3   OA1CTL1
00000022   P1DIR
00000025   P1IE
00000024   P1IES
00000023   P1IFG
00000020   P1IN
00000021   P1OUT
00000027   P1REN
00000026   P1SEL
0000002a   P2DIR
0000002d   P2IE
0000002c   P2IES
0000002b   P2IFG
00000028   P2IN
00000029   P2OUT
0000002f   P2REN
0000002e   P2SEL
0000001a   P3DIR
00000018   P3IN
00000019   P3OUT
00000010   P3REN
0000001b   P3SEL
0000001e   P4DIR
0000001c   P4IN
0000001d   P4OUT
00000011   P4REN
0000001f   P4SEL
00009eba   Port_1_ISR
00009148   RBX430_init
00008fa0   START_GAME_event
00009e36   SWITCH_1_event
00000172   TACCR0
00000174   TACCR1
00000176   TACCR2
00000162   TACCTL0
00000164   TACCTL1
00000166   TACCTL2
00000160   TACTL
0000012e   TAIV
00000170   TAR
00000270   TB0_tone_on
00000192   TBCCR0
00000194   TBCCR1
00000196   TBCCR2
00000182   TBCCTL0
00000184   TBCCTL1
00000186   TBCCTL2
00000180   TBCTL
0000011e   TBIV
00000190   TBR
00009da4   TIMERA1_ISR
0000005d   UCA0ABCTL
00000062   UCA0BR0
00000063   UCA0BR1
00000060   UCA0CTL0
00000061   UCA0CTL1
0000005f   UCA0IRRCTL
0000005e   UCA0IRTCTL
00000064   UCA0MCTL
00000066   UCA0RXBUF
00000065   UCA0STAT
00000067   UCA0TXBUF
0000006a   UCB0BR0
0000006b   UCB0BR1
00000068   UCB0CTL0
00000069   UCB0CTL1
0000006c   UCB0I2CIE
00000118   UCB0I2COA
0000011a   UCB0I2CSA
0000006e   UCB0RXBUF
0000006d   UCB0STAT
0000006f   UCB0TXBUF
00000120   WDTCTL
0000936a   WDT_ISR
0000026a   WDT_adc_cnt
00000268   WDT_cps_cnt
0000026e   WDT_debounce_cnt
0000026c   WDT_lcd_cnt
00000600   __STACK_END
00000050   __STACK_SIZE
00000050   __SYSMEM_SIZE
00000001   __TI_args_main
00000001   __TI_auto_init
00000288   __TI_cleanup_ptr
0000028a   __TI_dtors_ptr
00000001   __TI_exit
0000ffe4   __TI_int02
0000ffe6   __TI_int03
0000ffea   __TI_int05
0000ffec   __TI_int06
0000ffee   __TI_int07
0000fff0   __TI_int08
0000fff2   __TI_int09
0000fff4   __TI_int10
0000fff8   __TI_int12
0000fffa   __TI_int13
0000fffc   __TI_int14
ffffffff   __binit__
00000250   __bss__
ffffffff   __c_args__
0000ad52   __cinit__
00000200   __data__
00000200   __edata__
00000294   __end__
00009ef6   __etext__
00008c7e   __fs_add
00009410   __fs_div
00009b26   __fs_itof
00008c78   __fs_sub
00009758   __fs_toi
00009e60   __mpyi
00009cd2   __mpyl
ffffffff   __pinit__
00008000   __text__
000098b4   _auto_init
00009cac   _c_int00
00009cac   _c_int00_noexit
00000284   _lock
00009ef4   _nop
0000fffe   _reset_vector
000005b0   _stack
00000200   _sys_memory
00009eec   _system_pre_init
00000286   _unlock
00009ef0   abort
00000254   ball
00000272   ball_speed
ffffffff   binit
0000ad52   cinit
0000a908   cs
00008000   drawBall
00009684   drawPaddle
0000aae8   dv3
0000025a   dx
0000025c   dy
00000200   edata
00000294   end
00009ef6   etext
000094aa   free
00009eb6   func_epilog_1
00009eb4   func_epilog_2
00009eb2   func_epilog_3
00009eb0   func_epilog_4
00009eae   func_epilog_5
00009eac   func_epilog_6
00009eaa   func_epilog_7
0000ab8a   go
00000266   i
00000290   i2c_fSCL
000097c0   lcd_WD
0000986a   lcd_WD2
00009e4c   lcd_backlight
00008ec2   lcd_bitImage
00009ed6   lcd_clear
00009bf6   lcd_cursor
00009cf8   lcd_fillImage
00008a00   lcd_init
00009dfe   lcd_mode
000083c6   lcd_point
00009d1c   lcd_printf
00008b46   lcd_putchar
00009c26   lcd_set
00009b90   lcd_set_x_y
00009c54   lcd_volume
00009074   lcd_wordImage
00000258   leftPaddle
00008da8   main
000092c2   malloc
00009e86   memcpy
00009a7e   minit
0000025e   mode
00000250   myBall
00000252   myPaddle
00009ab6   new_ball
00009986   new_paddle
0000ac0a   one
ffffffff   pinit
00009ef6   pong_image
00009bc4   port1_init
0000ad46   px_off
0000ad4c   px_on
00009aee   rand
00000256   rightPaddle
00000260   scoreL
00000262   scoreR
00000274   seconds
00009ec8   strlen
00000292   sys_event
0000ac4c   three
00000264   time
00009e98   timerA_init
00009e1c   timerB_init
0000ac8e   two
00009d62   watchdog_init


GLOBAL SYMBOLS: SORTED BY Symbol Address 

address    name
--------   ----
00000000   IE1
00000001   IE2
00000001   __TI_args_main
00000001   __TI_auto_init
00000001   __TI_exit
00000002   IFG1
00000003   IFG2
00000010   P3REN
00000011   P4REN
00000018   P3IN
00000019   P3OUT
0000001a   P3DIR
0000001b   P3SEL
0000001c   P4IN
0000001d   P4OUT
0000001e   P4DIR
0000001f   P4SEL
00000020   P1IN
00000021   P1OUT
00000022   P1DIR
00000023   P1IFG
00000024   P1IES
00000025   P1IE
00000026   P1SEL
00000027   P1REN
00000028   P2IN
00000029   P2OUT
0000002a   P2DIR
0000002b   P2IFG
0000002c   P2IES
0000002d   P2IE
0000002e   P2SEL
0000002f   P2REN
00000048   ADC10DTC0
00000049   ADC10DTC1
0000004a   ADC10AE0
0000004b   ADC10AE1
00000050   __STACK_SIZE
00000050   __SYSMEM_SIZE
00000053   BCSCTL3
00000056   DCOCTL
00000057   BCSCTL1
00000058   BCSCTL2
0000005d   UCA0ABCTL
0000005e   UCA0IRTCTL
0000005f   UCA0IRRCTL
00000060   UCA0CTL0
00000061   UCA0CTL1
00000062   UCA0BR0
00000063   UCA0BR1
00000064   UCA0MCTL
00000065   UCA0STAT
00000066   UCA0RXBUF
00000067   UCA0TXBUF
00000068   UCB0CTL0
00000069   UCB0CTL1
0000006a   UCB0BR0
0000006b   UCB0BR1
0000006c   UCB0I2CIE
0000006d   UCB0STAT
0000006e   UCB0RXBUF
0000006f   UCB0TXBUF
000000c0   OA0CTL0
000000c1   OA0CTL1
000000c2   OA1CTL0
000000c3   OA1CTL1
00000118   UCB0I2COA
0000011a   UCB0I2CSA
0000011e   TBIV
00000120   WDTCTL
00000128   FCTL1
0000012a   FCTL2
0000012c   FCTL3
0000012e   TAIV
00000160   TACTL
00000162   TACCTL0
00000164   TACCTL1
00000166   TACCTL2
00000170   TAR
00000172   TACCR0
00000174   TACCR1
00000176   TACCR2
00000180   TBCTL
00000182   TBCCTL0
00000184   TBCCTL1
00000186   TBCCTL2
00000190   TBR
00000192   TBCCR0
00000194   TBCCR1
00000196   TBCCR2
000001b0   ADC10CTL0
000001b2   ADC10CTL1
000001b4   ADC10MEM
000001bc   ADC10SA
00000200   .data
00000200   __data__
00000200   __edata__
00000200   _sys_memory
00000200   edata
00000250   .bss
00000250   __bss__
00000250   myBall
00000252   myPaddle
00000254   ball
00000256   rightPaddle
00000258   leftPaddle
0000025a   dx
0000025c   dy
0000025e   mode
00000260   scoreL
00000262   scoreR
00000264   time
00000266   i
00000268   WDT_cps_cnt
0000026a   WDT_adc_cnt
0000026c   WDT_lcd_cnt
0000026e   WDT_debounce_cnt
00000270   TB0_tone_on
00000272   ball_speed
00000274   seconds
00000284   _lock
00000286   _unlock
00000288   __TI_cleanup_ptr
0000028a   __TI_dtors_ptr
00000290   i2c_fSCL
00000292   sys_event
00000294   __end__
00000294   end
000005b0   _stack
00000600   __STACK_END
000010f8   CALDCO_16MHZ
000010f9   CALBC1_16MHZ
000010fa   CALDCO_12MHZ
000010fb   CALBC1_12MHZ
000010fc   CALDCO_8MHZ
000010fd   CALBC1_8MHZ
000010fe   CALDCO_1MHZ
000010ff   CALBC1_1MHZ
00008000   .text
00008000   __text__
00008000   drawBall
000083c6   lcd_point
00008850   MOVE_BALL_event
00008a00   lcd_init
00008b46   lcd_putchar
00008c78   __fs_sub
00008c7e   __fs_add
00008da8   main
00008ec2   lcd_bitImage
00008fa0   START_GAME_event
00009074   lcd_wordImage
00009148   RBX430_init
00009206   ADC_read
000092c2   malloc
0000936a   WDT_ISR
00009410   __fs_div
000094aa   free
0000952a   ERROR2
000095a0   ADC_READ_event
00009612   END_GAME_event
00009684   drawPaddle
000096f0   NEW_GAME_event
00009758   __fs_toi
000097c0   lcd_WD
0000981e   I_LSR
0000982c   I_LSR_15
00009830   I_LSR_14
00009834   I_LSR_13
00009838   I_LSR_12
0000983c   I_LSR_11
00009840   I_LSR_10
00009844   I_LSR_9
00009848   I_LSR_8
0000984c   I_LSR_7
00009850   I_LSR_6
00009854   I_LSR_5
00009858   I_LSR_4
0000985c   I_LSR_3
00009860   I_LSR_2
00009864   I_LSR_1
0000986a   lcd_WD2
000098b4   _auto_init
00009942   LCD_UPDATE_event
00009986   new_paddle
000099ca   MISSED_BALL_event
00009a08   NEW_RALLY_event
00009a7e   minit
00009ab6   new_ball
00009aee   rand
00009b26   __fs_itof
00009b90   lcd_set_x_y
00009bc4   port1_init
00009bf6   lcd_cursor
00009c26   lcd_set
00009c54   lcd_volume
00009c80   I_LSL
00009c8c   I_LSL_15
00009c8e   I_LSL_14
00009c90   I_LSL_13
00009c92   I_LSL_12
00009c94   I_LSL_11
00009c96   I_LSL_10
00009c98   I_LSL_9
00009c9a   I_LSL_8
00009c9c   I_LSL_7
00009c9e   I_LSL_6
00009ca0   I_LSL_5
00009ca2   I_LSL_4
00009ca4   I_LSL_3
00009ca6   I_LSL_2
00009ca8   I_LSL_1
00009cac   _c_int00
00009cac   _c_int00_noexit
00009cd2   __mpyl
00009cf8   lcd_fillImage
00009d1c   lcd_printf
00009d40   ISR_trap
00009d62   watchdog_init
00009da4   TIMERA1_ISR
00009dfe   lcd_mode
00009e1c   timerB_init
00009e36   SWITCH_1_event
00009e4c   lcd_backlight
00009e60   __mpyi
00009e74   L_LSR
00009e86   memcpy
00009e98   timerA_init
00009eaa   func_epilog_7
00009eac   func_epilog_6
00009eae   func_epilog_5
00009eb0   func_epilog_4
00009eb2   func_epilog_3
00009eb4   func_epilog_2
00009eb6   func_epilog_1
00009eba   Port_1_ISR
00009ec8   strlen
00009ed6   lcd_clear
00009ee0   ADC10_ISR
00009ee8   ADC_init
00009eec   _system_pre_init
00009ef0   C$$EXIT
00009ef0   abort
00009ef4   _nop
00009ef6   __etext__
00009ef6   etext
00009ef6   pong_image
0000a908   cs
0000aae8   dv3
0000ab8a   go
0000ac0a   one
0000ac4c   three
0000ac8e   two
0000ad46   px_off
0000ad4c   px_on
0000ad52   __cinit__
0000ad52   cinit
0000ffe4   __TI_int02
0000ffe6   __TI_int03
0000ffea   __TI_int05
0000ffec   __TI_int06
0000ffee   __TI_int07
0000fff0   __TI_int08
0000fff2   __TI_int09
0000fff4   __TI_int10
0000fff8   __TI_int12
0000fffa   __TI_int13
0000fffc   __TI_int14
0000fffe   _reset_vector
ffffffff   __binit__
ffffffff   __c_args__
ffffffff   __pinit__
ffffffff   binit
ffffffff   pinit

[273 symbols]
