<?xml version="1.0"?>
<link_info>
   <banner>MSP430 Linker PC v4.2.1</banner>
   <copyright>Copyright (c) 2003-2013 Texas Instruments Incorporated</copyright>
   <link_time>0x5346ee7e</link_time>
   <link_errors>0x0</link_errors>
   <output_file>Pong.out</output_file>
   <entry_point>
      <name>_c_int00</name>
      <address>0x9cac</address>
   </entry_point>
   <input_file_list>
      <input_file id="fl-2">
         <path>.\</path>
         <kind>object</kind>
         <file>pongLib.obj</file>
         <name>pongLib.obj</name>
      </input_file>
      <input_file id="fl-3">
         <path>.\</path>
         <kind>object</kind>
         <file>pongInterrupts.obj</file>
         <name>pongInterrupts.obj</name>
      </input_file>
      <input_file id="fl-4">
         <path>.\</path>
         <kind>object</kind>
         <file>pongImages.obj</file>
         <name>pongImages.obj</name>
      </input_file>
      <input_file id="fl-5">
         <path>.\</path>
         <kind>object</kind>
         <file>pongEvents.obj</file>
         <name>pongEvents.obj</name>
      </input_file>
      <input_file id="fl-6">
         <path>.\</path>
         <kind>object</kind>
         <file>pong.obj</file>
         <name>pong.obj</name>
      </input_file>
      <input_file id="fl-7">
         <path>.\</path>
         <kind>object</kind>
         <file>RBX430_lcd.obj</file>
         <name>RBX430_lcd.obj</name>
      </input_file>
      <input_file id="fl-8">
         <path>.\</path>
         <kind>object</kind>
         <file>RBX430-1.obj</file>
         <name>RBX430-1.obj</name>
      </input_file>
      <input_file id="fl-22">
         <path>C:\ti\ccsv5\tools\compiler\msp430_4.2.1\lib\</path>
         <kind>archive</kind>
         <file>rts430.lib</file>
         <name>boot.obj</name>
      </input_file>
      <input_file id="fl-23">
         <path>C:\ti\ccsv5\tools\compiler\msp430_4.2.1\lib\</path>
         <kind>archive</kind>
         <file>rts430.lib</file>
         <name>copy_decompress_none.obj</name>
      </input_file>
      <input_file id="fl-24">
         <path>C:\ti\ccsv5\tools\compiler\msp430_4.2.1\lib\</path>
         <kind>archive</kind>
         <file>rts430.lib</file>
         <name>copy_decompress_rle.obj</name>
      </input_file>
      <input_file id="fl-25">
         <path>C:\ti\ccsv5\tools\compiler\msp430_4.2.1\lib\</path>
         <kind>archive</kind>
         <file>rts430.lib</file>
         <name>copy_zero_init.obj</name>
      </input_file>
      <input_file id="fl-26">
         <path>C:\ti\ccsv5\tools\compiler\msp430_4.2.1\lib\</path>
         <kind>archive</kind>
         <file>rts430.lib</file>
         <name>epilog.obj</name>
      </input_file>
      <input_file id="fl-27">
         <path>C:\ti\ccsv5\tools\compiler\msp430_4.2.1\lib\</path>
         <kind>archive</kind>
         <file>rts430.lib</file>
         <name>exit.obj</name>
      </input_file>
      <input_file id="fl-28">
         <path>C:\ti\ccsv5\tools\compiler\msp430_4.2.1\lib\</path>
         <kind>archive</kind>
         <file>rts430.lib</file>
         <name>fs_add.obj</name>
      </input_file>
      <input_file id="fl-29">
         <path>C:\ti\ccsv5\tools\compiler\msp430_4.2.1\lib\</path>
         <kind>archive</kind>
         <file>rts430.lib</file>
         <name>fs_div.obj</name>
      </input_file>
      <input_file id="fl-2a">
         <path>C:\ti\ccsv5\tools\compiler\msp430_4.2.1\lib\</path>
         <kind>archive</kind>
         <file>rts430.lib</file>
         <name>fs_itof.obj</name>
      </input_file>
      <input_file id="fl-2b">
         <path>C:\ti\ccsv5\tools\compiler\msp430_4.2.1\lib\</path>
         <kind>archive</kind>
         <file>rts430.lib</file>
         <name>fs_toi.obj</name>
      </input_file>
      <input_file id="fl-2c">
         <path>C:\ti\ccsv5\tools\compiler\msp430_4.2.1\lib\</path>
         <kind>archive</kind>
         <file>rts430.lib</file>
         <name>lsl16.obj</name>
      </input_file>
      <input_file id="fl-2d">
         <path>C:\ti\ccsv5\tools\compiler\msp430_4.2.1\lib\</path>
         <kind>archive</kind>
         <file>rts430.lib</file>
         <name>lsr16.obj</name>
      </input_file>
      <input_file id="fl-2e">
         <path>C:\ti\ccsv5\tools\compiler\msp430_4.2.1\lib\</path>
         <kind>archive</kind>
         <file>rts430.lib</file>
         <name>lsr32.obj</name>
      </input_file>
      <input_file id="fl-2f">
         <path>C:\ti\ccsv5\tools\compiler\msp430_4.2.1\lib\</path>
         <kind>archive</kind>
         <file>rts430.lib</file>
         <name>memcpy.obj</name>
      </input_file>
      <input_file id="fl-30">
         <path>C:\ti\ccsv5\tools\compiler\msp430_4.2.1\lib\</path>
         <kind>archive</kind>
         <file>rts430.lib</file>
         <name>memory.obj</name>
      </input_file>
      <input_file id="fl-31">
         <path>C:\ti\ccsv5\tools\compiler\msp430_4.2.1\lib\</path>
         <kind>archive</kind>
         <file>rts430.lib</file>
         <name>mult16.obj</name>
      </input_file>
      <input_file id="fl-32">
         <path>C:\ti\ccsv5\tools\compiler\msp430_4.2.1\lib\</path>
         <kind>archive</kind>
         <file>rts430.lib</file>
         <name>pre_init.obj</name>
      </input_file>
      <input_file id="fl-33">
         <path>C:\ti\ccsv5\tools\compiler\msp430_4.2.1\lib\</path>
         <kind>archive</kind>
         <file>rts430.lib</file>
         <name>rand.obj</name>
      </input_file>
      <input_file id="fl-34">
         <path>C:\ti\ccsv5\tools\compiler\msp430_4.2.1\lib\</path>
         <kind>archive</kind>
         <file>rts430.lib</file>
         <name>strlen.obj</name>
      </input_file>
      <input_file id="fl-35">
         <path>C:\ti\ccsv5\tools\compiler\msp430_4.2.1\lib\</path>
         <kind>archive</kind>
         <file>rts430.lib</file>
         <name>_lock.obj</name>
      </input_file>
      <input_file id="fl-36">
         <path>C:\ti\ccsv5\tools\compiler\msp430_4.2.1\lib\</path>
         <kind>archive</kind>
         <file>rts430.lib</file>
         <name>args_main.obj</name>
      </input_file>
      <input_file id="fl-37">
         <path>C:\ti\ccsv5\tools\compiler\msp430_4.2.1\lib\</path>
         <kind>archive</kind>
         <file>rts430.lib</file>
         <name>autoinit.obj</name>
      </input_file>
      <input_file id="fl-38">
         <path>C:\ti\ccsv5\tools\compiler\msp430_4.2.1\lib\</path>
         <kind>archive</kind>
         <file>rts430.lib</file>
         <name>mult32.obj</name>
      </input_file>
   </input_file_list>
   <object_component_list>
      <object_component id="oc-3d">
         <name>.bss</name>
         <uninitialized>true</uninitialized>
         <run_address>0x268</run_address>
         <size>0xe</size>
         <input_file_ref idref="fl-3"/>
      </object_component>
      <object_component id="oc-44">
         <name>.bss</name>
         <uninitialized>true</uninitialized>
         <run_address>0x250</run_address>
         <size>0x18</size>
         <input_file_ref idref="fl-5"/>
      </object_component>
      <object_component id="oc-4a">
         <name>.bss</name>
         <uninitialized>true</uninitialized>
         <run_address>0x292</run_address>
         <size>0x2</size>
         <input_file_ref idref="fl-6"/>
      </object_component>
      <object_component id="oc-4f">
         <name>.bss</name>
         <uninitialized>true</uninitialized>
         <run_address>0x27e</run_address>
         <size>0x6</size>
         <input_file_ref idref="fl-7"/>
      </object_component>
      <object_component id="oc-54">
         <name>.bss</name>
         <uninitialized>true</uninitialized>
         <run_address>0x290</run_address>
         <size>0x2</size>
         <input_file_ref idref="fl-8"/>
      </object_component>
      <object_component id="oc-59">
         <name>.bss</name>
         <uninitialized>true</uninitialized>
         <run_address>0x288</run_address>
         <size>0x4</size>
         <input_file_ref idref="fl-22"/>
      </object_component>
      <object_component id="oc-92">
         <name>.bss</name>
         <uninitialized>true</uninitialized>
         <run_address>0x276</run_address>
         <size>0x8</size>
         <input_file_ref idref="fl-30"/>
      </object_component>
      <object_component id="oc-a1">
         <name>.bss</name>
         <uninitialized>true</uninitialized>
         <run_address>0x28c</run_address>
         <size>0x4</size>
         <input_file_ref idref="fl-33"/>
      </object_component>
      <object_component id="oc-ab">
         <name>.bss</name>
         <uninitialized>true</uninitialized>
         <run_address>0x284</run_address>
         <size>0x4</size>
         <input_file_ref idref="fl-35"/>
      </object_component>
      <object_component id="oc-95">
         <name>.sysmem</name>
         <uninitialized>true</uninitialized>
         <run_address>0x200</run_address>
         <size>0x4</size>
         <input_file_ref idref="fl-30"/>
      </object_component>
      <object_component id="oc-130">
         <name>.sysmem</name>
         <uninitialized>true</uninitialized>
         <run_address>0x200</run_address>
         <size>0x0</size>
      </object_component>
      <object_component id="oc-5b">
         <name>.stack</name>
         <uninitialized>true</uninitialized>
         <run_address>0x5b0</run_address>
         <size>0x2</size>
         <input_file_ref idref="fl-22"/>
      </object_component>
      <object_component id="oc-12f">
         <name>.stack</name>
         <uninitialized>true</uninitialized>
         <run_address>0x5b0</run_address>
         <size>0x0</size>
      </object_component>
      <object_component id="oc-ed">
         <name>.text:drawBall</name>
         <load_address>0x8000</load_address>
         <run_address>0x8000</run_address>
         <size>0x3c6</size>
         <input_file_ref idref="fl-2"/>
      </object_component>
      <object_component id="oc-f7">
         <name>.text:lcd_point</name>
         <load_address>0x83c6</load_address>
         <run_address>0x83c6</run_address>
         <size>0x246</size>
         <input_file_ref idref="fl-7"/>
      </object_component>
      <object_component id="oc-f1">
         <name>.text:my_printfi</name>
         <load_address>0x860c</load_address>
         <run_address>0x860c</run_address>
         <size>0x244</size>
         <input_file_ref idref="fl-7"/>
      </object_component>
      <object_component id="oc-d8">
         <name>.text:MOVE_BALL_event</name>
         <load_address>0x8850</load_address>
         <run_address>0x8850</run_address>
         <size>0x1b0</size>
         <input_file_ref idref="fl-5"/>
      </object_component>
      <object_component id="oc-ca">
         <name>.text:lcd_init</name>
         <load_address>0x8a00</load_address>
         <run_address>0x8a00</run_address>
         <size>0x146</size>
         <input_file_ref idref="fl-7"/>
      </object_component>
      <object_component id="oc-f0">
         <name>.text:lcd_putchar</name>
         <load_address>0x8b46</load_address>
         <run_address>0x8b46</run_address>
         <size>0x132</size>
         <input_file_ref idref="fl-7"/>
      </object_component>
      <object_component id="oc-73">
         <name>.text</name>
         <load_address>0x8c78</load_address>
         <run_address>0x8c78</run_address>
         <size>0x130</size>
         <input_file_ref idref="fl-28"/>
      </object_component>
      <object_component id="oc-c4">
         <name>.text:main</name>
         <load_address>0x8da8</load_address>
         <run_address>0x8da8</run_address>
         <size>0x11a</size>
         <input_file_ref idref="fl-6"/>
      </object_component>
      <object_component id="oc-e1">
         <name>.text:lcd_bitImage</name>
         <load_address>0x8ec2</load_address>
         <run_address>0x8ec2</run_address>
         <size>0xde</size>
         <input_file_ref idref="fl-7"/>
      </object_component>
      <object_component id="oc-d3">
         <name>.text:START_GAME_event</name>
         <load_address>0x8fa0</load_address>
         <run_address>0x8fa0</run_address>
         <size>0xd4</size>
         <input_file_ref idref="fl-5"/>
      </object_component>
      <object_component id="oc-ea">
         <name>.text:lcd_wordImage</name>
         <load_address>0x9074</load_address>
         <run_address>0x9074</run_address>
         <size>0xd4</size>
         <input_file_ref idref="fl-7"/>
      </object_component>
      <object_component id="oc-c9">
         <name>.text:RBX430_init</name>
         <load_address>0x9148</load_address>
         <run_address>0x9148</run_address>
         <size>0xbe</size>
         <input_file_ref idref="fl-8"/>
      </object_component>
      <object_component id="oc-ef">
         <name>.text:ADC_read</name>
         <load_address>0x9206</load_address>
         <run_address>0x9206</run_address>
         <size>0xbc</size>
         <input_file_ref idref="fl-8"/>
      </object_component>
      <object_component id="oc-f5">
         <name>.text:malloc</name>
         <load_address>0x92c2</load_address>
         <run_address>0x92c2</run_address>
         <size>0xa8</size>
         <input_file_ref idref="fl-30"/>
      </object_component>
      <object_component id="oc-c0">
         <name>.text:WDT_ISR</name>
         <load_address>0x936a</load_address>
         <run_address>0x936a</run_address>
         <size>0xa6</size>
         <input_file_ref idref="fl-3"/>
      </object_component>
      <object_component id="oc-77">
         <name>.text</name>
         <load_address>0x9410</load_address>
         <run_address>0x9410</run_address>
         <size>0x9a</size>
         <input_file_ref idref="fl-29"/>
      </object_component>
      <object_component id="oc-dc">
         <name>.text:free</name>
         <load_address>0x94aa</load_address>
         <run_address>0x94aa</run_address>
         <size>0x80</size>
         <input_file_ref idref="fl-30"/>
      </object_component>
      <object_component id="oc-c6">
         <name>.text:ERROR2</name>
         <load_address>0x952a</load_address>
         <run_address>0x952a</run_address>
         <size>0x76</size>
         <input_file_ref idref="fl-8"/>
      </object_component>
      <object_component id="oc-d7">
         <name>.text:ADC_READ_event</name>
         <load_address>0x95a0</load_address>
         <run_address>0x95a0</run_address>
         <size>0x72</size>
         <input_file_ref idref="fl-5"/>
      </object_component>
      <object_component id="oc-d0">
         <name>.text:END_GAME_event</name>
         <load_address>0x9612</load_address>
         <run_address>0x9612</run_address>
         <size>0x72</size>
         <input_file_ref idref="fl-5"/>
      </object_component>
      <object_component id="oc-e6">
         <name>.text:drawPaddle</name>
         <load_address>0x9684</load_address>
         <run_address>0x9684</run_address>
         <size>0x6c</size>
         <input_file_ref idref="fl-2"/>
      </object_component>
      <object_component id="oc-d4">
         <name>.text:NEW_GAME_event</name>
         <load_address>0x96f0</load_address>
         <run_address>0x96f0</run_address>
         <size>0x68</size>
         <input_file_ref idref="fl-5"/>
      </object_component>
      <object_component id="oc-7f">
         <name>.text</name>
         <load_address>0x9758</load_address>
         <run_address>0x9758</run_address>
         <size>0x68</size>
         <input_file_ref idref="fl-2b"/>
      </object_component>
      <object_component id="oc-f9">
         <name>.text:lcd_WD</name>
         <load_address>0x97c0</load_address>
         <run_address>0x97c0</run_address>
         <size>0x5e</size>
         <input_file_ref idref="fl-7"/>
      </object_component>
      <object_component id="oc-87">
         <name>.text</name>
         <load_address>0x981e</load_address>
         <run_address>0x981e</run_address>
         <size>0x4c</size>
         <input_file_ref idref="fl-2d"/>
      </object_component>
      <object_component id="oc-fa">
         <name>.text:lcd_WD2</name>
         <load_address>0x986a</load_address>
         <run_address>0x986a</run_address>
         <size>0x4a</size>
         <input_file_ref idref="fl-7"/>
      </object_component>
      <object_component id="oc-c3">
         <name>.text:_auto_init</name>
         <load_address>0x98b4</load_address>
         <run_address>0x98b4</run_address>
         <size>0x48</size>
         <input_file_ref idref="fl-37"/>
      </object_component>
      <object_component id="oc-d9">
         <name>.text:DelayMs</name>
         <load_address>0x98fc</load_address>
         <run_address>0x98fc</run_address>
         <size>0x46</size>
         <input_file_ref idref="fl-7"/>
      </object_component>
      <object_component id="oc-d6">
         <name>.text:LCD_UPDATE_event</name>
         <load_address>0x9942</load_address>
         <run_address>0x9942</run_address>
         <size>0x44</size>
         <input_file_ref idref="fl-5"/>
      </object_component>
      <object_component id="oc-e5">
         <name>.text:new_paddle</name>
         <load_address>0x9986</load_address>
         <run_address>0x9986</run_address>
         <size>0x44</size>
         <input_file_ref idref="fl-5"/>
      </object_component>
      <object_component id="oc-d1">
         <name>.text:MISSED_BALL_event</name>
         <load_address>0x99ca</load_address>
         <run_address>0x99ca</run_address>
         <size>0x3e</size>
         <input_file_ref idref="fl-5"/>
      </object_component>
      <object_component id="oc-d5">
         <name>.text:NEW_RALLY_event</name>
         <load_address>0x9a08</load_address>
         <run_address>0x9a08</run_address>
         <size>0x3e</size>
         <input_file_ref idref="fl-5"/>
      </object_component>
      <object_component id="oc-103">
         <name>.text:ReadDataWord</name>
         <load_address>0x9a46</load_address>
         <run_address>0x9a46</run_address>
         <size>0x38</size>
         <input_file_ref idref="fl-7"/>
      </object_component>
      <object_component id="oc-101">
         <name>.text:minit</name>
         <load_address>0x9a7e</load_address>
         <run_address>0x9a7e</run_address>
         <size>0x38</size>
         <input_file_ref idref="fl-30"/>
      </object_component>
      <object_component id="oc-ec">
         <name>.text:new_ball</name>
         <load_address>0x9ab6</load_address>
         <run_address>0x9ab6</run_address>
         <size>0x38</size>
         <input_file_ref idref="fl-5"/>
      </object_component>
      <object_component id="oc-ee">
         <name>.text:rand</name>
         <load_address>0x9aee</load_address>
         <run_address>0x9aee</run_address>
         <size>0x38</size>
         <input_file_ref idref="fl-33"/>
      </object_component>
      <object_component id="oc-7b">
         <name>.text</name>
         <load_address>0x9b26</load_address>
         <run_address>0x9b26</run_address>
         <size>0x36</size>
         <input_file_ref idref="fl-2a"/>
      </object_component>
      <object_component id="oc-f4">
         <name>.text:WriteDataWord</name>
         <load_address>0x9b5c</load_address>
         <run_address>0x9b5c</run_address>
         <size>0x34</size>
         <input_file_ref idref="fl-7"/>
      </object_component>
      <object_component id="oc-f3">
         <name>.text:lcd_set_x_y</name>
         <load_address>0x9b90</load_address>
         <run_address>0x9b90</run_address>
         <size>0x34</size>
         <input_file_ref idref="fl-7"/>
      </object_component>
      <object_component id="oc-cb">
         <name>.text:port1_init</name>
         <load_address>0x9bc4</load_address>
         <run_address>0x9bc4</run_address>
         <size>0x32</size>
         <input_file_ref idref="fl-3"/>
      </object_component>
      <object_component id="oc-dd">
         <name>.text:lcd_cursor</name>
         <load_address>0x9bf6</load_address>
         <run_address>0x9bf6</run_address>
         <size>0x30</size>
         <input_file_ref idref="fl-7"/>
      </object_component>
      <object_component id="oc-f2">
         <name>.text:lcd_set</name>
         <load_address>0x9c26</load_address>
         <run_address>0x9c26</run_address>
         <size>0x2e</size>
         <input_file_ref idref="fl-7"/>
      </object_component>
      <object_component id="oc-e7">
         <name>.text:lcd_volume</name>
         <load_address>0x9c54</load_address>
         <run_address>0x9c54</run_address>
         <size>0x2c</size>
         <input_file_ref idref="fl-7"/>
      </object_component>
      <object_component id="oc-83">
         <name>.text</name>
         <load_address>0x9c80</load_address>
         <run_address>0x9c80</run_address>
         <size>0x2c</size>
         <input_file_ref idref="fl-2c"/>
      </object_component>
      <object_component id="oc-38">
         <name>.text:_c_int00_noexit</name>
         <load_address>0x9cac</load_address>
         <run_address>0x9cac</run_address>
         <size>0x26</size>
         <input_file_ref idref="fl-22"/>
      </object_component>
      <object_component id="oc-b8">
         <name>.text</name>
         <load_address>0x9cd2</load_address>
         <run_address>0x9cd2</run_address>
         <size>0x26</size>
         <input_file_ref idref="fl-38"/>
      </object_component>
      <object_component id="oc-f6">
         <name>.text:lcd_fillImage</name>
         <load_address>0x9cf8</load_address>
         <run_address>0x9cf8</run_address>
         <size>0x24</size>
         <input_file_ref idref="fl-7"/>
      </object_component>
      <object_component id="oc-de">
         <name>.text:lcd_printf</name>
         <load_address>0x9d1c</load_address>
         <run_address>0x9d1c</run_address>
         <size>0x24</size>
         <input_file_ref idref="fl-7"/>
      </object_component>
      <object_component id="oc-bd">
         <name>.text:ISR_trap</name>
         <load_address>0x9d40</load_address>
         <run_address>0x9d40</run_address>
         <size>0x22</size>
         <input_file_ref idref="fl-3"/>
      </object_component>
      <object_component id="oc-cd">
         <name>.text:watchdog_init</name>
         <load_address>0x9d62</load_address>
         <run_address>0x9d62</run_address>
         <size>0x22</size>
         <input_file_ref idref="fl-3"/>
      </object_component>
      <object_component id="oc-102">
         <name>.text:ReadData</name>
         <load_address>0x9d84</load_address>
         <run_address>0x9d84</run_address>
         <size>0x20</size>
         <input_file_ref idref="fl-7"/>
      </object_component>
      <object_component id="oc-bf">
         <name>.text:TIMERA1_ISR</name>
         <load_address>0x9da4</load_address>
         <run_address>0x9da4</run_address>
         <size>0x1e</size>
         <input_file_ref idref="fl-3"/>
      </object_component>
      <object_component id="oc-da">
         <name>.text:WriteCmd</name>
         <load_address>0x9dc2</load_address>
         <run_address>0x9dc2</run_address>
         <size>0x1e</size>
         <input_file_ref idref="fl-7"/>
      </object_component>
      <object_component id="oc-db">
         <name>.text:WriteData</name>
         <load_address>0x9de0</load_address>
         <run_address>0x9de0</run_address>
         <size>0x1e</size>
         <input_file_ref idref="fl-7"/>
      </object_component>
      <object_component id="oc-eb">
         <name>.text:lcd_mode</name>
         <load_address>0x9dfe</load_address>
         <run_address>0x9dfe</run_address>
         <size>0x1e</size>
         <input_file_ref idref="fl-7"/>
      </object_component>
      <object_component id="oc-cf">
         <name>.text:timerB_init</name>
         <load_address>0x9e1c</load_address>
         <run_address>0x9e1c</run_address>
         <size>0x1a</size>
         <input_file_ref idref="fl-3"/>
      </object_component>
      <object_component id="oc-d2">
         <name>.text:SWITCH_1_event</name>
         <load_address>0x9e36</load_address>
         <run_address>0x9e36</run_address>
         <size>0x16</size>
         <input_file_ref idref="fl-5"/>
      </object_component>
      <object_component id="oc-e8">
         <name>.text:lcd_backlight</name>
         <load_address>0x9e4c</load_address>
         <run_address>0x9e4c</run_address>
         <size>0x14</size>
         <input_file_ref idref="fl-7"/>
      </object_component>
      <object_component id="oc-99">
         <name>.text</name>
         <load_address>0x9e60</load_address>
         <run_address>0x9e60</run_address>
         <size>0x14</size>
         <input_file_ref idref="fl-31"/>
      </object_component>
      <object_component id="oc-fc">
         <name>.text:l_lsr</name>
         <load_address>0x9e74</load_address>
         <run_address>0x9e74</run_address>
         <size>0x12</size>
         <input_file_ref idref="fl-2e"/>
      </object_component>
      <object_component id="oc-c7">
         <name>.text:memcpy</name>
         <load_address>0x9e86</load_address>
         <run_address>0x9e86</run_address>
         <size>0x12</size>
         <input_file_ref idref="fl-2f"/>
      </object_component>
      <object_component id="oc-ce">
         <name>.text:timerA_init</name>
         <load_address>0x9e98</load_address>
         <run_address>0x9e98</run_address>
         <size>0x12</size>
         <input_file_ref idref="fl-3"/>
      </object_component>
      <object_component id="oc-c8">
         <name>.text</name>
         <load_address>0x9eaa</load_address>
         <run_address>0x9eaa</run_address>
         <size>0x10</size>
         <input_file_ref idref="fl-26"/>
      </object_component>
      <object_component id="oc-bc">
         <name>.text:Port_1_ISR</name>
         <load_address>0x9eba</load_address>
         <run_address>0x9eba</run_address>
         <size>0xe</size>
         <input_file_ref idref="fl-3"/>
      </object_component>
      <object_component id="oc-ff">
         <name>.text:strlen</name>
         <load_address>0x9ec8</load_address>
         <run_address>0x9ec8</run_address>
         <size>0xe</size>
         <input_file_ref idref="fl-34"/>
      </object_component>
      <object_component id="oc-df">
         <name>.text:lcd_clear</name>
         <load_address>0x9ed6</load_address>
         <run_address>0x9ed6</run_address>
         <size>0xa</size>
         <input_file_ref idref="fl-7"/>
      </object_component>
      <object_component id="oc-be">
         <name>.text:ADC10_ISR</name>
         <load_address>0x9ee0</load_address>
         <run_address>0x9ee0</run_address>
         <size>0x8</size>
         <input_file_ref idref="fl-8"/>
      </object_component>
      <object_component id="oc-cc">
         <name>.text:ADC_init</name>
         <load_address>0x9ee8</load_address>
         <run_address>0x9ee8</run_address>
         <size>0x4</size>
         <input_file_ref idref="fl-8"/>
      </object_component>
      <object_component id="oc-c2">
         <name>.text:_system_pre_init</name>
         <load_address>0x9eec</load_address>
         <run_address>0x9eec</run_address>
         <size>0x4</size>
         <input_file_ref idref="fl-32"/>
      </object_component>
      <object_component id="oc-c5">
         <name>.text:abort</name>
         <load_address>0x9ef0</load_address>
         <run_address>0x9ef0</run_address>
         <size>0x4</size>
         <input_file_ref idref="fl-27"/>
      </object_component>
      <object_component id="oc-c1">
         <name>.text:_nop</name>
         <load_address>0x9ef4</load_address>
         <run_address>0x9ef4</run_address>
         <size>0x2</size>
         <input_file_ref idref="fl-35"/>
      </object_component>
      <object_component id="oc-a3">
         <name>.cinit</name>
         <load_address>0xad52</load_address>
         <run_address>0xad52</run_address>
         <size>0x8</size>
         <input_file_ref idref="fl-33"/>
      </object_component>
      <object_component id="oc-94">
         <name>.cinit</name>
         <load_address>0xad5a</load_address>
         <run_address>0xad5a</run_address>
         <size>0x6</size>
         <input_file_ref idref="fl-30"/>
      </object_component>
      <object_component id="oc-e9">
         <name>.const:pong_image</name>
         <load_address>0x9ef6</load_address>
         <run_address>0x9ef6</run_address>
         <size>0xa12</size>
         <input_file_ref idref="fl-4"/>
      </object_component>
      <object_component id="oc-f8">
         <name>.const:cs</name>
         <load_address>0xa908</load_address>
         <run_address>0xa908</run_address>
         <size>0x1e0</size>
         <input_file_ref idref="fl-7"/>
      </object_component>
      <object_component id="oc-100">
         <name>.const:.string:dv3</name>
         <load_address>0xaae8</load_address>
         <run_address>0xaae8</run_address>
         <size>0xa2</size>
         <input_file_ref idref="fl-7"/>
      </object_component>
      <object_component id="oc-e4">
         <name>.const:.string:go</name>
         <load_address>0xab8a</load_address>
         <run_address>0xab8a</run_address>
         <size>0x80</size>
         <input_file_ref idref="fl-4"/>
      </object_component>
      <object_component id="oc-e3">
         <name>.const:.string:one</name>
         <load_address>0xac0a</load_address>
         <run_address>0xac0a</run_address>
         <size>0x41</size>
         <input_file_ref idref="fl-4"/>
      </object_component>
      <object_component id="oc-e0">
         <name>.const:.string:three</name>
         <load_address>0xac4c</load_address>
         <run_address>0xac4c</run_address>
         <size>0x41</size>
         <input_file_ref idref="fl-4"/>
      </object_component>
      <object_component id="oc-e2">
         <name>.const:.string:two</name>
         <load_address>0xac8e</load_address>
         <run_address>0xac8e</run_address>
         <size>0x41</size>
         <input_file_ref idref="fl-4"/>
      </object_component>
      <object_component id="oc-fb">
         <name>.const:dv$3</name>
         <load_address>0xacd0</load_address>
         <run_address>0xacd0</run_address>
         <size>0x2c</size>
         <input_file_ref idref="fl-7"/>
      </object_component>
      <object_component id="oc-46">
         <name>.const:.string</name>
         <load_address>0xacfc</load_address>
         <run_address>0xacfc</run_address>
         <size>0x26</size>
         <input_file_ref idref="fl-5"/>
      </object_component>
      <object_component id="oc-fd">
         <name>.const:.string:lHexChar$1</name>
         <load_address>0xad22</load_address>
         <run_address>0xad22</run_address>
         <size>0x11</size>
         <input_file_ref idref="fl-7"/>
      </object_component>
      <object_component id="oc-fe">
         <name>.const:.string:uHexChar$2</name>
         <load_address>0xad34</load_address>
         <run_address>0xad34</run_address>
         <size>0x11</size>
         <input_file_ref idref="fl-7"/>
      </object_component>
      <object_component id="oc-104">
         <name>.const:px_off</name>
         <load_address>0xad46</load_address>
         <run_address>0xad46</run_address>
         <size>0x6</size>
         <input_file_ref idref="fl-7"/>
      </object_component>
      <object_component id="oc-105">
         <name>.const:px_on</name>
         <load_address>0xad4c</load_address>
         <run_address>0xad4c</run_address>
         <size>0x6</size>
         <input_file_ref idref="fl-7"/>
      </object_component>
      <object_component id="oc-2d">
         <name>.int02</name>
         <load_address>0xffe4</load_address>
         <run_address>0xffe4</run_address>
         <size>0x2</size>
         <input_file_ref idref="fl-3"/>
      </object_component>
      <object_component id="oc-2e">
         <name>.int03</name>
         <load_address>0xffe6</load_address>
         <run_address>0xffe6</run_address>
         <size>0x2</size>
         <input_file_ref idref="fl-3"/>
      </object_component>
      <object_component id="oc-2f">
         <name>.int05</name>
         <load_address>0xffea</load_address>
         <run_address>0xffea</run_address>
         <size>0x2</size>
         <input_file_ref idref="fl-8"/>
      </object_component>
      <object_component id="oc-30">
         <name>.int06</name>
         <load_address>0xffec</load_address>
         <run_address>0xffec</run_address>
         <size>0x2</size>
         <input_file_ref idref="fl-3"/>
      </object_component>
      <object_component id="oc-31">
         <name>.int07</name>
         <load_address>0xffee</load_address>
         <run_address>0xffee</run_address>
         <size>0x2</size>
         <input_file_ref idref="fl-3"/>
      </object_component>
      <object_component id="oc-32">
         <name>.int08</name>
         <load_address>0xfff0</load_address>
         <run_address>0xfff0</run_address>
         <size>0x2</size>
         <input_file_ref idref="fl-3"/>
      </object_component>
      <object_component id="oc-33">
         <name>.int09</name>
         <load_address>0xfff2</load_address>
         <run_address>0xfff2</run_address>
         <size>0x2</size>
         <input_file_ref idref="fl-3"/>
      </object_component>
      <object_component id="oc-34">
         <name>.int10</name>
         <load_address>0xfff4</load_address>
         <run_address>0xfff4</run_address>
         <size>0x2</size>
         <input_file_ref idref="fl-3"/>
      </object_component>
      <object_component id="oc-35">
         <name>.int12</name>
         <load_address>0xfff8</load_address>
         <run_address>0xfff8</run_address>
         <size>0x2</size>
         <input_file_ref idref="fl-3"/>
      </object_component>
      <object_component id="oc-36">
         <name>.int13</name>
         <load_address>0xfffa</load_address>
         <run_address>0xfffa</run_address>
         <size>0x2</size>
         <input_file_ref idref="fl-3"/>
      </object_component>
      <object_component id="oc-37">
         <name>.int14</name>
         <load_address>0xfffc</load_address>
         <run_address>0xfffc</run_address>
         <size>0x2</size>
         <input_file_ref idref="fl-3"/>
      </object_component>
      <object_component id="oc-5c">
         <name>.reset</name>
         <load_address>0xfffe</load_address>
         <run_address>0xfffe</run_address>
         <size>0x2</size>
         <input_file_ref idref="fl-22"/>
      </object_component>
      <object_component id="oc-39">
         <name>.debug_info</name>
         <load_address>0x0</load_address>
         <run_address>0x0</run_address>
         <size>0x837</size>
         <input_file_ref idref="fl-2"/>
      </object_component>
      <object_component id="oc-3e">
         <name>.debug_info</name>
         <load_address>0x837</load_address>
         <run_address>0x837</run_address>
         <size>0x79c</size>
         <input_file_ref idref="fl-3"/>
      </object_component>
      <object_component id="oc-42">
         <name>.debug_info</name>
         <load_address>0xfd3</load_address>
         <run_address>0xfd3</run_address>
         <size>0x27f</size>
         <input_file_ref idref="fl-4"/>
      </object_component>
      <object_component id="oc-45">
         <name>.debug_info</name>
         <load_address>0x1252</load_address>
         <run_address>0x1252</run_address>
         <size>0xef7</size>
         <input_file_ref idref="fl-5"/>
      </object_component>
      <object_component id="oc-4b">
         <name>.debug_info</name>
         <load_address>0x2149</load_address>
         <run_address>0x2149</run_address>
         <size>0x7ee</size>
         <input_file_ref idref="fl-6"/>
      </object_component>
      <object_component id="oc-50">
         <name>.debug_info</name>
         <load_address>0x2937</load_address>
         <run_address>0x2937</run_address>
         <size>0x1b7f</size>
         <input_file_ref idref="fl-7"/>
      </object_component>
      <object_component id="oc-55">
         <name>.debug_info</name>
         <load_address>0x44b6</load_address>
         <run_address>0x44b6</run_address>
         <size>0x806</size>
         <input_file_ref idref="fl-8"/>
      </object_component>
      <object_component id="oc-5a">
         <name>.debug_info</name>
         <load_address>0x4cbc</load_address>
         <run_address>0x4cbc</run_address>
         <size>0x443</size>
         <input_file_ref idref="fl-22"/>
      </object_component>
      <object_component id="oc-60">
         <name>.debug_info</name>
         <load_address>0x50ff</load_address>
         <run_address>0x50ff</run_address>
         <size>0x261</size>
         <input_file_ref idref="fl-23"/>
      </object_component>
      <object_component id="oc-64">
         <name>.debug_info</name>
         <load_address>0x5360</load_address>
         <run_address>0x5360</run_address>
         <size>0x212</size>
         <input_file_ref idref="fl-24"/>
      </object_component>
      <object_component id="oc-68">
         <name>.debug_info</name>
         <load_address>0x5572</load_address>
         <run_address>0x5572</run_address>
         <size>0x228</size>
         <input_file_ref idref="fl-25"/>
      </object_component>
      <object_component id="oc-6c">
         <name>.debug_info</name>
         <load_address>0x579a</load_address>
         <run_address>0x579a</run_address>
         <size>0xc0</size>
         <input_file_ref idref="fl-26"/>
      </object_component>
      <object_component id="oc-6f">
         <name>.debug_info</name>
         <load_address>0x585a</load_address>
         <run_address>0x585a</run_address>
         <size>0x28e</size>
         <input_file_ref idref="fl-27"/>
      </object_component>
      <object_component id="oc-74">
         <name>.debug_info</name>
         <load_address>0x5ae8</load_address>
         <run_address>0x5ae8</run_address>
         <size>0xbb</size>
         <input_file_ref idref="fl-28"/>
      </object_component>
      <object_component id="oc-78">
         <name>.debug_info</name>
         <load_address>0x5ba3</load_address>
         <run_address>0x5ba3</run_address>
         <size>0xbb</size>
         <input_file_ref idref="fl-29"/>
      </object_component>
      <object_component id="oc-7c">
         <name>.debug_info</name>
         <load_address>0x5c5e</load_address>
         <run_address>0x5c5e</run_address>
         <size>0xc4</size>
         <input_file_ref idref="fl-2a"/>
      </object_component>
      <object_component id="oc-80">
         <name>.debug_info</name>
         <load_address>0x5d22</load_address>
         <run_address>0x5d22</run_address>
         <size>0xcd</size>
         <input_file_ref idref="fl-2b"/>
      </object_component>
      <object_component id="oc-84">
         <name>.debug_info</name>
         <load_address>0x5def</load_address>
         <run_address>0x5def</run_address>
         <size>0xb4</size>
         <input_file_ref idref="fl-2c"/>
      </object_component>
      <object_component id="oc-88">
         <name>.debug_info</name>
         <load_address>0x5ea3</load_address>
         <run_address>0x5ea3</run_address>
         <size>0xb4</size>
         <input_file_ref idref="fl-2d"/>
      </object_component>
      <object_component id="oc-8b">
         <name>.debug_info</name>
         <load_address>0x5f57</load_address>
         <run_address>0x5f57</run_address>
         <size>0xb4</size>
         <input_file_ref idref="fl-2e"/>
      </object_component>
      <object_component id="oc-8e">
         <name>.debug_info</name>
         <load_address>0x600b</load_address>
         <run_address>0x600b</run_address>
         <size>0x2a5</size>
         <input_file_ref idref="fl-2f"/>
      </object_component>
      <object_component id="oc-93">
         <name>.debug_info</name>
         <load_address>0x62b0</load_address>
         <run_address>0x62b0</run_address>
         <size>0x56d</size>
         <input_file_ref idref="fl-30"/>
      </object_component>
      <object_component id="oc-9a">
         <name>.debug_info</name>
         <load_address>0x681d</load_address>
         <run_address>0x681d</run_address>
         <size>0xb7</size>
         <input_file_ref idref="fl-31"/>
      </object_component>
      <object_component id="oc-9d">
         <name>.debug_info</name>
         <load_address>0x68d4</load_address>
         <run_address>0x68d4</run_address>
         <size>0x220</size>
         <input_file_ref idref="fl-32"/>
      </object_component>
      <object_component id="oc-a2">
         <name>.debug_info</name>
         <load_address>0x6af4</load_address>
         <run_address>0x6af4</run_address>
         <size>0x263</size>
         <input_file_ref idref="fl-33"/>
      </object_component>
      <object_component id="oc-a7">
         <name>.debug_info</name>
         <load_address>0x6d57</load_address>
         <run_address>0x6d57</run_address>
         <size>0x293</size>
         <input_file_ref idref="fl-34"/>
      </object_component>
      <object_component id="oc-ac">
         <name>.debug_info</name>
         <load_address>0x6fea</load_address>
         <run_address>0x6fea</run_address>
         <size>0x23c</size>
         <input_file_ref idref="fl-35"/>
      </object_component>
      <object_component id="oc-b0">
         <name>.debug_info</name>
         <load_address>0x7226</load_address>
         <run_address>0x7226</run_address>
         <size>0x26b</size>
         <input_file_ref idref="fl-36"/>
      </object_component>
      <object_component id="oc-b4">
         <name>.debug_info</name>
         <load_address>0x7491</load_address>
         <run_address>0x7491</run_address>
         <size>0x32c</size>
         <input_file_ref idref="fl-37"/>
      </object_component>
      <object_component id="oc-b9">
         <name>.debug_info</name>
         <load_address>0x77bd</load_address>
         <run_address>0x77bd</run_address>
         <size>0xb7</size>
         <input_file_ref idref="fl-38"/>
      </object_component>
      <object_component id="oc-131">
         <name>.debug_info</name>
         <load_address>0x7874</load_address>
         <run_address>0x7874</run_address>
         <size>0x6a</size>
      </object_component>
      <object_component id="oc-3a">
         <name>.debug_frame</name>
         <load_address>0x0</load_address>
         <run_address>0x0</run_address>
         <size>0x7c</size>
         <input_file_ref idref="fl-2"/>
      </object_component>
      <object_component id="oc-3f">
         <name>.debug_frame</name>
         <load_address>0x7c</load_address>
         <run_address>0x7c</run_address>
         <size>0x11a</size>
         <input_file_ref idref="fl-3"/>
      </object_component>
      <object_component id="oc-47">
         <name>.debug_frame</name>
         <load_address>0x196</load_address>
         <run_address>0x196</run_address>
         <size>0x153</size>
         <input_file_ref idref="fl-5"/>
      </object_component>
      <object_component id="oc-4c">
         <name>.debug_frame</name>
         <load_address>0x2e9</load_address>
         <run_address>0x2e9</run_address>
         <size>0x48</size>
         <input_file_ref idref="fl-6"/>
      </object_component>
      <object_component id="oc-51">
         <name>.debug_frame</name>
         <load_address>0x331</load_address>
         <run_address>0x331</run_address>
         <size>0x303</size>
         <input_file_ref idref="fl-7"/>
      </object_component>
      <object_component id="oc-56">
         <name>.debug_frame</name>
         <load_address>0x634</load_address>
         <run_address>0x634</run_address>
         <size>0xa6</size>
         <input_file_ref idref="fl-8"/>
      </object_component>
      <object_component id="oc-5d">
         <name>.debug_frame</name>
         <load_address>0x6da</load_address>
         <run_address>0x6da</run_address>
         <size>0x42</size>
         <input_file_ref idref="fl-22"/>
      </object_component>
      <object_component id="oc-61">
         <name>.debug_frame</name>
         <load_address>0x71c</load_address>
         <run_address>0x71c</run_address>
         <size>0x32</size>
         <input_file_ref idref="fl-23"/>
      </object_component>
      <object_component id="oc-65">
         <name>.debug_frame</name>
         <load_address>0x74e</load_address>
         <run_address>0x74e</run_address>
         <size>0x32</size>
         <input_file_ref idref="fl-24"/>
      </object_component>
      <object_component id="oc-69">
         <name>.debug_frame</name>
         <load_address>0x780</load_address>
         <run_address>0x780</run_address>
         <size>0x32</size>
         <input_file_ref idref="fl-25"/>
      </object_component>
      <object_component id="oc-70">
         <name>.debug_frame</name>
         <load_address>0x7b2</load_address>
         <run_address>0x7b2</run_address>
         <size>0x47</size>
         <input_file_ref idref="fl-27"/>
      </object_component>
      <object_component id="oc-8f">
         <name>.debug_frame</name>
         <load_address>0x7f9</load_address>
         <run_address>0x7f9</run_address>
         <size>0x47</size>
         <input_file_ref idref="fl-2f"/>
      </object_component>
      <object_component id="oc-96">
         <name>.debug_frame</name>
         <load_address>0x840</load_address>
         <run_address>0x840</run_address>
         <size>0x85</size>
         <input_file_ref idref="fl-30"/>
      </object_component>
      <object_component id="oc-9e">
         <name>.debug_frame</name>
         <load_address>0x8c5</load_address>
         <run_address>0x8c5</run_address>
         <size>0x47</size>
         <input_file_ref idref="fl-32"/>
      </object_component>
      <object_component id="oc-a4">
         <name>.debug_frame</name>
         <load_address>0x90c</load_address>
         <run_address>0x90c</run_address>
         <size>0x50</size>
         <input_file_ref idref="fl-33"/>
      </object_component>
      <object_component id="oc-a8">
         <name>.debug_frame</name>
         <load_address>0x95c</load_address>
         <run_address>0x95c</run_address>
         <size>0x47</size>
         <input_file_ref idref="fl-34"/>
      </object_component>
      <object_component id="oc-ad">
         <name>.debug_frame</name>
         <load_address>0x9a3</load_address>
         <run_address>0x9a3</run_address>
         <size>0x47</size>
         <input_file_ref idref="fl-35"/>
      </object_component>
      <object_component id="oc-b1">
         <name>.debug_frame</name>
         <load_address>0x9ea</load_address>
         <run_address>0x9ea</run_address>
         <size>0x32</size>
         <input_file_ref idref="fl-36"/>
      </object_component>
      <object_component id="oc-b5">
         <name>.debug_frame</name>
         <load_address>0xa1c</load_address>
         <run_address>0xa1c</run_address>
         <size>0x51</size>
         <input_file_ref idref="fl-37"/>
      </object_component>
      <object_component id="oc-3b">
         <name>.debug_line</name>
         <load_address>0x0</load_address>
         <run_address>0x0</run_address>
         <size>0x14e</size>
         <input_file_ref idref="fl-2"/>
      </object_component>
      <object_component id="oc-40">
         <name>.debug_line</name>
         <load_address>0x14e</load_address>
         <run_address>0x14e</run_address>
         <size>0x13b</size>
         <input_file_ref idref="fl-3"/>
      </object_component>
      <object_component id="oc-48">
         <name>.debug_line</name>
         <load_address>0x289</load_address>
         <run_address>0x289</run_address>
         <size>0x236</size>
         <input_file_ref idref="fl-5"/>
      </object_component>
      <object_component id="oc-4d">
         <name>.debug_line</name>
         <load_address>0x4bf</load_address>
         <run_address>0x4bf</run_address>
         <size>0xa7</size>
         <input_file_ref idref="fl-6"/>
      </object_component>
      <object_component id="oc-52">
         <name>.debug_line</name>
         <load_address>0x566</load_address>
         <run_address>0x566</run_address>
         <size>0x7c4</size>
         <input_file_ref idref="fl-7"/>
      </object_component>
      <object_component id="oc-57">
         <name>.debug_line</name>
         <load_address>0xd2a</load_address>
         <run_address>0xd2a</run_address>
         <size>0x153</size>
         <input_file_ref idref="fl-8"/>
      </object_component>
      <object_component id="oc-5e">
         <name>.debug_line</name>
         <load_address>0xe7d</load_address>
         <run_address>0xe7d</run_address>
         <size>0x42</size>
         <input_file_ref idref="fl-22"/>
      </object_component>
      <object_component id="oc-62">
         <name>.debug_line</name>
         <load_address>0xebf</load_address>
         <run_address>0xebf</run_address>
         <size>0x34</size>
         <input_file_ref idref="fl-23"/>
      </object_component>
      <object_component id="oc-66">
         <name>.debug_line</name>
         <load_address>0xef3</load_address>
         <run_address>0xef3</run_address>
         <size>0x33</size>
         <input_file_ref idref="fl-24"/>
      </object_component>
      <object_component id="oc-6a">
         <name>.debug_line</name>
         <load_address>0xf26</load_address>
         <run_address>0xf26</run_address>
         <size>0x2e</size>
         <input_file_ref idref="fl-25"/>
      </object_component>
      <object_component id="oc-6d">
         <name>.debug_line</name>
         <load_address>0xf54</load_address>
         <run_address>0xf54</run_address>
         <size>0x3d</size>
         <input_file_ref idref="fl-26"/>
      </object_component>
      <object_component id="oc-71">
         <name>.debug_line</name>
         <load_address>0xf91</load_address>
         <run_address>0xf91</run_address>
         <size>0x3a</size>
         <input_file_ref idref="fl-27"/>
      </object_component>
      <object_component id="oc-75">
         <name>.debug_line</name>
         <load_address>0xfcb</load_address>
         <run_address>0xfcb</run_address>
         <size>0xb7</size>
         <input_file_ref idref="fl-28"/>
      </object_component>
      <object_component id="oc-79">
         <name>.debug_line</name>
         <load_address>0x1082</load_address>
         <run_address>0x1082</run_address>
         <size>0x7f</size>
         <input_file_ref idref="fl-29"/>
      </object_component>
      <object_component id="oc-7d">
         <name>.debug_line</name>
         <load_address>0x1101</load_address>
         <run_address>0x1101</run_address>
         <size>0x52</size>
         <input_file_ref idref="fl-2a"/>
      </object_component>
      <object_component id="oc-81">
         <name>.debug_line</name>
         <load_address>0x1153</load_address>
         <run_address>0x1153</run_address>
         <size>0x65</size>
         <input_file_ref idref="fl-2b"/>
      </object_component>
      <object_component id="oc-85">
         <name>.debug_line</name>
         <load_address>0x11b8</load_address>
         <run_address>0x11b8</run_address>
         <size>0x4b</size>
         <input_file_ref idref="fl-2c"/>
      </object_component>
      <object_component id="oc-89">
         <name>.debug_line</name>
         <load_address>0x1203</load_address>
         <run_address>0x1203</run_address>
         <size>0x5b</size>
         <input_file_ref idref="fl-2d"/>
      </object_component>
      <object_component id="oc-8c">
         <name>.debug_line</name>
         <load_address>0x125e</load_address>
         <run_address>0x125e</run_address>
         <size>0x3f</size>
         <input_file_ref idref="fl-2e"/>
      </object_component>
      <object_component id="oc-90">
         <name>.debug_line</name>
         <load_address>0x129d</load_address>
         <run_address>0x129d</run_address>
         <size>0x42</size>
         <input_file_ref idref="fl-2f"/>
      </object_component>
      <object_component id="oc-97">
         <name>.debug_line</name>
         <load_address>0x12df</load_address>
         <run_address>0x12df</run_address>
         <size>0x113</size>
         <input_file_ref idref="fl-30"/>
      </object_component>
      <object_component id="oc-9b">
         <name>.debug_line</name>
         <load_address>0x13f2</load_address>
         <run_address>0x13f2</run_address>
         <size>0x3f</size>
         <input_file_ref idref="fl-31"/>
      </object_component>
      <object_component id="oc-9f">
         <name>.debug_line</name>
         <load_address>0x1431</load_address>
         <run_address>0x1431</run_address>
         <size>0x3b</size>
         <input_file_ref idref="fl-32"/>
      </object_component>
      <object_component id="oc-a5">
         <name>.debug_line</name>
         <load_address>0x146c</load_address>
         <run_address>0x146c</run_address>
         <size>0x3c</size>
         <input_file_ref idref="fl-33"/>
      </object_component>
      <object_component id="oc-a9">
         <name>.debug_line</name>
         <load_address>0x14a8</load_address>
         <run_address>0x14a8</run_address>
         <size>0x5a</size>
         <input_file_ref idref="fl-34"/>
      </object_component>
      <object_component id="oc-ae">
         <name>.debug_line</name>
         <load_address>0x1502</load_address>
         <run_address>0x1502</run_address>
         <size>0x35</size>
         <input_file_ref idref="fl-35"/>
      </object_component>
      <object_component id="oc-b2">
         <name>.debug_line</name>
         <load_address>0x1537</load_address>
         <run_address>0x1537</run_address>
         <size>0x29</size>
         <input_file_ref idref="fl-36"/>
      </object_component>
      <object_component id="oc-b6">
         <name>.debug_line</name>
         <load_address>0x1560</load_address>
         <run_address>0x1560</run_address>
         <size>0x5f</size>
         <input_file_ref idref="fl-37"/>
      </object_component>
      <object_component id="oc-ba">
         <name>.debug_line</name>
         <load_address>0x15bf</load_address>
         <run_address>0x15bf</run_address>
         <size>0x48</size>
         <input_file_ref idref="fl-38"/>
      </object_component>
      <object_component id="oc-3c">
         <name>.debug_abbrev</name>
         <load_address>0x0</load_address>
         <run_address>0x0</run_address>
         <size>0xc8</size>
         <input_file_ref idref="fl-2"/>
      </object_component>
      <object_component id="oc-41">
         <name>.debug_abbrev</name>
         <load_address>0xc8</load_address>
         <run_address>0xc8</run_address>
         <size>0xe9</size>
         <input_file_ref idref="fl-3"/>
      </object_component>
      <object_component id="oc-43">
         <name>.debug_abbrev</name>
         <load_address>0x1b1</load_address>
         <run_address>0x1b1</run_address>
         <size>0x6d</size>
         <input_file_ref idref="fl-4"/>
      </object_component>
      <object_component id="oc-49">
         <name>.debug_abbrev</name>
         <load_address>0x21e</load_address>
         <run_address>0x21e</run_address>
         <size>0x1ab</size>
         <input_file_ref idref="fl-5"/>
      </object_component>
      <object_component id="oc-4e">
         <name>.debug_abbrev</name>
         <load_address>0x3c9</load_address>
         <run_address>0x3c9</run_address>
         <size>0x103</size>
         <input_file_ref idref="fl-6"/>
      </object_component>
      <object_component id="oc-53">
         <name>.debug_abbrev</name>
         <load_address>0x4cc</load_address>
         <run_address>0x4cc</run_address>
         <size>0x21a</size>
         <input_file_ref idref="fl-7"/>
      </object_component>
      <object_component id="oc-58">
         <name>.debug_abbrev</name>
         <load_address>0x6e6</load_address>
         <run_address>0x6e6</run_address>
         <size>0x12e</size>
         <input_file_ref idref="fl-8"/>
      </object_component>
      <object_component id="oc-5f">
         <name>.debug_abbrev</name>
         <load_address>0x814</load_address>
         <run_address>0x814</run_address>
         <size>0x113</size>
         <input_file_ref idref="fl-22"/>
      </object_component>
      <object_component id="oc-63">
         <name>.debug_abbrev</name>
         <load_address>0x927</load_address>
         <run_address>0x927</run_address>
         <size>0xbc</size>
         <input_file_ref idref="fl-23"/>
      </object_component>
      <object_component id="oc-67">
         <name>.debug_abbrev</name>
         <load_address>0x9e3</load_address>
         <run_address>0x9e3</run_address>
         <size>0xbf</size>
         <input_file_ref idref="fl-24"/>
      </object_component>
      <object_component id="oc-6b">
         <name>.debug_abbrev</name>
         <load_address>0xaa2</load_address>
         <run_address>0xaa2</run_address>
         <size>0x94</size>
         <input_file_ref idref="fl-25"/>
      </object_component>
      <object_component id="oc-6e">
         <name>.debug_abbrev</name>
         <load_address>0xb36</load_address>
         <run_address>0xb36</run_address>
         <size>0x33</size>
         <input_file_ref idref="fl-26"/>
      </object_component>
      <object_component id="oc-72">
         <name>.debug_abbrev</name>
         <load_address>0xb69</load_address>
         <run_address>0xb69</run_address>
         <size>0xf3</size>
         <input_file_ref idref="fl-27"/>
      </object_component>
      <object_component id="oc-76">
         <name>.debug_abbrev</name>
         <load_address>0xc5c</load_address>
         <run_address>0xc5c</run_address>
         <size>0x35</size>
         <input_file_ref idref="fl-28"/>
      </object_component>
      <object_component id="oc-7a">
         <name>.debug_abbrev</name>
         <load_address>0xc91</load_address>
         <run_address>0xc91</run_address>
         <size>0x35</size>
         <input_file_ref idref="fl-29"/>
      </object_component>
      <object_component id="oc-7e">
         <name>.debug_abbrev</name>
         <load_address>0xcc6</load_address>
         <run_address>0xcc6</run_address>
         <size>0x35</size>
         <input_file_ref idref="fl-2a"/>
      </object_component>
      <object_component id="oc-82">
         <name>.debug_abbrev</name>
         <load_address>0xcfb</load_address>
         <run_address>0xcfb</run_address>
         <size>0x35</size>
         <input_file_ref idref="fl-2b"/>
      </object_component>
      <object_component id="oc-86">
         <name>.debug_abbrev</name>
         <load_address>0xd30</load_address>
         <run_address>0xd30</run_address>
         <size>0x35</size>
         <input_file_ref idref="fl-2c"/>
      </object_component>
      <object_component id="oc-8a">
         <name>.debug_abbrev</name>
         <load_address>0xd65</load_address>
         <run_address>0xd65</run_address>
         <size>0x35</size>
         <input_file_ref idref="fl-2d"/>
      </object_component>
      <object_component id="oc-8d">
         <name>.debug_abbrev</name>
         <load_address>0xd9a</load_address>
         <run_address>0xd9a</run_address>
         <size>0x35</size>
         <input_file_ref idref="fl-2e"/>
      </object_component>
      <object_component id="oc-91">
         <name>.debug_abbrev</name>
         <load_address>0xdcf</load_address>
         <run_address>0xdcf</run_address>
         <size>0xa2</size>
         <input_file_ref idref="fl-2f"/>
      </object_component>
      <object_component id="oc-98">
         <name>.debug_abbrev</name>
         <load_address>0xe71</load_address>
         <run_address>0xe71</run_address>
         <size>0x1b1</size>
         <input_file_ref idref="fl-30"/>
      </object_component>
      <object_component id="oc-9c">
         <name>.debug_abbrev</name>
         <load_address>0x1022</load_address>
         <run_address>0x1022</run_address>
         <size>0x35</size>
         <input_file_ref idref="fl-31"/>
      </object_component>
      <object_component id="oc-a0">
         <name>.debug_abbrev</name>
         <load_address>0x1057</load_address>
         <run_address>0x1057</run_address>
         <size>0x5f</size>
         <input_file_ref idref="fl-32"/>
      </object_component>
      <object_component id="oc-a6">
         <name>.debug_abbrev</name>
         <load_address>0x10b6</load_address>
         <run_address>0x10b6</run_address>
         <size>0xe7</size>
         <input_file_ref idref="fl-33"/>
      </object_component>
      <object_component id="oc-aa">
         <name>.debug_abbrev</name>
         <load_address>0x119d</load_address>
         <run_address>0x119d</run_address>
         <size>0x96</size>
         <input_file_ref idref="fl-34"/>
      </object_component>
      <object_component id="oc-af">
         <name>.debug_abbrev</name>
         <load_address>0x1233</load_address>
         <run_address>0x1233</run_address>
         <size>0xa0</size>
         <input_file_ref idref="fl-35"/>
      </object_component>
      <object_component id="oc-b3">
         <name>.debug_abbrev</name>
         <load_address>0x12d3</load_address>
         <run_address>0x12d3</run_address>
         <size>0xdb</size>
         <input_file_ref idref="fl-36"/>
      </object_component>
      <object_component id="oc-b7">
         <name>.debug_abbrev</name>
         <load_address>0x13ae</load_address>
         <run_address>0x13ae</run_address>
         <size>0x10e</size>
         <input_file_ref idref="fl-37"/>
      </object_component>
      <object_component id="oc-bb">
         <name>.debug_abbrev</name>
         <load_address>0x14bc</load_address>
         <run_address>0x14bc</run_address>
         <size>0x35</size>
         <input_file_ref idref="fl-38"/>
      </object_component>
      <object_component id="oc-132">
         <name>.debug_abbrev</name>
         <load_address>0x14f1</load_address>
         <run_address>0x14f1</run_address>
         <size>0xd</size>
      </object_component>
   </object_component_list>
   <logical_group_list>
      <logical_group id="lg-2" display="no" color="cyan">
         <name>.bss</name>
         <run_address>0x250</run_address>
         <size>0x44</size>
         <contents>
            <object_component_ref idref="oc-3d"/>
            <object_component_ref idref="oc-44"/>
            <object_component_ref idref="oc-4a"/>
            <object_component_ref idref="oc-4f"/>
            <object_component_ref idref="oc-54"/>
            <object_component_ref idref="oc-59"/>
            <object_component_ref idref="oc-92"/>
            <object_component_ref idref="oc-a1"/>
            <object_component_ref idref="oc-ab"/>
         </contents>
      </logical_group>
      <logical_group id="lg-3" display="no" color="cyan">
         <name>.data</name>
         <run_address>0x200</run_address>
         <size>0x0</size>
         <contents>
         </contents>
      </logical_group>
      <logical_group id="lg-4" display="no" color="cyan">
         <name>.sysmem</name>
         <run_address>0x200</run_address>
         <size>0x50</size>
         <contents>
            <object_component_ref idref="oc-95"/>
            <object_component_ref idref="oc-130"/>
         </contents>
      </logical_group>
      <logical_group id="lg-5" display="no" color="cyan">
         <name>.stack</name>
         <run_address>0x5b0</run_address>
         <size>0x50</size>
         <contents>
            <object_component_ref idref="oc-5b"/>
            <object_component_ref idref="oc-12f"/>
         </contents>
      </logical_group>
      <logical_group id="lg-6" display="no" color="cyan">
         <name>.text</name>
         <load_address>0x8000</load_address>
         <run_address>0x8000</run_address>
         <size>0x1ef6</size>
         <contents>
            <object_component_ref idref="oc-ed"/>
            <object_component_ref idref="oc-f7"/>
            <object_component_ref idref="oc-f1"/>
            <object_component_ref idref="oc-d8"/>
            <object_component_ref idref="oc-ca"/>
            <object_component_ref idref="oc-f0"/>
            <object_component_ref idref="oc-73"/>
            <object_component_ref idref="oc-c4"/>
            <object_component_ref idref="oc-e1"/>
            <object_component_ref idref="oc-d3"/>
            <object_component_ref idref="oc-ea"/>
            <object_component_ref idref="oc-c9"/>
            <object_component_ref idref="oc-ef"/>
            <object_component_ref idref="oc-f5"/>
            <object_component_ref idref="oc-c0"/>
            <object_component_ref idref="oc-77"/>
            <object_component_ref idref="oc-dc"/>
            <object_component_ref idref="oc-c6"/>
            <object_component_ref idref="oc-d7"/>
            <object_component_ref idref="oc-d0"/>
            <object_component_ref idref="oc-e6"/>
            <object_component_ref idref="oc-d4"/>
            <object_component_ref idref="oc-7f"/>
            <object_component_ref idref="oc-f9"/>
            <object_component_ref idref="oc-87"/>
            <object_component_ref idref="oc-fa"/>
            <object_component_ref idref="oc-c3"/>
            <object_component_ref idref="oc-d9"/>
            <object_component_ref idref="oc-d6"/>
            <object_component_ref idref="oc-e5"/>
            <object_component_ref idref="oc-d1"/>
            <object_component_ref idref="oc-d5"/>
            <object_component_ref idref="oc-103"/>
            <object_component_ref idref="oc-101"/>
            <object_component_ref idref="oc-ec"/>
            <object_component_ref idref="oc-ee"/>
            <object_component_ref idref="oc-7b"/>
            <object_component_ref idref="oc-f4"/>
            <object_component_ref idref="oc-f3"/>
            <object_component_ref idref="oc-cb"/>
            <object_component_ref idref="oc-dd"/>
            <object_component_ref idref="oc-f2"/>
            <object_component_ref idref="oc-e7"/>
            <object_component_ref idref="oc-83"/>
            <object_component_ref idref="oc-38"/>
            <object_component_ref idref="oc-b8"/>
            <object_component_ref idref="oc-f6"/>
            <object_component_ref idref="oc-de"/>
            <object_component_ref idref="oc-bd"/>
            <object_component_ref idref="oc-cd"/>
            <object_component_ref idref="oc-102"/>
            <object_component_ref idref="oc-bf"/>
            <object_component_ref idref="oc-da"/>
            <object_component_ref idref="oc-db"/>
            <object_component_ref idref="oc-eb"/>
            <object_component_ref idref="oc-cf"/>
            <object_component_ref idref="oc-d2"/>
            <object_component_ref idref="oc-e8"/>
            <object_component_ref idref="oc-99"/>
            <object_component_ref idref="oc-fc"/>
            <object_component_ref idref="oc-c7"/>
            <object_component_ref idref="oc-ce"/>
            <object_component_ref idref="oc-c8"/>
            <object_component_ref idref="oc-bc"/>
            <object_component_ref idref="oc-ff"/>
            <object_component_ref idref="oc-df"/>
            <object_component_ref idref="oc-be"/>
            <object_component_ref idref="oc-cc"/>
            <object_component_ref idref="oc-c2"/>
            <object_component_ref idref="oc-c5"/>
            <object_component_ref idref="oc-c1"/>
         </contents>
      </logical_group>
      <logical_group id="lg-7" display="no" color="cyan">
         <name>.cinit</name>
         <load_address>0xad52</load_address>
         <run_address>0xad52</run_address>
         <size>0x10</size>
         <contents>
            <object_component_ref idref="oc-a3"/>
            <object_component_ref idref="oc-94"/>
         </contents>
      </logical_group>
      <logical_group id="lg-8" display="no" color="cyan">
         <name>.const</name>
         <load_address>0x9ef6</load_address>
         <run_address>0x9ef6</run_address>
         <size>0xe5c</size>
         <contents>
            <object_component_ref idref="oc-e9"/>
            <object_component_ref idref="oc-f8"/>
            <object_component_ref idref="oc-100"/>
            <object_component_ref idref="oc-e4"/>
            <object_component_ref idref="oc-e3"/>
            <object_component_ref idref="oc-e0"/>
            <object_component_ref idref="oc-e2"/>
            <object_component_ref idref="oc-fb"/>
            <object_component_ref idref="oc-46"/>
            <object_component_ref idref="oc-fd"/>
            <object_component_ref idref="oc-fe"/>
            <object_component_ref idref="oc-104"/>
            <object_component_ref idref="oc-105"/>
         </contents>
      </logical_group>
      <logical_group id="lg-9" display="no" color="cyan">
         <name>.cio</name>
         <run_address>0x0</run_address>
         <size>0x0</size>
         <contents>
         </contents>
      </logical_group>
      <logical_group id="lg-a" display="no" color="cyan">
         <name>.pinit</name>
         <run_address>0x0</run_address>
         <size>0x0</size>
         <contents>
         </contents>
      </logical_group>
      <logical_group id="lg-b" display="no" color="cyan">
         <name>.init_array</name>
         <run_address>0x0</run_address>
         <size>0x0</size>
         <contents>
         </contents>
      </logical_group>
      <logical_group id="lg-c" display="no" color="cyan">
         <name>.mspabi.exidx</name>
         <run_address>0x0</run_address>
         <size>0x0</size>
         <contents>
         </contents>
      </logical_group>
      <logical_group id="lg-d" display="no" color="cyan">
         <name>.mspabi.extab</name>
         <run_address>0x0</run_address>
         <size>0x0</size>
         <contents>
         </contents>
      </logical_group>
      <logical_group id="lg-e" display="no" color="cyan">
         <name>.infoA</name>
         <run_address>0x0</run_address>
         <size>0x0</size>
         <contents>
         </contents>
      </logical_group>
      <logical_group id="lg-f" display="no" color="cyan">
         <name>.infoB</name>
         <run_address>0x0</run_address>
         <size>0x0</size>
         <contents>
         </contents>
      </logical_group>
      <logical_group id="lg-10" display="no" color="cyan">
         <name>.infoC</name>
         <run_address>0x0</run_address>
         <size>0x0</size>
         <contents>
         </contents>
      </logical_group>
      <logical_group id="lg-11" display="no" color="cyan">
         <name>.infoD</name>
         <run_address>0x0</run_address>
         <size>0x0</size>
         <contents>
         </contents>
      </logical_group>
      <logical_group id="lg-12" display="no" color="cyan">
         <name>.int00</name>
         <run_address>0x0</run_address>
         <size>0x0</size>
         <contents>
         </contents>
      </logical_group>
      <logical_group id="lg-13" display="no" color="cyan">
         <name>.int01</name>
         <run_address>0x0</run_address>
         <size>0x0</size>
         <contents>
         </contents>
      </logical_group>
      <logical_group id="lg-14" display="no" color="cyan">
         <name>PORT1</name>
         <load_address>0xffe4</load_address>
         <run_address>0xffe4</run_address>
         <size>0x2</size>
         <contents>
            <object_component_ref idref="oc-2d"/>
         </contents>
      </logical_group>
      <logical_group id="lg-16" display="no" color="cyan">
         <name>PORT2</name>
         <load_address>0xffe6</load_address>
         <run_address>0xffe6</run_address>
         <size>0x2</size>
         <contents>
            <object_component_ref idref="oc-2e"/>
         </contents>
      </logical_group>
      <logical_group id="lg-18" display="no" color="cyan">
         <name>.int04</name>
         <run_address>0x0</run_address>
         <size>0x0</size>
         <contents>
         </contents>
      </logical_group>
      <logical_group id="lg-19" display="no" color="cyan">
         <name>ADC10</name>
         <load_address>0xffea</load_address>
         <run_address>0xffea</run_address>
         <size>0x2</size>
         <contents>
            <object_component_ref idref="oc-2f"/>
         </contents>
      </logical_group>
      <logical_group id="lg-1b" display="no" color="cyan">
         <name>USCIAB0TX</name>
         <load_address>0xffec</load_address>
         <run_address>0xffec</run_address>
         <size>0x2</size>
         <contents>
            <object_component_ref idref="oc-30"/>
         </contents>
      </logical_group>
      <logical_group id="lg-1d" display="no" color="cyan">
         <name>USCIAB0RX</name>
         <load_address>0xffee</load_address>
         <run_address>0xffee</run_address>
         <size>0x2</size>
         <contents>
            <object_component_ref idref="oc-31"/>
         </contents>
      </logical_group>
      <logical_group id="lg-1f" display="no" color="cyan">
         <name>TIMERA1</name>
         <load_address>0xfff0</load_address>
         <run_address>0xfff0</run_address>
         <size>0x2</size>
         <contents>
            <object_component_ref idref="oc-32"/>
         </contents>
      </logical_group>
      <logical_group id="lg-21" display="no" color="cyan">
         <name>TIMERA0</name>
         <load_address>0xfff2</load_address>
         <run_address>0xfff2</run_address>
         <size>0x2</size>
         <contents>
            <object_component_ref idref="oc-33"/>
         </contents>
      </logical_group>
      <logical_group id="lg-23" display="no" color="cyan">
         <name>WDT</name>
         <load_address>0xfff4</load_address>
         <run_address>0xfff4</run_address>
         <size>0x2</size>
         <contents>
            <object_component_ref idref="oc-34"/>
         </contents>
      </logical_group>
      <logical_group id="lg-25" display="no" color="cyan">
         <name>.int11</name>
         <run_address>0x0</run_address>
         <size>0x0</size>
         <contents>
         </contents>
      </logical_group>
      <logical_group id="lg-26" display="no" color="cyan">
         <name>TIMERB1</name>
         <load_address>0xfff8</load_address>
         <run_address>0xfff8</run_address>
         <size>0x2</size>
         <contents>
            <object_component_ref idref="oc-35"/>
         </contents>
      </logical_group>
      <logical_group id="lg-28" display="no" color="cyan">
         <name>TIMERB0</name>
         <load_address>0xfffa</load_address>
         <run_address>0xfffa</run_address>
         <size>0x2</size>
         <contents>
            <object_component_ref idref="oc-36"/>
         </contents>
      </logical_group>
      <logical_group id="lg-2a" display="no" color="cyan">
         <name>NMI</name>
         <load_address>0xfffc</load_address>
         <run_address>0xfffc</run_address>
         <size>0x2</size>
         <contents>
            <object_component_ref idref="oc-37"/>
         </contents>
      </logical_group>
      <logical_group id="lg-2c" display="no" color="cyan">
         <name>.reset</name>
         <load_address>0xfffe</load_address>
         <run_address>0xfffe</run_address>
         <size>0x2</size>
         <contents>
            <object_component_ref idref="oc-5c"/>
         </contents>
      </logical_group>
      <logical_group id="lg-126" display="never" color="cyan">
         <name>.debug_info</name>
         <load_address>0x0</load_address>
         <run_address>0x0</run_address>
         <size>0x78de</size>
         <contents>
            <object_component_ref idref="oc-39"/>
            <object_component_ref idref="oc-3e"/>
            <object_component_ref idref="oc-42"/>
            <object_component_ref idref="oc-45"/>
            <object_component_ref idref="oc-4b"/>
            <object_component_ref idref="oc-50"/>
            <object_component_ref idref="oc-55"/>
            <object_component_ref idref="oc-5a"/>
            <object_component_ref idref="oc-60"/>
            <object_component_ref idref="oc-64"/>
            <object_component_ref idref="oc-68"/>
            <object_component_ref idref="oc-6c"/>
            <object_component_ref idref="oc-6f"/>
            <object_component_ref idref="oc-74"/>
            <object_component_ref idref="oc-78"/>
            <object_component_ref idref="oc-7c"/>
            <object_component_ref idref="oc-80"/>
            <object_component_ref idref="oc-84"/>
            <object_component_ref idref="oc-88"/>
            <object_component_ref idref="oc-8b"/>
            <object_component_ref idref="oc-8e"/>
            <object_component_ref idref="oc-93"/>
            <object_component_ref idref="oc-9a"/>
            <object_component_ref idref="oc-9d"/>
            <object_component_ref idref="oc-a2"/>
            <object_component_ref idref="oc-a7"/>
            <object_component_ref idref="oc-ac"/>
            <object_component_ref idref="oc-b0"/>
            <object_component_ref idref="oc-b4"/>
            <object_component_ref idref="oc-b9"/>
            <object_component_ref idref="oc-131"/>
         </contents>
      </logical_group>
      <logical_group id="lg-128" display="never" color="cyan">
         <name>.debug_frame</name>
         <load_address>0x0</load_address>
         <run_address>0x0</run_address>
         <size>0xa6d</size>
         <contents>
            <object_component_ref idref="oc-3a"/>
            <object_component_ref idref="oc-3f"/>
            <object_component_ref idref="oc-47"/>
            <object_component_ref idref="oc-4c"/>
            <object_component_ref idref="oc-51"/>
            <object_component_ref idref="oc-56"/>
[...]
         <value>0x268</value>
         <object_component_ref idref="oc-3d"/>
      </symbol>
      <symbol id="sm-135">
         <name>one</name>
         <value>0xac0a</value>
         <object_component_ref idref="oc-e3"/>
      </symbol>
      <symbol id="sm-136">
         <name>three</name>
         <value>0xac4c</value>
         <object_component_ref idref="oc-e0"/>
      </symbol>
      <symbol id="sm-137">
         <name>two</name>
         <value>0xac8e</value>
         <object_component_ref idref="oc-e2"/>
      </symbol>
      <symbol id="sm-138">
         <name>go</name>
         <value>0xab8a</value>
         <object_component_ref idref="oc-e4"/>
      </symbol>
      <symbol id="sm-139">
         <name>pong_image</name>
         <value>0x9ef6</value>
         <object_component_ref idref="oc-e9"/>
      </symbol>
      <symbol id="sm-182">
         <name>myPaddle</name>
         <value>0x252</value>
         <object_component_ref idref="oc-44"/>
      </symbol>
      <symbol id="sm-183">
         <name>myBall</name>
         <value>0x250</value>
         <object_component_ref idref="oc-44"/>
      </symbol>
      <symbol id="sm-184">
         <name>MISSED_BALL_event</name>
         <value>0x99ca</value>
         <object_component_ref idref="oc-d1"/>
      </symbol>
      <symbol id="sm-185">
         <name>leftPaddle</name>
         <value>0x258</value>
         <object_component_ref idref="oc-44"/>
      </symbol>
      <symbol id="sm-186">
         <name>rightPaddle</name>
         <value>0x256</value>
         <object_component_ref idref="oc-44"/>
      </symbol>
      <symbol id="sm-187">
         <name>i</name>
         <value>0x266</value>
         <object_component_ref idref="oc-44"/>
      </symbol>
      <symbol id="sm-188">
         <name>ball</name>
         <value>0x254</value>
         <object_component_ref idref="oc-44"/>
      </symbol>
      <symbol id="sm-189">
         <name>NEW_RALLY_event</name>
         <value>0x9a08</value>
         <object_component_ref idref="oc-d5"/>
      </symbol>
      <symbol id="sm-18a">
         <name>MOVE_BALL_event</name>
         <value>0x8850</value>
         <object_component_ref idref="oc-d8"/>
      </symbol>
      <symbol id="sm-18b">
         <name>END_GAME_event</name>
         <value>0x9612</value>
         <object_component_ref idref="oc-d0"/>
      </symbol>
      <symbol id="sm-18c">
         <name>new_paddle</name>
         <value>0x9986</value>
         <object_component_ref idref="oc-e5"/>
      </symbol>
      <symbol id="sm-18d">
         <name>ADC_READ_event</name>
         <value>0x95a0</value>
         <object_component_ref idref="oc-d7"/>
      </symbol>
      <symbol id="sm-18e">
         <name>LCD_UPDATE_event</name>
         <value>0x9942</value>
         <object_component_ref idref="oc-d6"/>
      </symbol>
      <symbol id="sm-18f">
         <name>mode</name>
         <value>0x25e</value>
         <object_component_ref idref="oc-44"/>
      </symbol>
      <symbol id="sm-190">
         <name>dy</name>
         <value>0x25c</value>
         <object_component_ref idref="oc-44"/>
      </symbol>
      <symbol id="sm-191">
         <name>dx</name>
         <value>0x25a</value>
         <object_component_ref idref="oc-44"/>
      </symbol>
      <symbol id="sm-192">
         <name>SWITCH_1_event</name>
         <value>0x9e36</value>
         <object_component_ref idref="oc-d2"/>
      </symbol>
      <symbol id="sm-193">
         <name>START_GAME_event</name>
         <value>0x8fa0</value>
         <object_component_ref idref="oc-d3"/>
      </symbol>
      <symbol id="sm-194">
         <name>time</name>
         <value>0x264</value>
         <object_component_ref idref="oc-44"/>
      </symbol>
      <symbol id="sm-195">
         <name>new_ball</name>
         <value>0x9ab6</value>
         <object_component_ref idref="oc-ec"/>
      </symbol>
      <symbol id="sm-196">
         <name>scoreL</name>
         <value>0x260</value>
         <object_component_ref idref="oc-44"/>
      </symbol>
      <symbol id="sm-197">
         <name>scoreR</name>
         <value>0x262</value>
         <object_component_ref idref="oc-44"/>
      </symbol>
      <symbol id="sm-198">
         <name>NEW_GAME_event</name>
         <value>0x96f0</value>
         <object_component_ref idref="oc-d4"/>
      </symbol>
      <symbol id="sm-1af">
         <name>sys_event</name>
         <value>0x292</value>
         <object_component_ref idref="oc-4a"/>
      </symbol>
      <symbol id="sm-1b0">
         <name>main</name>
         <value>0x8da8</value>
         <object_component_ref idref="oc-c4"/>
      </symbol>
      <symbol id="sm-28a">
         <name>lcd_mode</name>
         <value>0x9dfe</value>
         <object_component_ref idref="oc-eb"/>
      </symbol>
      <symbol id="sm-28b">
         <name>px_off</name>
         <value>0xad46</value>
         <object_component_ref idref="oc-104"/>
      </symbol>
      <symbol id="sm-28c">
         <name>lcd_backlight</name>
         <value>0x9e4c</value>
         <object_component_ref idref="oc-e8"/>
      </symbol>
      <symbol id="sm-28d">
         <name>lcd_cursor</name>
         <value>0x9bf6</value>
         <object_component_ref idref="oc-dd"/>
      </symbol>
      <symbol id="sm-28e">
         <name>lcd_fillImage</name>
         <value>0x9cf8</value>
         <object_component_ref idref="oc-f6"/>
      </symbol>
      <symbol id="sm-28f">
         <name>lcd_volume</name>
         <value>0x9c54</value>
         <object_component_ref idref="oc-e7"/>
      </symbol>
      <symbol id="sm-290">
         <name>lcd_putchar</name>
         <value>0x8b46</value>
         <object_component_ref idref="oc-f0"/>
      </symbol>
      <symbol id="sm-291">
         <name>lcd_set</name>
         <value>0x9c26</value>
         <object_component_ref idref="oc-f2"/>
      </symbol>
      <symbol id="sm-292">
         <name>lcd_clear</name>
         <value>0x9ed6</value>
         <object_component_ref idref="oc-df"/>
      </symbol>
      <symbol id="sm-293">
         <name>lcd_set_x_y</name>
         <value>0x9b90</value>
         <object_component_ref idref="oc-f3"/>
      </symbol>
      <symbol id="sm-294">
         <name>lcd_printf</name>
         <value>0x9d1c</value>
         <object_component_ref idref="oc-de"/>
      </symbol>
      <symbol id="sm-295">
         <name>lcd_WD</name>
         <value>0x97c0</value>
         <object_component_ref idref="oc-f9"/>
      </symbol>
      <symbol id="sm-296">
         <name>lcd_WD2</name>
         <value>0x986a</value>
         <object_component_ref idref="oc-fa"/>
      </symbol>
      <symbol id="sm-297">
         <name>lcd_bitImage</name>
         <value>0x8ec2</value>
         <object_component_ref idref="oc-e1"/>
      </symbol>
      <symbol id="sm-298">
         <name>lcd_point</name>
         <value>0x83c6</value>
         <object_component_ref idref="oc-f7"/>
      </symbol>
      <symbol id="sm-299">
         <name>lcd_init</name>
         <value>0x8a00</value>
         <object_component_ref idref="oc-ca"/>
      </symbol>
      <symbol id="sm-29a">
         <name>cs</name>
         <value>0xa908</value>
         <object_component_ref idref="oc-f8"/>
      </symbol>
      <symbol id="sm-29b">
         <name>dv3</name>
         <value>0xaae8</value>
         <object_component_ref idref="oc-100"/>
      </symbol>
      <symbol id="sm-29c">
         <name>lcd_wordImage</name>
         <value>0x9074</value>
         <object_component_ref idref="oc-ea"/>
      </symbol>
      <symbol id="sm-29d">
         <name>px_on</name>
         <value>0xad4c</value>
         <object_component_ref idref="oc-105"/>
      </symbol>
      <symbol id="sm-2cc">
         <name>ADC10_ISR</name>
         <value>0x9ee0</value>
         <object_component_ref idref="oc-be"/>
      </symbol>
      <symbol id="sm-2cd">
         <name>ADC_read</name>
         <value>0x9206</value>
         <object_component_ref idref="oc-ef"/>
      </symbol>
      <symbol id="sm-2ce">
         <name>__TI_int05</name>
         <value>0xffea</value>
         <object_component_ref idref="oc-2f"/>
      </symbol>
      <symbol id="sm-2cf">
         <name>RBX430_init</name>
         <value>0x9148</value>
         <object_component_ref idref="oc-c9"/>
      </symbol>
      <symbol id="sm-2d0">
         <name>ADC_init</name>
         <value>0x9ee8</value>
         <object_component_ref idref="oc-cc"/>
      </symbol>
      <symbol id="sm-2d1">
         <name>i2c_fSCL</name>
         <value>0x290</value>
         <object_component_ref idref="oc-54"/>
      </symbol>
      <symbol id="sm-2d2">
         <name>ERROR2</name>
         <value>0x952a</value>
         <object_component_ref idref="oc-c6"/>
      </symbol>
      <symbol id="sm-2e3">
         <name>_c_int00_noexit</name>
         <value>0x9cac</value>
         <object_component_ref idref="oc-38"/>
      </symbol>
      <symbol id="sm-2e4">
         <name>_c_int00</name>
         <value>0x9cac</value>
         <object_component_ref idref="oc-38"/>
      </symbol>
      <symbol id="sm-2e5">
         <name>_stack</name>
         <value>0x5b0</value>
         <object_component_ref idref="oc-5b"/>
      </symbol>
      <symbol id="sm-2e6">
         <name>__TI_dtors_ptr</name>
         <value>0x28a</value>
         <object_component_ref idref="oc-59"/>
      </symbol>
      <symbol id="sm-2e7">
         <name>__TI_cleanup_ptr</name>
         <value>0x288</value>
         <object_component_ref idref="oc-59"/>
      </symbol>
      <symbol id="sm-2e8">
         <name>_reset_vector</name>
         <value>0xfffe</value>
         <object_component_ref idref="oc-5c"/>
      </symbol>
      <symbol id="sm-306">
         <name>func_epilog_1</name>
         <value>0x9eb6</value>
         <object_component_ref idref="oc-c8"/>
      </symbol>
      <symbol id="sm-307">
         <name>func_epilog_2</name>
         <value>0x9eb4</value>
         <object_component_ref idref="oc-c8"/>
      </symbol>
      <symbol id="sm-308">
         <name>func_epilog_3</name>
         <value>0x9eb2</value>
         <object_component_ref idref="oc-c8"/>
      </symbol>
      <symbol id="sm-309">
         <name>func_epilog_4</name>
         <value>0x9eb0</value>
         <object_component_ref idref="oc-c8"/>
      </symbol>
      <symbol id="sm-30a">
         <name>func_epilog_5</name>
         <value>0x9eae</value>
         <object_component_ref idref="oc-c8"/>
      </symbol>
      <symbol id="sm-30b">
         <name>func_epilog_6</name>
         <value>0x9eac</value>
         <object_component_ref idref="oc-c8"/>
      </symbol>
      <symbol id="sm-30c">
         <name>func_epilog_7</name>
         <value>0x9eaa</value>
         <object_component_ref idref="oc-c8"/>
      </symbol>
      <symbol id="sm-317">
         <name>C$$EXIT</name>
         <value>0x9ef0</value>
         <object_component_ref idref="oc-c5"/>
      </symbol>
      <symbol id="sm-318">
         <name>abort</name>
         <value>0x9ef0</value>
         <object_component_ref idref="oc-c5"/>
      </symbol>
      <symbol id="sm-319">
         <name>__TI_exit</name>
         <value>0x1</value>
      </symbol>
      <symbol id="sm-334">
         <name>__fs_add</name>
         <value>0x8c7e</value>
         <object_component_ref idref="oc-73"/>
      </symbol>
      <symbol id="sm-335">
         <name>__fs_sub</name>
         <value>0x8c78</value>
         <object_component_ref idref="oc-73"/>
      </symbol>
      <symbol id="sm-347">
         <name>__fs_div</name>
         <value>0x9410</value>
         <object_component_ref idref="oc-77"/>
      </symbol>
      <symbol id="sm-354">
         <name>__fs_itof</name>
         <value>0x9b26</value>
         <object_component_ref idref="oc-7b"/>
      </symbol>
      <symbol id="sm-366">
         <name>__fs_toi</name>
         <value>0x9758</value>
         <object_component_ref idref="oc-7f"/>
      </symbol>
      <symbol id="sm-36e">
         <name>I_LSL</name>
         <value>0x9c80</value>
         <object_component_ref idref="oc-83"/>
      </symbol>
      <symbol id="sm-36f">
         <name>I_LSL_3</name>
         <value>0x9ca4</value>
         <object_component_ref idref="oc-83"/>
      </symbol>
      <symbol id="sm-370">
         <name>I_LSL_2</name>
         <value>0x9ca6</value>
         <object_component_ref idref="oc-83"/>
      </symbol>
      <symbol id="sm-371">
         <name>I_LSL_1</name>
         <value>0x9ca8</value>
         <object_component_ref idref="oc-83"/>
      </symbol>
      <symbol id="sm-372">
         <name>I_LSL_7</name>
         <value>0x9c9c</value>
         <object_component_ref idref="oc-83"/>
      </symbol>
      <symbol id="sm-373">
         <name>I_LSL_6</name>
         <value>0x9c9e</value>
         <object_component_ref idref="oc-83"/>
      </symbol>
      <symbol id="sm-374">
         <name>I_LSL_5</name>
         <value>0x9ca0</value>
         <object_component_ref idref="oc-83"/>
      </symbol>
      <symbol id="sm-375">
         <name>I_LSL_4</name>
         <value>0x9ca2</value>
         <object_component_ref idref="oc-83"/>
      </symbol>
      <symbol id="sm-376">
         <name>I_LSL_9</name>
         <value>0x9c98</value>
         <object_component_ref idref="oc-83"/>
      </symbol>
      <symbol id="sm-377">
         <name>I_LSL_8</name>
         <value>0x9c9a</value>
         <object_component_ref idref="oc-83"/>
      </symbol>
      <symbol id="sm-378">
         <name>I_LSL_12</name>
         <value>0x9c92</value>
         <object_component_ref idref="oc-83"/>
      </symbol>
      <symbol id="sm-379">
         <name>I_LSL_13</name>
         <value>0x9c90</value>
         <object_component_ref idref="oc-83"/>
      </symbol>
      <symbol id="sm-37a">
         <name>I_LSL_10</name>
         <value>0x9c96</value>
         <object_component_ref idref="oc-83"/>
      </symbol>
      <symbol id="sm-37b">
         <name>I_LSL_11</name>
         <value>0x9c94</value>
         <object_component_ref idref="oc-83"/>
      </symbol>
      <symbol id="sm-37c">
         <name>I_LSL_14</name>
         <value>0x9c8e</value>
         <object_component_ref idref="oc-83"/>
      </symbol>
      <symbol id="sm-37d">
         <name>I_LSL_15</name>
         <value>0x9c8c</value>
         <object_component_ref idref="oc-83"/>
      </symbol>
      <symbol id="sm-385">
         <name>I_LSR</name>
         <value>0x981e</value>
         <object_component_ref idref="oc-87"/>
      </symbol>
      <symbol id="sm-386">
         <name>I_LSR_12</name>
         <value>0x9838</value>
         <object_component_ref idref="oc-87"/>
      </symbol>
      <symbol id="sm-387">
         <name>I_LSR_13</name>
         <value>0x9834</value>
         <object_component_ref idref="oc-87"/>
      </symbol>
      <symbol id="sm-388">
         <name>I_LSR_10</name>
         <value>0x9840</value>
         <object_component_ref idref="oc-87"/>
      </symbol>
      <symbol id="sm-389">
         <name>I_LSR_11</name>
         <value>0x983c</value>
         <object_component_ref idref="oc-87"/>
      </symbol>
      <symbol id="sm-38a">
         <name>I_LSR_14</name>
         <value>0x9830</value>
         <object_component_ref idref="oc-87"/>
      </symbol>
      <symbol id="sm-38b">
         <name>I_LSR_15</name>
         <value>0x982c</value>
         <object_component_ref idref="oc-87"/>
      </symbol>
      <symbol id="sm-38c">
         <name>I_LSR_3</name>
         <value>0x985c</value>
         <object_component_ref idref="oc-87"/>
      </symbol>
      <symbol id="sm-38d">
         <name>I_LSR_2</name>
         <value>0x9860</value>
         <object_component_ref idref="oc-87"/>
      </symbol>
      <symbol id="sm-38e">
         <name>I_LSR_1</name>
         <value>0x9864</value>
         <object_component_ref idref="oc-87"/>
      </symbol>
      <symbol id="sm-38f">
         <name>I_LSR_7</name>
         <value>0x984c</value>
         <object_component_ref idref="oc-87"/>
      </symbol>
      <symbol id="sm-390">
         <name>I_LSR_6</name>
         <value>0x9850</value>
         <object_component_ref idref="oc-87"/>
      </symbol>
      <symbol id="sm-391">
         <name>I_LSR_5</name>
         <value>0x9854</value>
         <object_component_ref idref="oc-87"/>
      </symbol>
      <symbol id="sm-392">
         <name>I_LSR_4</name>
         <value>0x9858</value>
         <object_component_ref idref="oc-87"/>
      </symbol>
      <symbol id="sm-393">
         <name>I_LSR_9</name>
         <value>0x9844</value>
         <object_component_ref idref="oc-87"/>
      </symbol>
      <symbol id="sm-394">
         <name>I_LSR_8</name>
         <value>0x9848</value>
         <object_component_ref idref="oc-87"/>
      </symbol>
      <symbol id="sm-39e">
         <name>L_LSR</name>
         <value>0x9e74</value>
         <object_component_ref idref="oc-fc"/>
      </symbol>
      <symbol id="sm-3aa">
         <name>memcpy</name>
         <value>0x9e86</value>
         <object_component_ref idref="oc-c7"/>
      </symbol>
      <symbol id="sm-3db">
         <name>_sys_memory</name>
         <value>0x200</value>
         <object_component_ref idref="oc-95"/>
      </symbol>
      <symbol id="sm-3dc">
         <name>free</name>
         <value>0x94aa</value>
         <object_component_ref idref="oc-dc"/>
      </symbol>
      <symbol id="sm-3dd">
         <name>malloc</name>
         <value>0x92c2</value>
         <object_component_ref idref="oc-f5"/>
      </symbol>
      <symbol id="sm-3de">
         <name>minit</name>
         <value>0x9a7e</value>
         <object_component_ref idref="oc-101"/>
      </symbol>
      <symbol id="sm-3e8">
         <name>__mpyi</name>
         <value>0x9e60</value>
         <object_component_ref idref="oc-99"/>
      </symbol>
      <symbol id="sm-3f2">
         <name>_system_pre_init</name>
         <value>0x9eec</value>
         <object_component_ref idref="oc-c2"/>
      </symbol>
      <symbol id="sm-401">
         <name>rand</name>
         <value>0x9aee</value>
         <object_component_ref idref="oc-ee"/>
      </symbol>
      <symbol id="sm-40c">
         <name>strlen</name>
         <value>0x9ec8</value>
         <object_component_ref idref="oc-ff"/>
      </symbol>
      <symbol id="sm-418">
         <name>_nop</name>
         <value>0x9ef4</value>
         <object_component_ref idref="oc-c1"/>
      </symbol>
      <symbol id="sm-419">
         <name>_lock</name>
         <value>0x284</value>
         <object_component_ref idref="oc-ab"/>
      </symbol>
      <symbol id="sm-41a">
         <name>_unlock</name>
         <value>0x286</value>
         <object_component_ref idref="oc-ab"/>
      </symbol>
      <symbol id="sm-422">
         <name>__TI_args_main</name>
         <value>0x1</value>
      </symbol>
      <symbol id="sm-432">
         <name>_auto_init</name>
         <value>0x98b4</value>
         <object_component_ref idref="oc-c3"/>
      </symbol>
      <symbol id="sm-433">
         <name>__TI_auto_init</name>
         <value>0x1</value>
      </symbol>
      <symbol id="sm-43d">
         <name>__mpyl</name>
         <value>0x9cd2</value>
         <object_component_ref idref="oc-b8"/>
      </symbol>
   </symbol_table>
   <title>Link successful</title>
</link_info>
