******************************************************************************
                  MSP430 Linker PC v4.2.1                      
******************************************************************************
>> Linked Mon Apr 07 12:09:48 2014

OUTPUT FILE NAME:   <Lab 8.out>
ENTRY POINT SYMBOL: "_c_int00"  address: 0000906a


MEMORY CONFIGURATION

         name            origin    length      used     unused   attr    fill
----------------------  --------  ---------  --------  --------  ----  --------
  SFR                   00000000   00000010  00000000  00000010  RWIX
  PERIPHERALS_8BIT      00000010   000000f0  00000000  000000f0  RWIX
  PERIPHERALS_16BIT     00000100   00000100  00000000  00000100  RWIX
  RAM                   00000200   00000400  0000006a  00000396  RWIX
  INFOD                 00001000   00000040  00000000  00000040  RWIX
  INFOC                 00001040   00000040  00000000  00000040  RWIX
  INFOB                 00001080   00000040  00000000  00000040  RWIX
  INFOA                 000010c0   00000040  00000000  00000040  RWIX
  FLASH                 00008000   00007fde  000019a2  0000663c  RWIX
  INT00                 0000ffe0   00000002  00000000  00000002  RWIX
  INT01                 0000ffe2   00000002  00000000  00000002  RWIX
  INT02                 0000ffe4   00000002  00000002  00000000  RWIX
  INT03                 0000ffe6   00000002  00000002  00000000  RWIX
  INT04                 0000ffe8   00000002  00000000  00000002  RWIX
  INT05                 0000ffea   00000002  00000002  00000000  RWIX
  INT06                 0000ffec   00000002  00000002  00000000  RWIX
  INT07                 0000ffee   00000002  00000002  00000000  RWIX
  INT08                 0000fff0   00000002  00000002  00000000  RWIX
  INT09                 0000fff2   00000002  00000002  00000000  RWIX
  INT10                 0000fff4   00000002  00000002  00000000  RWIX
  INT11                 0000fff6   00000002  00000000  00000002  RWIX
  INT12                 0000fff8   00000002  00000002  00000000  RWIX
  INT13                 0000fffa   00000002  00000002  00000000  RWIX
  INT14                 0000fffc   00000002  00000002  00000000  RWIX
  RESET                 0000fffe   00000002  00000002  00000000  RWIX


SECTION ALLOCATION MAP

 output                                  attributes/
section   page    origin      length       input sections
--------  ----  ----------  ----------   ----------------
.cinit     0    00008000    00000000     UNINITIALIZED

.pinit     0    00008000    00000000     UNINITIALIZED

.bss       0    00000200    0000001a     UNINITIALIZED
                  00000200    00000008     diceLib.obj (.bss)
                  00000208    00000006     RBX430_lcd.obj (.bss)
                  0000020e    00000004     rts430.lib : _lock.obj (.bss)
                  00000212    00000004                : boot.obj (.bss)
                  00000216    00000002     RBX430-1.obj (.bss)
                  00000218    00000002     random.obj (.bss)

.data      0    00000200    00000000     UNINITIALIZED

.stack     0    000005b0    00000050     UNINITIALIZED
                  000005b0    00000002     rts430.lib : boot.obj (.stack)
                  000005b2    0000004e     --HOLE--

.text      0    00008000    00001162     
                  00008000    00000246     RBX430_lcd.obj (.text:lcd_point)
                  00008246    00000244     RBX430_lcd.obj (.text:my_printfi)
                  0000848a    00000208     dice.obj (.text:main)
                  00008692    00000146     RBX430_lcd.obj (.text:lcd_init)
                  000087d8    00000132     RBX430_lcd.obj (.text:lcd_putchar)
                  0000890a    000000d4     RBX430_lcd.obj (.text:lcd_wordImage)
                  000089de    000000c4     diceLib.obj (.text:drawDie)
                  00008aa2    000000be     RBX430-1.obj (.text:RBX430_init)
                  00008b60    0000009a     random.obj (.text)
                  00008bfa    0000008c     RBX430_lcd.obj (.text:lcd_rectangle)
                  00008c86    00000076     RBX430-1.obj (.text:ERROR2)
                  00008cfc    0000005e     RBX430_lcd.obj (.text:lcd_WD)
                  00008d5a    0000004c     rts430.lib : lsr16.obj (.text)
                  00008da6    0000004a     RBX430_lcd.obj (.text:lcd_WD2)
                  00008df0    00000046     RBX430_lcd.obj (.text:DelayMs)
                  00008e36    0000003e     diceLib.obj (.text:WDT_ISR)
                  00008e74    00000038     RBX430_lcd.obj (.text:ReadDataWord)
                  00008eac    00000034     RBX430_lcd.obj (.text:WriteDataWord)
                  00008ee0    00000034     RBX430_lcd.obj (.text:lcd_set_x_y)
                  00008f14    00000030     RBX430_lcd.obj (.text:lcd_cursor)
                  00008f44    0000002e     RBX430_lcd.obj (.text:lcd_set)
                  00008f72    0000002c     rts430.lib : div16s.obj (.text)
                  00008f9e    0000002c                : lsl16.obj (.text)
                  00008fca    00000024     RBX430_lcd.obj (.text:lcd_printf)
                  00008fee    00000020     RBX430_lcd.obj (.text:ReadData)
                  0000900e    00000020     diceLib.obj (.text:WDT_init)
                  0000902e    0000001e     RBX430_lcd.obj (.text:WriteCmd)
                  0000904c    0000001e     RBX430_lcd.obj (.text:WriteData)
                  0000906a    0000001e     rts430.lib : boot.obj (.text:_c_int00_noinit_noexit)
                  00009088    0000001a     diceLib.obj (.text:timerB_init)
                  000090a2    00000018     diceLib.obj (.text:doTone)
                  000090ba    00000016     rts430.lib : div16u.obj (.text)
                  000090d0    00000014     RBX430_lcd.obj (.text:lcd_backlight)
                  000090e4    00000014     rts430.lib : mult16.obj (.text)
                  000090f8    00000012                : lsr32.obj (.text:l_lsr)
                  0000910a    00000010     diceLib.obj (.text:WDT_delay)
                  0000911a    00000010     rts430.lib : epilog.obj (.text)
                  0000912a    0000000e                : strlen.obj (.text:strlen)
                  00009138    0000000a     RBX430_lcd.obj (.text:lcd_clear)
                  00009142    00000008     RBX430-1.obj (.text:ADC10_ISR)
                  0000914a    00000008     dice.obj (.text:myMod)
                  00009152    00000006     rts430.lib : isr_trap.obj (.text:__TI_ISR_TRAP)
                  00009158    00000004                : pre_init.obj (.text:_system_pre_init)
                  0000915c    00000004                : exit.obj (.text:abort)
                  00009160    00000002                : _lock.obj (.text:_nop)

.const     0    00009162    00000840     
                  00009162    000004e4     diceLib.obj (.const:byu4_image)
                  00009646    000001e0     RBX430_lcd.obj (.const:cs)
                  00009826    000000a2     RBX430_lcd.obj (.const:.string:dv3)
                  000098c8    00000052     diceLib.obj (.const:spot_image)
                  0000991a    0000002c     RBX430_lcd.obj (.const:dv$3)
                  00009946    00000026     dice.obj (.const:.string)
                  0000996c    00000011     RBX430_lcd.obj (.const:.string:lHexChar$1)
                  0000997d    00000001     --HOLE-- [fill = 0]
                  0000997e    00000011     RBX430_lcd.obj (.const:.string:uHexChar$2)
                  0000998f    00000001     --HOLE-- [fill = 0]
                  00009990    00000006     diceLib.obj (.const:.string:dice)
                  00009996    00000006     RBX430_lcd.obj (.const:px_off)
                  0000999c    00000006     RBX430_lcd.obj (.const:px_on)

PORT1      0    0000ffe4    00000002     
                  0000ffe4    00000002     rts430.lib : int02.obj (.int02)

PORT2      0    0000ffe6    00000002     
                  0000ffe6    00000002     rts430.lib : int03.obj (.int03)

ADC10      0    0000ffea    00000002     
                  0000ffea    00000002     RBX430-1.obj (.int05)

USCIAB0TX 
*          0    0000ffec    00000002     
                  0000ffec    00000002     rts430.lib : int06.obj (.int06)

USCIAB0RX 
*          0    0000ffee    00000002     
                  0000ffee    00000002     rts430.lib : int07.obj (.int07)

TIMERA1    0    0000fff0    00000002     
                  0000fff0    00000002     rts430.lib : int08.obj (.int08)

TIMERA0    0    0000fff2    00000002     
                  0000fff2    00000002     rts430.lib : int09.obj (.int09)

WDT        0    0000fff4    00000002     
                  0000fff4    00000002     diceLib.obj (.int10)

TIMERB1    0    0000fff8    00000002     
                  0000fff8    00000002     rts430.lib : int12.obj (.int12)

TIMERB0    0    0000fffa    00000002     
                  0000fffa    00000002     rts430.lib : int13.obj (.int13)

NMI        0    0000fffc    00000002     
                  0000fffc    00000002     rts430.lib : int14.obj (.int14)

.reset     0    0000fffe    00000002     
                  0000fffe    00000002     rts430.lib : boot.obj (.reset)


GLOBAL SYMBOLS: SORTED ALPHABETICALLY BY Name 

address    name
--------   ----
00000200   .bss
00000200   .data
00008000   .text
0000004a   ADC10AE0
0000004b   ADC10AE1
000001b0   ADC10CTL0
000001b2   ADC10CTL1
00000048   ADC10DTC0
00000049   ADC10DTC1
000001b4   ADC10MEM
000001bc   ADC10SA
00009142   ADC10_ISR
00000057   BCSCTL1
00000058   BCSCTL2
00000053   BCSCTL3
0000915c   C$$EXIT
000010fb   CALBC1_12MHZ
000010f9   CALBC1_16MHZ
000010ff   CALBC1_1MHZ
000010fd   CALBC1_8MHZ
000010fa   CALDCO_12MHZ
000010f8   CALDCO_16MHZ
000010fe   CALDCO_1MHZ
000010fc   CALDCO_8MHZ
00000056   DCOCTL
00008bcc   DIVU
00008c86   ERROR2
00000128   FCTL1
0000012a   FCTL2
0000012c   FCTL3
00000000   IE1
00000001   IE2
00000002   IFG1
00000003   IFG2
00008f9e   I_LSL
00008fc6   I_LSL_1
00008fb4   I_LSL_10
00008fb2   I_LSL_11
00008fb0   I_LSL_12
00008fae   I_LSL_13
00008fac   I_LSL_14
00008faa   I_LSL_15
00008fc4   I_LSL_2
00008fc2   I_LSL_3
00008fc0   I_LSL_4
00008fbe   I_LSL_5
00008fbc   I_LSL_6
00008fba   I_LSL_7
00008fb8   I_LSL_8
00008fb6   I_LSL_9
00008d5a   I_LSR
00008da0   I_LSR_1
00008d7c   I_LSR_10
00008d78   I_LSR_11
00008d74   I_LSR_12
00008d70   I_LSR_13
00008d6c   I_LSR_14
00008d68   I_LSR_15
00008d9c   I_LSR_2
00008d98   I_LSR_3
00008d94   I_LSR_4
00008d90   I_LSR_5
00008d8c   I_LSR_6
00008d88   I_LSR_7
00008d84   I_LSR_8
00008d80   I_LSR_9
000090f8   L_LSR
00008bb0   MPYU
000000c0   OA0CTL0
000000c1   OA0CTL1
000000c2   OA1CTL0
000000c3   OA1CTL1
00000022   P1DIR
00000025   P1IE
00000024   P1IES
00000023   P1IFG
00000020   P1IN
00000021   P1OUT
00000027   P1REN
00000026   P1SEL
0000002a   P2DIR
0000002d   P2IE
0000002c   P2IES
0000002b   P2IFG
00000028   P2IN
00000029   P2OUT
0000002f   P2REN
0000002e   P2SEL
0000001a   P3DIR
00000018   P3IN
00000019   P3OUT
00000010   P3REN
0000001b   P3SEL
0000001e   P4DIR
0000001c   P4IN
0000001d   P4OUT
00000011   P4REN
0000001f   P4SEL
00008aa2   RBX430_init
00000172   TACCR0
00000174   TACCR1
00000176   TACCR2
00000162   TACCTL0
00000164   TACCTL1
00000166   TACCTL2
00000160   TACTL
0000012e   TAIV
00000170   TAR
00000192   TBCCR0
00000194   TBCCR1
00000196   TBCCR2
00000182   TBCCTL0
00000184   TBCCTL1
00000186   TBCCTL2
00000180   TBCTL
0000011e   TBIV
00000190   TBR
0000005d   UCA0ABCTL
00000062   UCA0BR0
00000063   UCA0BR1
00000060   UCA0CTL0
00000061   UCA0CTL1
0000005f   UCA0IRRCTL
0000005e   UCA0IRTCTL
00000064   UCA0MCTL
00000066   UCA0RXBUF
00000065   UCA0STAT
00000067   UCA0TXBUF
0000006a   UCB0BR0
0000006b   UCB0BR1
00000068   UCB0CTL0
00000069   UCB0CTL1
0000006c   UCB0I2CIE
00000118   UCB0I2COA
0000011a   UCB0I2CSA
0000006e   UCB0RXBUF
0000006d   UCB0STAT
0000006f   UCB0TXBUF
00000120   WDTCTL
00000202   WDT_Delay
00008e36   WDT_ISR
00000200   WDT_Sec_Cnt
00000204   WDT_Tone_Cnt
0000910a   WDT_delay
0000900e   WDT_init
00000600   __STACK_END
00000050   __STACK_SIZE
00009152   __TI_ISR_TRAP
00000001   __TI_args_main
00000001   __TI_auto_init
00000212   __TI_cleanup_ptr
00000214   __TI_dtors_ptr
00000001   __TI_exit
0000ffe4   __TI_int02
0000ffe6   __TI_int03
0000ffea   __TI_int05
0000ffec   __TI_int06
0000ffee   __TI_int07
0000fff0   __TI_int08
0000fff2   __TI_int09
0000fff4   __TI_int10
0000fff8   __TI_int12
0000fffa   __TI_int13
0000fffc   __TI_int14
ffffffff   __binit__
00000200   __bss__
ffffffff   __c_args__
ffffffff   __cinit__
00000200   __data__
00008f72   __divi
000090ba   __divu
00000200   __edata__
0000021a   __end__
00009162   __etext__
000090e4   __mpyi
ffffffff   __pinit__
00008f72   __remi
000090ba   __remu
00008000   __text__
0000906a   _c_int00
0000906a   _c_int00_noinit_noexit
0000020e   _lock
00009160   _nop
0000fffe   _reset_vector
000005b0   _stack
00009158   _system_pre_init
00000210   _unlock
0000915c   abort
ffffffff   binit
00009162   byu4_image
ffffffff   cinit
00009646   cs
00009990   dice
000090a2   doTone
000089de   drawDie
00009826   dv3
00000200   edata
0000021a   end
00009162   etext
00009126   func_epilog_1
00009124   func_epilog_2
00009122   func_epilog_3
00009120   func_epilog_4
0000911e   func_epilog_5
0000911c   func_epilog_6
0000911a   func_epilog_7
00008b66   getrandSeed
00000216   i2c_fSCL
00008cfc   lcd_WD
00008da6   lcd_WD2
000090d0   lcd_backlight
00009138   lcd_clear
00008f14   lcd_cursor
00008692   lcd_init
00008000   lcd_point
00008fca   lcd_printf
000087d8   lcd_putchar
00008bfa   lcd_rectangle
00008f44   lcd_set
00008ee0   lcd_set_x_y
0000890a   lcd_wordImage
0000848a   main
0000914a   myMod
ffffffff   pinit
00009996   px_off
0000999c   px_on
00008b6c   rand16
00008b9a   random
00000206   seconds
00008b60   setrandSeed
000098c8   spot_image
0000912a   strlen
00009088   timerB_init


GLOBAL SYMBOLS: SORTED BY Symbol Address 

address    name
--------   ----
00000000   IE1
00000001   IE2
00000001   __TI_args_main
00000001   __TI_auto_init
00000001   __TI_exit
00000002   IFG1
00000003   IFG2
00000010   P3REN
00000011   P4REN
00000018   P3IN
00000019   P3OUT
0000001a   P3DIR
0000001b   P3SEL
0000001c   P4IN
0000001d   P4OUT
0000001e   P4DIR
0000001f   P4SEL
00000020   P1IN
00000021   P1OUT
00000022   P1DIR
00000023   P1IFG
00000024   P1IES
00000025   P1IE
00000026   P1SEL
00000027   P1REN
00000028   P2IN
00000029   P2OUT
0000002a   P2DIR
0000002b   P2IFG
0000002c   P2IES
0000002d   P2IE
0000002e   P2SEL
0000002f   P2REN
00000048   ADC10DTC0
00000049   ADC10DTC1
0000004a   ADC10AE0
0000004b   ADC10AE1
00000050   __STACK_SIZE
00000053   BCSCTL3
00000056   DCOCTL
00000057   BCSCTL1
00000058   BCSCTL2
0000005d   UCA0ABCTL
0000005e   UCA0IRTCTL
0000005f   UCA0IRRCTL
00000060   UCA0CTL0
00000061   UCA0CTL1
00000062   UCA0BR0
00000063   UCA0BR1
00000064   UCA0MCTL
00000065   UCA0STAT
00000066   UCA0RXBUF
00000067   UCA0TXBUF
00000068   UCB0CTL0
00000069   UCB0CTL1
0000006a   UCB0BR0
0000006b   UCB0BR1
0000006c   UCB0I2CIE
0000006d   UCB0STAT
0000006e   UCB0RXBUF
0000006f   UCB0TXBUF
000000c0   OA0CTL0
000000c1   OA0CTL1
000000c2   OA1CTL0
000000c3   OA1CTL1
00000118   UCB0I2COA
0000011a   UCB0I2CSA
0000011e   TBIV
00000120   WDTCTL
00000128   FCTL1
0000012a   FCTL2
0000012c   FCTL3
0000012e   TAIV
00000160   TACTL
00000162   TACCTL0
00000164   TACCTL1
00000166   TACCTL2
00000170   TAR
00000172   TACCR0
00000174   TACCR1
00000176   TACCR2
00000180   TBCTL
00000182   TBCCTL0
00000184   TBCCTL1
00000186   TBCCTL2
00000190   TBR
00000192   TBCCR0
00000194   TBCCR1
00000196   TBCCR2
000001b0   ADC10CTL0
000001b2   ADC10CTL1
000001b4   ADC10MEM
000001bc   ADC10SA
00000200   .bss
00000200   .data
00000200   WDT_Sec_Cnt
00000200   __bss__
00000200   __data__
00000200   __edata__
00000200   edata
00000202   WDT_Delay
00000204   WDT_Tone_Cnt
00000206   seconds
0000020e   _lock
00000210   _unlock
00000212   __TI_cleanup_ptr
00000214   __TI_dtors_ptr
00000216   i2c_fSCL
0000021a   __end__
0000021a   end
000005b0   _stack
00000600   __STACK_END
000010f8   CALDCO_16MHZ
000010f9   CALBC1_16MHZ
000010fa   CALDCO_12MHZ
000010fb   CALBC1_12MHZ
000010fc   CALDCO_8MHZ
000010fd   CALBC1_8MHZ
000010fe   CALDCO_1MHZ
000010ff   CALBC1_1MHZ
00008000   .text
00008000   __text__
00008000   lcd_point
0000848a   main
00008692   lcd_init
000087d8   lcd_putchar
0000890a   lcd_wordImage
000089de   drawDie
00008aa2   RBX430_init
00008b60   setrandSeed
00008b66   getrandSeed
00008b6c   rand16
00008b9a   random
00008bb0   MPYU
00008bcc   DIVU
00008bfa   lcd_rectangle
00008c86   ERROR2
00008cfc   lcd_WD
00008d5a   I_LSR
00008d68   I_LSR_15
00008d6c   I_LSR_14
00008d70   I_LSR_13
00008d74   I_LSR_12
00008d78   I_LSR_11
00008d7c   I_LSR_10
00008d80   I_LSR_9
00008d84   I_LSR_8
00008d88   I_LSR_7
00008d8c   I_LSR_6
00008d90   I_LSR_5
00008d94   I_LSR_4
00008d98   I_LSR_3
00008d9c   I_LSR_2
00008da0   I_LSR_1
00008da6   lcd_WD2
00008e36   WDT_ISR
00008ee0   lcd_set_x_y
00008f14   lcd_cursor
00008f44   lcd_set
00008f72   __divi
00008f72   __remi
00008f9e   I_LSL
00008faa   I_LSL_15
00008fac   I_LSL_14
00008fae   I_LSL_13
00008fb0   I_LSL_12
00008fb2   I_LSL_11
00008fb4   I_LSL_10
00008fb6   I_LSL_9
00008fb8   I_LSL_8
00008fba   I_LSL_7
00008fbc   I_LSL_6
00008fbe   I_LSL_5
00008fc0   I_LSL_4
00008fc2   I_LSL_3
00008fc4   I_LSL_2
00008fc6   I_LSL_1
00008fca   lcd_printf
0000900e   WDT_init
0000906a   _c_int00
0000906a   _c_int00_noinit_noexit
00009088   timerB_init
000090a2   doTone
000090ba   __divu
000090ba   __remu
000090d0   lcd_backlight
000090e4   __mpyi
000090f8   L_LSR
0000910a   WDT_delay
0000911a   func_epilog_7
0000911c   func_epilog_6
0000911e   func_epilog_5
00009120   func_epilog_4
00009122   func_epilog_3
00009124   func_epilog_2
00009126   func_epilog_1
0000912a   strlen
00009138   lcd_clear
00009142   ADC10_ISR
0000914a   myMod
00009152   __TI_ISR_TRAP
00009158   _system_pre_init
0000915c   C$$EXIT
0000915c   abort
00009160   _nop
00009162   __etext__
00009162   byu4_image
00009162   etext
00009646   cs
00009826   dv3
000098c8   spot_image
00009990   dice
00009996   px_off
0000999c   px_on
0000ffe4   __TI_int02
0000ffe6   __TI_int03
0000ffea   __TI_int05
0000ffec   __TI_int06
0000ffee   __TI_int07
0000fff0   __TI_int08
0000fff2   __TI_int09
0000fff4   __TI_int10
0000fff8   __TI_int12
0000fffa   __TI_int13
0000fffc   __TI_int14
0000fffe   _reset_vector
ffffffff   __binit__
ffffffff   __c_args__
ffffffff   __cinit__
ffffffff   __pinit__
ffffffff   binit
ffffffff   cinit
ffffffff   pinit

[233 symbols]
