******************************************************************************
                  MSP430 Linker PC v4.2.1                      
******************************************************************************
>> Linked Mon Apr 07 12:10:02 2014

OUTPUT FILE NAME:   <Lab 9.out>
ENTRY POINT SYMBOL: "_c_int00"  address: 00009a64


MEMORY CONFIGURATION

         name            origin    length      used     unused   attr    fill
----------------------  --------  ---------  --------  --------  ----  --------
  SFR                   00000000   00000010  00000000  00000010  RWIX
  PERIPHERALS_8BIT      00000010   000000f0  00000000  000000f0  RWIX
  PERIPHERALS_16BIT     00000100   00000100  00000000  00000100  RWIX
  RAM                   00000200   00000400  000003b0  00000050  RWIX
  INFOD                 00001000   00000040  00000000  00000040  RWIX
  INFOC                 00001040   00000040  00000000  00000040  RWIX
  INFOB                 00001080   00000040  00000000  00000040  RWIX
  INFOA                 000010c0   00000040  00000000  00000040  RWIX
  FLASH                 00008000   00007fde  00003436  00004ba8  RWIX
  INT00                 0000ffe0   00000002  00000000  00000002  RWIX
  INT01                 0000ffe2   00000002  00000000  00000002  RWIX
  INT02                 0000ffe4   00000002  00000002  00000000  RWIX
  INT03                 0000ffe6   00000002  00000002  00000000  RWIX
  INT04                 0000ffe8   00000002  00000000  00000002  RWIX
  INT05                 0000ffea   00000002  00000002  00000000  RWIX
  INT06                 0000ffec   00000002  00000002  00000000  RWIX
  INT07                 0000ffee   00000002  00000002  00000000  RWIX
  INT08                 0000fff0   00000002  00000002  00000000  RWIX
  INT09                 0000fff2   00000002  00000002  00000000  RWIX
  INT10                 0000fff4   00000002  00000002  00000000  RWIX
  INT11                 0000fff6   00000002  00000000  00000002  RWIX
  INT12                 0000fff8   00000002  00000002  00000000  RWIX
  INT13                 0000fffa   00000002  00000002  00000000  RWIX
  INT14                 0000fffc   00000002  00000002  00000000  RWIX
  RESET                 0000fffe   00000002  00000002  00000000  RWIX


SECTION ALLOCATION MAP

 output                                  attributes/
section   page    origin      length       input sections
--------  ----  ----------  ----------   ----------------
.cinit     0    00008000    00000000     UNINITIALIZED

.pinit     0    00008000    00000000     UNINITIALIZED

.bss       0    00000200    00000360     UNINITIALIZED
                  00000200    00000346     life.obj (.bss)
                  00000546    0000000a     lifelib.obj (.bss)
                  00000550    00000006     RBX430_lcd.obj (.bss)
                  00000556    00000004     rts430.lib : _lock.obj (.bss)
                  0000055a    00000004                : boot.obj (.bss)
                  0000055e    00000002     RBX430-1.obj (.bss)

.data      0    00000200    00000000     UNINITIALIZED

.stack     0    000005b0    00000050     UNINITIALIZED
                  000005b0    00000002     rts430.lib : boot.obj (.stack)
                  000005b2    0000004e     --HOLE--

.text      0    00008000    00001b56     
                  00008000    000003ac     RBX430_lcd.obj (.text:my_printfi)
                  000083ac    000003a8     life.obj (.text:main)
                  00008754    00000336     RBX430_lcd.obj (.text:lcd_point)
                  00008a8a    00000232     lifelib.obj (.text:init_life)
                  00008cbc    00000208     life.obj (.text:draw_rle_pattern)
                  00008ec4    00000184     RBX430_lcd.obj (.text:lcd_putchar)
                  00009048    0000015c     RBX430_lcd.obj (.text:lcd_wordImage)
                  000091a4    00000152     RBX430_lcd.obj (.text:lcd_init)
                  000092f6    000000ea     lifelib.obj (.text:display_results)
                  000093e0    000000cc     RBX430-1.obj (.text:RBX430_init)
                  000094ac    000000c0     RBX430_lcd.obj (.text:lcd_rectangle)
                  0000956c    000000a0     RBX430-1.obj (.text:ERROR2)
                  0000960c    00000076     RBX430_lcd.obj (.text:lcd_WD)
                  00009682    00000056     RBX430_lcd.obj (.text:DelayMs)
                  000096d8    0000004e     RBX430_lcd.obj (.text:lcd_WD2)
                  00009726    0000004c     rts430.lib : lsr16.obj (.text)
                  00009772    00000044     RBX430_lcd.obj (.text:ReadDataWord)
                  000097b6    00000040     lifelib.obj (.text:WDT_ISR)
                  000097f6    00000040     RBX430_lcd.obj (.text:lcd_set_x_y)
                  00009836    0000003c     RBX430_lcd.obj (.text:lcd_cursor)
                  00009872    0000003a     RBX430_lcd.obj (.text:WriteDataWord)
                  000098ac    00000038     RBX430_lcd.obj (.text:lcd_set)
                  000098e4    00000034     RBX430_lcd.obj (.text:lcd_printf)
                  00009918    00000034     lifelib.obj (.text:port1_init)
                  0000994c    0000002c     rts430.lib : asr16.obj (.text)
                  00009978    0000002c                : lsl16.obj (.text)
                  000099a4    0000002a     RBX430_lcd.obj (.text:lcd_mode)
                  000099ce    00000028     RBX430_lcd.obj (.text:ReadData)
                  000099f6    00000026     RBX430_lcd.obj (.text:WriteCmd)
                  00009a1c    00000026     RBX430_lcd.obj (.text:WriteData)
                  00009a42    00000022     lifelib.obj (.text:ISR_trap)
                  00009a64    0000001e     rts430.lib : boot.obj (.text:_c_int00_noinit_noexit)
                  00009a82    0000001e     RBX430_lcd.obj (.text:lcd_backlight)
                  00009aa0    00000016     rts430.lib : div16u.obj (.text)
                  00009ab6    00000016     lifelib.obj (.text:watchdog_init)
                  00009acc    00000014     rts430.lib : memset.obj (.text:memset)
                  00009ae0    00000014                : mult16.obj (.text)
                  00009af4    00000012                : lsr32.obj (.text:l_lsr)
                  00009b06    00000012                : memcpy.obj (.text:memcpy)
                  00009b18    0000000e                : strlen.obj (.text:strlen)
                  00009b26    0000000c     lifelib.obj (.text:Port_1_ISR)
                  00009b32    0000000a     RBX430_lcd.obj (.text:lcd_clear)
                  00009b3c    00000008     RBX430-1.obj (.text:ADC10_ISR)
                  00009b44    00000008     rts430.lib : isdigit.obj (.text:isdigit)
                  00009b4c    00000004                : pre_init.obj (.text:_system_pre_init)
                  00009b50    00000004                : exit.obj (.text:abort)
                  00009b54    00000002                : _lock.obj (.text:_nop)

.const     0    00009b56    000018e0     
                  00009b56    00000888     lifelib.obj (.const:life_image)
                  0000a3de    0000072b     lifelib.obj (.const:.string:jon_arbuckle)
                  0000ab09    00000001     --HOLE-- [fill = 0]
                  0000ab0a    000001e0     RBX430_lcd.obj (.const:cs)
                  0000acea    00000125     lifelib.obj (.const:.string:beacon_maker)
                  0000ae0f    00000001     --HOLE-- [fill = 0]
                  0000ae10    00000102     rts430.lib : ctype.obj (.const:.string:_ctypes_)
                  0000af12    000000a2     RBX430_lcd.obj (.const:.string:dv3)
                  0000afb4    0000009a     lifelib.obj (.const:.string:pulsar)
                  0000b04e    00000081     lifelib.obj (.const:.string:gosper_glider_gun)
                  0000b0cf    00000001     --HOLE-- [fill = 0]
                  0000b0d0    0000006a     lifelib.obj (.const:.string:bird)
                  0000b13a    0000004f     lifelib.obj (.const:.string:loafer)
                  0000b189    00000001     --HOLE-- [fill = 0]
                  0000b18a    0000003e     lifelib.obj (.const:.string:hexapole)
                  0000b1c8    0000003a     lifelib.obj (.const:.string:by_flop)
                  0000b202    00000034     lifelib.obj (.const:.string:hwss)
                  0000b236    0000002f     lifelib.obj (.const:.string:loaf)
                  0000b265    00000001     --HOLE-- [fill = 0]
                  0000b266    0000002f     lifelib.obj (.const:.string:lwss)
                  0000b295    00000001     --HOLE-- [fill = 0]
                  0000b296    0000002c     RBX430_lcd.obj (.const:dv$3)
                  0000b2c2    0000002b     lifelib.obj (.const:.string:beacon)
                  0000b2ed    00000001     --HOLE-- [fill = 0]
                  0000b2ee    0000002a     lifelib.obj (.const:.string:beehive)
                  0000b318    00000027     lifelib.obj (.const:.string:boat)
                  0000b33f    00000001     --HOLE-- [fill = 0]
                  0000b340    00000027     lifelib.obj (.const:.string:glider)
                  0000b367    00000001     --HOLE-- [fill = 0]
                  0000b368    00000026     lifelib.obj (.const:.string)
                  0000b38e    00000024     lifelib.obj (.const:.string:toad)
                  0000b3b2    00000023     lifelib.obj (.const:.string:block)
                  0000b3d5    00000001     --HOLE-- [fill = 0]
                  0000b3d6    00000020     lifelib.obj (.const:.string:blinker)
                  0000b3f6    00000011     RBX430_lcd.obj (.const:.string:lHexChar$1)
                  0000b407    00000001     --HOLE-- [fill = 0]
                  0000b408    00000011     RBX430_lcd.obj (.const:.string:uHexChar$2)
                  0000b419    00000001     --HOLE-- [fill = 0]
                  0000b41a    00000010     life.obj (.const:.string)
                  0000b42a    00000006     RBX430_lcd.obj (.const:px_off)
                  0000b430    00000006     RBX430_lcd.obj (.const:px_on)

PORT1      0    0000ffe4    00000002     
                  0000ffe4    00000002     lifelib.obj (.int02)

PORT2      0    0000ffe6    00000002     
                  0000ffe6    00000002     lifelib.obj (.int03)

ADC10      0    0000ffea    00000002     
                  0000ffea    00000002     RBX430-1.obj (.int05)

USCIAB0TX 
*          0    0000ffec    00000002     
                  0000ffec    00000002     lifelib.obj (.int06)

USCIAB0RX 
*          0    0000ffee    00000002     
                  0000ffee    00000002     lifelib.obj (.int07)

TIMERA1    0    0000fff0    00000002     
                  0000fff0    00000002     lifelib.obj (.int08)

TIMERA0    0    0000fff2    00000002     
                  0000fff2    00000002     lifelib.obj (.int09)

WDT        0    0000fff4    00000002     
                  0000fff4    00000002     lifelib.obj (.int10)

TIMERB1    0    0000fff8    00000002     
                  0000fff8    00000002     lifelib.obj (.int12)

TIMERB0    0    0000fffa    00000002     
                  0000fffa    00000002     lifelib.obj (.int13)

NMI        0    0000fffc    00000002     
                  0000fffc    00000002     lifelib.obj (.int14)

.reset     0    0000fffe    00000002     
                  0000fffe    00000002     rts430.lib : boot.obj (.reset)


GLOBAL SYMBOLS: SORTED ALPHABETICALLY BY Name 

address    name
--------   ----
00000200   .bss
00000200   .data
00008000   .text
0000004a   ADC10AE0
0000004b   ADC10AE1
000001b0   ADC10CTL0
000001b2   ADC10CTL1
00000048   ADC10DTC0
00000049   ADC10DTC1
000001b4   ADC10MEM
000001bc   ADC10SA
00009b3c   ADC10_ISR
00000057   BCSCTL1
00000058   BCSCTL2
00000053   BCSCTL3
00009b50   C$$EXIT
000010fb   CALBC1_12MHZ
000010f9   CALBC1_16MHZ
000010ff   CALBC1_1MHZ
000010fd   CALBC1_8MHZ
000010fa   CALDCO_12MHZ
000010f8   CALDCO_16MHZ
000010fe   CALDCO_1MHZ
000010fc   CALDCO_8MHZ
00000056   DCOCTL
0000956c   ERROR2
00000128   FCTL1
0000012a   FCTL2
0000012c   FCTL3
00000000   IE1
00000001   IE2
00000002   IFG1
00000003   IFG2
00009a42   ISR_trap
0000994c   I_ASR
00009974   I_ASR_1
00009962   I_ASR_10
00009960   I_ASR_11
0000995e   I_ASR_12
0000995c   I_ASR_13
0000995a   I_ASR_14
00009958   I_ASR_15
00009972   I_ASR_2
00009970   I_ASR_3
0000996e   I_ASR_4
0000996c   I_ASR_5
0000996a   I_ASR_6
00009968   I_ASR_7
00009966   I_ASR_8
00009964   I_ASR_9
00009978   I_LSL
000099a0   I_LSL_1
0000998e   I_LSL_10
0000998c   I_LSL_11
0000998a   I_LSL_12
00009988   I_LSL_13
00009986   I_LSL_14
00009984   I_LSL_15
0000999e   I_LSL_2
0000999c   I_LSL_3
0000999a   I_LSL_4
00009998   I_LSL_5
00009996   I_LSL_6
00009994   I_LSL_7
00009992   I_LSL_8
00009990   I_LSL_9
00009726   I_LSR
0000976c   I_LSR_1
00009748   I_LSR_10
00009744   I_LSR_11
00009740   I_LSR_12
0000973c   I_LSR_13
00009738   I_LSR_14
00009734   I_LSR_15
00009768   I_LSR_2
00009764   I_LSR_3
00009760   I_LSR_4
0000975c   I_LSR_5
00009758   I_LSR_6
00009754   I_LSR_7
00009750   I_LSR_8
0000974c   I_LSR_9
00009af4   L_LSR
000000c0   OA0CTL0
000000c1   OA0CTL1
000000c2   OA1CTL0
000000c3   OA1CTL1
00000022   P1DIR
00000025   P1IE
00000024   P1IES
00000023   P1IFG
00000020   P1IN
00000021   P1OUT
00000027   P1REN
00000026   P1SEL
0000002a   P2DIR
0000002d   P2IE
0000002c   P2IES
0000002b   P2IFG
00000028   P2IN
00000029   P2OUT
0000002f   P2REN
0000002e   P2SEL
0000001a   P3DIR
00000018   P3IN
00000019   P3OUT
00000010   P3REN
0000001b   P3SEL
0000001e   P4DIR
0000001c   P4IN
0000001d   P4OUT
00000011   P4REN
0000001f   P4SEL
00009b26   Port_1_ISR
000093e0   RBX430_init
00000172   TACCR0
00000174   TACCR1
00000176   TACCR2
00000162   TACCTL0
00000164   TACCTL1
00000166   TACCTL2
00000160   TACTL
0000012e   TAIV
00000170   TAR
00000192   TBCCR0
00000194   TBCCR1
00000196   TBCCR2
00000182   TBCCTL0
00000184   TBCCTL1
00000186   TBCCTL2
00000180   TBCTL
0000011e   TBIV
00000190   TBR
0000005d   UCA0ABCTL
00000062   UCA0BR0
00000063   UCA0BR1
00000060   UCA0CTL0
00000061   UCA0CTL1
0000005f   UCA0IRRCTL
0000005e   UCA0IRTCTL
00000064   UCA0MCTL
00000066   UCA0RXBUF
00000065   UCA0STAT
00000067   UCA0TXBUF
0000006a   UCB0BR0
0000006b   UCB0BR1
00000068   UCB0CTL0
00000069   UCB0CTL1
0000006c   UCB0I2CIE
00000118   UCB0I2COA
0000011a   UCB0I2CSA
0000006e   UCB0RXBUF
0000006d   UCB0STAT
0000006f   UCB0TXBUF
00000120   WDTCTL
000097b6   WDT_ISR
00000546   WDT_Sec_Cnt
00000548   WDT_debounce_cnt
00000600   __STACK_END
00000050   __STACK_SIZE
00000001   __TI_args_main
00000001   __TI_auto_init
0000055a   __TI_cleanup_ptr
0000055c   __TI_dtors_ptr
00000001   __TI_exit
0000ffe4   __TI_int02
0000ffe6   __TI_int03
0000ffea   __TI_int05
0000ffec   __TI_int06
0000ffee   __TI_int07
0000fff0   __TI_int08
0000fff2   __TI_int09
0000fff4   __TI_int10
0000fff8   __TI_int12
0000fffa   __TI_int13
0000fffc   __TI_int14
ffffffff   __binit__
00000200   __bss__
ffffffff   __c_args__
ffffffff   __cinit__
00000200   __data__
00009aa0   __divu
00000200   __edata__
00000560   __end__
00009b56   __etext__
00009ae0   __mpyi
ffffffff   __pinit__
00009aa0   __remu
00008000   __text__
00009a64   _c_int00
00009a64   _c_int00_noinit_noexit
0000ae10   _ctypes_
00000556   _lock
00009b54   _nop
0000fffe   _reset_vector
000005b0   _stack
00009b4c   _system_pre_init
00000558   _unlock
00009b50   abort
0000b2c2   beacon
0000acea   beacon_maker
0000b2ee   beehive
ffffffff   binit
0000b0d0   bird
0000b3d6   blinker
0000b3b2   block
0000b318   boat
0000b1c8   by_flop
ffffffff   cinit
0000ab0a   cs
000092f6   display_results
00008cbc   draw_rle_pattern
0000af12   dv3
00000200   edata
00000560   end
00009b56   etext
0000b340   glider
0000b04e   gosper_glider_gun
0000b18a   hexapole
0000b202   hwss
0000055e   i2c_fSCL
00008a8a   init_life
00009b44   isdigit
0000a3de   jon_arbuckle
0000960c   lcd_WD
000096d8   lcd_WD2
00009a82   lcd_backlight
00009b32   lcd_clear
00009836   lcd_cursor
000091a4   lcd_init
000099a4   lcd_mode
00008754   lcd_point
000098e4   lcd_printf
00008ec4   lcd_putchar
000094ac   lcd_rectangle
000098ac   lcd_set
000097f6   lcd_set_x_y
00009048   lcd_wordImage
00000200   life
00000540   life_cr
0000052a   life_cur
00009b56   life_image
00000534   life_nex
00000542   life_nr
0000053e   life_pr
00000520   life_prev
0000b236   loaf
0000b13a   loafer
0000b266   lwss
000083ac   main
00009b06   memcpy
00009acc   memset
ffffffff   pinit
00009918   port1_init
0000afb4   pulsar
0000b42a   px_off
0000b430   px_on
0000054a   seconds
00009b18   strlen
0000054c   switches
00000544   temp
0000b38e   toad
00009ab6   watchdog_init


GLOBAL SYMBOLS: SORTED BY Symbol Address 

address    name
--------   ----
00000000   IE1
00000001   IE2
00000001   __TI_args_main
00000001   __TI_auto_init
00000001   __TI_exit
00000002   IFG1
00000003   IFG2
00000010   P3REN
00000011   P4REN
00000018   P3IN
00000019   P3OUT
0000001a   P3DIR
0000001b   P3SEL
0000001c   P4IN
0000001d   P4OUT
0000001e   P4DIR
0000001f   P4SEL
00000020   P1IN
00000021   P1OUT
00000022   P1DIR
00000023   P1IFG
00000024   P1IES
00000025   P1IE
00000026   P1SEL
00000027   P1REN
00000028   P2IN
00000029   P2OUT
0000002a   P2DIR
0000002b   P2IFG
0000002c   P2IES
0000002d   P2IE
0000002e   P2SEL
0000002f   P2REN
00000048   ADC10DTC0
00000049   ADC10DTC1
0000004a   ADC10AE0
0000004b   ADC10AE1
00000050   __STACK_SIZE
00000053   BCSCTL3
00000056   DCOCTL
00000057   BCSCTL1
00000058   BCSCTL2
0000005d   UCA0ABCTL
0000005e   UCA0IRTCTL
0000005f   UCA0IRRCTL
00000060   UCA0CTL0
00000061   UCA0CTL1
00000062   UCA0BR0
00000063   UCA0BR1
00000064   UCA0MCTL
00000065   UCA0STAT
00000066   UCA0RXBUF
00000067   UCA0TXBUF
00000068   UCB0CTL0
00000069   UCB0CTL1
0000006a   UCB0BR0
0000006b   UCB0BR1
0000006c   UCB0I2CIE
0000006d   UCB0STAT
0000006e   UCB0RXBUF
0000006f   UCB0TXBUF
000000c0   OA0CTL0
000000c1   OA0CTL1
000000c2   OA1CTL0
000000c3   OA1CTL1
00000118   UCB0I2COA
0000011a   UCB0I2CSA
0000011e   TBIV
00000120   WDTCTL
00000128   FCTL1
0000012a   FCTL2
0000012c   FCTL3
0000012e   TAIV
00000160   TACTL
00000162   TACCTL0
00000164   TACCTL1
00000166   TACCTL2
00000170   TAR
00000172   TACCR0
00000174   TACCR1
00000176   TACCR2
00000180   TBCTL
00000182   TBCCTL0
00000184   TBCCTL1
00000186   TBCCTL2
00000190   TBR
00000192   TBCCR0
00000194   TBCCR1
00000196   TBCCR2
000001b0   ADC10CTL0
000001b2   ADC10CTL1
000001b4   ADC10MEM
000001bc   ADC10SA
00000200   .bss
00000200   .data
00000200   __bss__
00000200   __data__
00000200   __edata__
00000200   edata
00000200   life
00000520   life_prev
0000052a   life_cur
00000534   life_nex
0000053e   life_pr
00000540   life_cr
00000542   life_nr
00000544   temp
00000546   WDT_Sec_Cnt
00000548   WDT_debounce_cnt
0000054a   seconds
0000054c   switches
00000556   _lock
00000558   _unlock
0000055a   __TI_cleanup_ptr
0000055c   __TI_dtors_ptr
0000055e   i2c_fSCL
00000560   __end__
00000560   end
000005b0   _stack
00000600   __STACK_END
000010f8   CALDCO_16MHZ
000010f9   CALBC1_16MHZ
000010fa   CALDCO_12MHZ
000010fb   CALBC1_12MHZ
000010fc   CALDCO_8MHZ
000010fd   CALBC1_8MHZ
000010fe   CALDCO_1MHZ
000010ff   CALBC1_1MHZ
00008000   .text
00008000   __text__
000083ac   main
00008754   lcd_point
00008a8a   init_life
00008cbc   draw_rle_pattern
00008ec4   lcd_putchar
00009048   lcd_wordImage
000091a4   lcd_init
000092f6   display_results
000093e0   RBX430_init
000094ac   lcd_rectangle
0000956c   ERROR2
0000960c   lcd_WD
000096d8   lcd_WD2
00009726   I_LSR
00009734   I_LSR_15
00009738   I_LSR_14
0000973c   I_LSR_13
00009740   I_LSR_12
00009744   I_LSR_11
00009748   I_LSR_10
0000974c   I_LSR_9
00009750   I_LSR_8
00009754   I_LSR_7
00009758   I_LSR_6
0000975c   I_LSR_5
00009760   I_LSR_4
00009764   I_LSR_3
00009768   I_LSR_2
0000976c   I_LSR_1
000097b6   WDT_ISR
000097f6   lcd_set_x_y
00009836   lcd_cursor
000098ac   lcd_set
000098e4   lcd_printf
00009918   port1_init
0000994c   I_ASR
00009958   I_ASR_15
0000995a   I_ASR_14
0000995c   I_ASR_13
0000995e   I_ASR_12
00009960   I_ASR_11
00009962   I_ASR_10
00009964   I_ASR_9
00009966   I_ASR_8
00009968   I_ASR_7
0000996a   I_ASR_6
0000996c   I_ASR_5
0000996e   I_ASR_4
00009970   I_ASR_3
00009972   I_ASR_2
00009974   I_ASR_1
00009978   I_LSL
00009984   I_LSL_15
00009986   I_LSL_14
00009988   I_LSL_13
0000998a   I_LSL_12
0000998c   I_LSL_11
0000998e   I_LSL_10
00009990   I_LSL_9
00009992   I_LSL_8
00009994   I_LSL_7
00009996   I_LSL_6
00009998   I_LSL_5
0000999a   I_LSL_4
0000999c   I_LSL_3
0000999e   I_LSL_2
000099a0   I_LSL_1
000099a4   lcd_mode
00009a42   ISR_trap
00009a64   _c_int00
00009a64   _c_int00_noinit_noexit
00009a82   lcd_backlight
00009aa0   __divu
00009aa0   __remu
00009ab6   watchdog_init
00009acc   memset
00009ae0   __mpyi
00009af4   L_LSR
00009b06   memcpy
00009b18   strlen
00009b26   Port_1_ISR
00009b32   lcd_clear
00009b3c   ADC10_ISR
00009b44   isdigit
00009b4c   _system_pre_init
00009b50   C$$EXIT
00009b50   abort
00009b54   _nop
00009b56   __etext__
00009b56   etext
00009b56   life_image
0000a3de   jon_arbuckle
0000ab0a   cs
0000acea   beacon_maker
0000ae10   _ctypes_
0000af12   dv3
0000afb4   pulsar
0000b04e   gosper_glider_gun
0000b0d0   bird
0000b13a   loafer
0000b18a   hexapole
0000b1c8   by_flop
0000b202   hwss
0000b236   loaf
0000b266   lwss
0000b2c2   beacon
0000b2ee   beehive
0000b318   boat
0000b340   glider
0000b38e   toad
0000b3b2   block
0000b3d6   blinker
0000b42a   px_off
0000b430   px_on
0000ffe4   __TI_int02
0000ffe6   __TI_int03
0000ffea   __TI_int05
0000ffec   __TI_int06
0000ffee   __TI_int07
0000fff0   __TI_int08
0000fff2   __TI_int09
0000fff4   __TI_int10
0000fff8   __TI_int12
0000fffa   __TI_int13
0000fffc   __TI_int14
0000fffe   _reset_vector
ffffffff   __binit__
ffffffff   __c_args__
ffffffff   __cinit__
ffffffff   __pinit__
ffffffff   binit
ffffffff   cinit
ffffffff   pinit

[263 symbols]
