<?xml version="1.0"?>
<link_info>
   <banner>MSP430 Linker PC v4.2.1</banner>
   <copyright>Copyright (c) 2003-2013 Texas Instruments Incorporated</copyright>
   <link_time>0x5342e9fa</link_time>
   <link_errors>0x0</link_errors>
   <output_file>Lab 9.out</output_file>
   <entry_point>
      <name>_c_int00</name>
      <address>0x9a64</address>
   </entry_point>
   <input_file_list>
      <input_file id="fl-2">
         <path>.\</path>
         <kind>object</kind>
         <file>lifelib.obj</file>
         <name>lifelib.obj</name>
      </input_file>
      <input_file id="fl-3">
         <path>.\</path>
         <kind>object</kind>
         <file>life.obj</file>
         <name>life.obj</name>
      </input_file>
      <input_file id="fl-4">
         <path>.\</path>
         <kind>object</kind>
         <file>RBX430_lcd.obj</file>
         <name>RBX430_lcd.obj</name>
      </input_file>
      <input_file id="fl-5">
         <path>.\</path>
         <kind>object</kind>
         <file>RBX430-1.obj</file>
         <name>RBX430-1.obj</name>
      </input_file>
      <input_file id="fl-1f">
         <path>C:\ti\ccsv5\tools\compiler\msp430_4.2.1\lib\</path>
         <kind>archive</kind>
         <file>rts430.lib</file>
         <name>asr16.obj</name>
      </input_file>
      <input_file id="fl-20">
         <path>C:\ti\ccsv5\tools\compiler\msp430_4.2.1\lib\</path>
         <kind>archive</kind>
         <file>rts430.lib</file>
         <name>boot.obj</name>
      </input_file>
      <input_file id="fl-21">
         <path>C:\ti\ccsv5\tools\compiler\msp430_4.2.1\lib\</path>
         <kind>archive</kind>
         <file>rts430.lib</file>
         <name>copy_decompress_none.obj</name>
      </input_file>
      <input_file id="fl-22">
         <path>C:\ti\ccsv5\tools\compiler\msp430_4.2.1\lib\</path>
         <kind>archive</kind>
         <file>rts430.lib</file>
         <name>copy_decompress_rle.obj</name>
      </input_file>
      <input_file id="fl-23">
         <path>C:\ti\ccsv5\tools\compiler\msp430_4.2.1\lib\</path>
         <kind>archive</kind>
         <file>rts430.lib</file>
         <name>copy_zero_init.obj</name>
      </input_file>
      <input_file id="fl-24">
         <path>C:\ti\ccsv5\tools\compiler\msp430_4.2.1\lib\</path>
         <kind>archive</kind>
         <file>rts430.lib</file>
         <name>div16u.obj</name>
      </input_file>
      <input_file id="fl-25">
         <path>C:\ti\ccsv5\tools\compiler\msp430_4.2.1\lib\</path>
         <kind>archive</kind>
         <file>rts430.lib</file>
         <name>epilog.obj</name>
      </input_file>
      <input_file id="fl-26">
         <path>C:\ti\ccsv5\tools\compiler\msp430_4.2.1\lib\</path>
         <kind>archive</kind>
         <file>rts430.lib</file>
         <name>exit.obj</name>
      </input_file>
      <input_file id="fl-27">
         <path>C:\ti\ccsv5\tools\compiler\msp430_4.2.1\lib\</path>
         <kind>archive</kind>
         <file>rts430.lib</file>
         <name>isdigit.obj</name>
      </input_file>
      <input_file id="fl-28">
         <path>C:\ti\ccsv5\tools\compiler\msp430_4.2.1\lib\</path>
         <kind>archive</kind>
         <file>rts430.lib</file>
         <name>lsl16.obj</name>
      </input_file>
      <input_file id="fl-29">
         <path>C:\ti\ccsv5\tools\compiler\msp430_4.2.1\lib\</path>
         <kind>archive</kind>
         <file>rts430.lib</file>
         <name>lsr16.obj</name>
      </input_file>
      <input_file id="fl-2a">
         <path>C:\ti\ccsv5\tools\compiler\msp430_4.2.1\lib\</path>
         <kind>archive</kind>
         <file>rts430.lib</file>
         <name>lsr32.obj</name>
      </input_file>
      <input_file id="fl-2b">
         <path>C:\ti\ccsv5\tools\compiler\msp430_4.2.1\lib\</path>
         <kind>archive</kind>
         <file>rts430.lib</file>
         <name>memcpy.obj</name>
      </input_file>
      <input_file id="fl-2c">
         <path>C:\ti\ccsv5\tools\compiler\msp430_4.2.1\lib\</path>
         <kind>archive</kind>
         <file>rts430.lib</file>
         <name>memset.obj</name>
      </input_file>
      <input_file id="fl-2d">
         <path>C:\ti\ccsv5\tools\compiler\msp430_4.2.1\lib\</path>
         <kind>archive</kind>
         <file>rts430.lib</file>
         <name>mult16.obj</name>
      </input_file>
      <input_file id="fl-2e">
         <path>C:\ti\ccsv5\tools\compiler\msp430_4.2.1\lib\</path>
         <kind>archive</kind>
         <file>rts430.lib</file>
         <name>pre_init.obj</name>
      </input_file>
      <input_file id="fl-2f">
         <path>C:\ti\ccsv5\tools\compiler\msp430_4.2.1\lib\</path>
         <kind>archive</kind>
         <file>rts430.lib</file>
         <name>strlen.obj</name>
      </input_file>
      <input_file id="fl-30">
         <path>C:\ti\ccsv5\tools\compiler\msp430_4.2.1\lib\</path>
         <kind>archive</kind>
         <file>rts430.lib</file>
         <name>_lock.obj</name>
      </input_file>
      <input_file id="fl-31">
         <path>C:\ti\ccsv5\tools\compiler\msp430_4.2.1\lib\</path>
         <kind>archive</kind>
         <file>rts430.lib</file>
         <name>args_main.obj</name>
      </input_file>
      <input_file id="fl-32">
         <path>C:\ti\ccsv5\tools\compiler\msp430_4.2.1\lib\</path>
         <kind>archive</kind>
         <file>rts430.lib</file>
         <name>autoinit.obj</name>
      </input_file>
      <input_file id="fl-33">
         <path>C:\ti\ccsv5\tools\compiler\msp430_4.2.1\lib\</path>
         <kind>archive</kind>
         <file>rts430.lib</file>
         <name>ctype.obj</name>
      </input_file>
   </input_file_list>
   <object_component_list>
      <object_component id="oc-39">
         <name>.bss</name>
         <uninitialized>true</uninitialized>
         <run_address>0x546</run_address>
         <size>0xa</size>
         <input_file_ref idref="fl-2"/>
      </object_component>
      <object_component id="oc-3f">
         <name>.bss</name>
         <uninitialized>true</uninitialized>
         <run_address>0x200</run_address>
         <size>0x346</size>
         <input_file_ref idref="fl-3"/>
      </object_component>
      <object_component id="oc-45">
         <name>.bss</name>
         <uninitialized>true</uninitialized>
         <run_address>0x550</run_address>
         <size>0x6</size>
         <input_file_ref idref="fl-4"/>
      </object_component>
      <object_component id="oc-4a">
         <name>.bss</name>
         <uninitialized>true</uninitialized>
         <run_address>0x55e</run_address>
         <size>0x2</size>
         <input_file_ref idref="fl-5"/>
      </object_component>
      <object_component id="oc-53">
         <name>.bss</name>
         <uninitialized>true</uninitialized>
         <run_address>0x55a</run_address>
         <size>0x4</size>
         <input_file_ref idref="fl-20"/>
      </object_component>
      <object_component id="oc-94">
         <name>.bss</name>
         <uninitialized>true</uninitialized>
         <run_address>0x556</run_address>
         <size>0x4</size>
         <input_file_ref idref="fl-30"/>
      </object_component>
      <object_component id="oc-55">
         <name>.stack</name>
         <uninitialized>true</uninitialized>
         <run_address>0x5b0</run_address>
         <size>0x2</size>
         <input_file_ref idref="fl-20"/>
      </object_component>
      <object_component id="oc-10f">
         <name>.stack</name>
         <uninitialized>true</uninitialized>
         <run_address>0x5b0</run_address>
         <size>0x0</size>
      </object_component>
      <object_component id="oc-c2">
         <name>.text:my_printfi</name>
         <load_address>0x8000</load_address>
         <run_address>0x8000</run_address>
         <size>0x3ac</size>
         <input_file_ref idref="fl-4"/>
      </object_component>
      <object_component id="oc-a9">
         <name>.text:main</name>
         <load_address>0x83ac</load_address>
         <run_address>0x83ac</run_address>
         <size>0x3a8</size>
         <input_file_ref idref="fl-3"/>
      </object_component>
      <object_component id="oc-b9">
         <name>.text:lcd_point</name>
         <load_address>0x8754</load_address>
         <run_address>0x8754</run_address>
         <size>0x336</size>
         <input_file_ref idref="fl-4"/>
      </object_component>
      <object_component id="oc-b7">
         <name>.text:init_life</name>
         <load_address>0x8a8a</load_address>
         <run_address>0x8a8a</run_address>
         <size>0x232</size>
         <input_file_ref idref="fl-2"/>
      </object_component>
      <object_component id="oc-c5">
         <name>.text:draw_rle_pattern</name>
         <load_address>0x8cbc</load_address>
         <run_address>0x8cbc</run_address>
         <size>0x208</size>
         <input_file_ref idref="fl-3"/>
      </object_component>
      <object_component id="oc-c1">
         <name>.text:lcd_putchar</name>
         <load_address>0x8ec4</load_address>
         <run_address>0x8ec4</run_address>
         <size>0x184</size>
         <input_file_ref idref="fl-4"/>
      </object_component>
      <object_component id="oc-b4">
         <name>.text:lcd_wordImage</name>
         <load_address>0x9048</load_address>
         <run_address>0x9048</run_address>
         <size>0x15c</size>
         <input_file_ref idref="fl-4"/>
      </object_component>
      <object_component id="oc-ad">
         <name>.text:lcd_init</name>
         <load_address>0x91a4</load_address>
         <run_address>0x91a4</run_address>
         <size>0x152</size>
         <input_file_ref idref="fl-4"/>
      </object_component>
      <object_component id="oc-ba">
         <name>.text:display_results</name>
         <load_address>0x92f6</load_address>
         <run_address>0x92f6</run_address>
         <size>0xea</size>
         <input_file_ref idref="fl-2"/>
      </object_component>
      <object_component id="oc-ac">
         <name>.text:RBX430_init</name>
         <load_address>0x93e0</load_address>
         <run_address>0x93e0</run_address>
         <size>0xcc</size>
         <input_file_ref idref="fl-5"/>
      </object_component>
      <object_component id="oc-c3">
         <name>.text:lcd_rectangle</name>
         <load_address>0x94ac</load_address>
         <run_address>0x94ac</run_address>
         <size>0xc0</size>
         <input_file_ref idref="fl-4"/>
      </object_component>
      <object_component id="oc-ab">
         <name>.text:ERROR2</name>
         <load_address>0x956c</load_address>
         <run_address>0x956c</run_address>
         <size>0xa0</size>
         <input_file_ref idref="fl-5"/>
      </object_component>
      <object_component id="oc-df">
         <name>.text:lcd_WD</name>
         <load_address>0x960c</load_address>
         <run_address>0x960c</run_address>
         <size>0x76</size>
         <input_file_ref idref="fl-4"/>
      </object_component>
      <object_component id="oc-bb">
         <name>.text:DelayMs</name>
         <load_address>0x9682</load_address>
         <run_address>0x9682</run_address>
         <size>0x56</size>
         <input_file_ref idref="fl-4"/>
      </object_component>
      <object_component id="oc-de">
         <name>.text:lcd_WD2</name>
         <load_address>0x96d8</load_address>
         <run_address>0x96d8</run_address>
         <size>0x4e</size>
         <input_file_ref idref="fl-4"/>
      </object_component>
      <object_component id="oc-79">
         <name>.text</name>
         <load_address>0x9726</load_address>
         <run_address>0x9726</run_address>
         <size>0x4c</size>
         <input_file_ref idref="fl-29"/>
      </object_component>
      <object_component id="oc-d8">
         <name>.text:ReadDataWord</name>
         <load_address>0x9772</load_address>
         <run_address>0x9772</run_address>
         <size>0x44</size>
         <input_file_ref idref="fl-4"/>
      </object_component>
      <object_component id="oc-a6">
         <name>.text:WDT_ISR</name>
         <load_address>0x97b6</load_address>
         <run_address>0x97b6</run_address>
         <size>0x40</size>
         <input_file_ref idref="fl-2"/>
      </object_component>
      <object_component id="oc-bf">
         <name>.text:lcd_set_x_y</name>
         <load_address>0x97f6</load_address>
         <run_address>0x97f6</run_address>
         <size>0x40</size>
         <input_file_ref idref="fl-4"/>
      </object_component>
      <object_component id="oc-b5">
         <name>.text:lcd_cursor</name>
         <load_address>0x9836</load_address>
         <run_address>0x9836</run_address>
         <size>0x3c</size>
         <input_file_ref idref="fl-4"/>
      </object_component>
      <object_component id="oc-c0">
         <name>.text:WriteDataWord</name>
         <load_address>0x9872</load_address>
         <run_address>0x9872</run_address>
         <size>0x3a</size>
         <input_file_ref idref="fl-4"/>
      </object_component>
      <object_component id="oc-be">
         <name>.text:lcd_set</name>
         <load_address>0x98ac</load_address>
         <run_address>0x98ac</run_address>
         <size>0x38</size>
         <input_file_ref idref="fl-4"/>
      </object_component>
      <object_component id="oc-b6">
         <name>.text:lcd_printf</name>
         <load_address>0x98e4</load_address>
         <run_address>0x98e4</run_address>
         <size>0x34</size>
         <input_file_ref idref="fl-4"/>
      </object_component>
      <object_component id="oc-af">
         <name>.text:port1_init</name>
         <load_address>0x9918</load_address>
         <run_address>0x9918</run_address>
         <size>0x34</size>
         <input_file_ref idref="fl-2"/>
      </object_component>
      <object_component id="oc-4f">
         <name>.text</name>
         <load_address>0x994c</load_address>
         <run_address>0x994c</run_address>
         <size>0x2c</size>
         <input_file_ref idref="fl-1f"/>
      </object_component>
      <object_component id="oc-75">
         <name>.text</name>
         <load_address>0x9978</load_address>
         <run_address>0x9978</run_address>
         <size>0x2c</size>
         <input_file_ref idref="fl-28"/>
      </object_component>
      <object_component id="oc-dc">
         <name>.text:lcd_mode</name>
         <load_address>0x99a4</load_address>
         <run_address>0x99a4</run_address>
         <size>0x2a</size>
         <input_file_ref idref="fl-4"/>
      </object_component>
      <object_component id="oc-d7">
         <name>.text:ReadData</name>
         <load_address>0x99ce</load_address>
         <run_address>0x99ce</run_address>
         <size>0x28</size>
         <input_file_ref idref="fl-4"/>
      </object_component>
      <object_component id="oc-bc">
         <name>.text:WriteCmd</name>
         <load_address>0x99f6</load_address>
         <run_address>0x99f6</run_address>
         <size>0x26</size>
         <input_file_ref idref="fl-4"/>
      </object_component>
      <object_component id="oc-bd">
         <name>.text:WriteData</name>
         <load_address>0x9a1c</load_address>
         <run_address>0x9a1c</run_address>
         <size>0x26</size>
         <input_file_ref idref="fl-4"/>
      </object_component>
      <object_component id="oc-a4">
         <name>.text:ISR_trap</name>
         <load_address>0x9a42</load_address>
         <run_address>0x9a42</run_address>
         <size>0x22</size>
         <input_file_ref idref="fl-2"/>
      </object_component>
      <object_component id="oc-38">
         <name>.text:_c_int00_noinit_noexit</name>
         <load_address>0x9a64</load_address>
         <run_address>0x9a64</run_address>
         <size>0x1e</size>
         <input_file_ref idref="fl-20"/>
      </object_component>
      <object_component id="oc-b2">
         <name>.text:lcd_backlight</name>
         <load_address>0x9a82</load_address>
         <run_address>0x9a82</run_address>
         <size>0x1e</size>
         <input_file_ref idref="fl-4"/>
      </object_component>
      <object_component id="oc-66">
         <name>.text</name>
         <load_address>0x9aa0</load_address>
         <run_address>0x9aa0</run_address>
         <size>0x16</size>
         <input_file_ref idref="fl-24"/>
      </object_component>
      <object_component id="oc-ae">
         <name>.text:watchdog_init</name>
         <load_address>0x9ab6</load_address>
         <run_address>0x9ab6</run_address>
         <size>0x16</size>
         <input_file_ref idref="fl-2"/>
      </object_component>
      <object_component id="oc-b1">
         <name>.text:memset</name>
         <load_address>0x9acc</load_address>
         <run_address>0x9acc</run_address>
         <size>0x14</size>
         <input_file_ref idref="fl-2c"/>
      </object_component>
      <object_component id="oc-88">
         <name>.text</name>
         <load_address>0x9ae0</load_address>
         <run_address>0x9ae0</run_address>
         <size>0x14</size>
         <input_file_ref idref="fl-2d"/>
      </object_component>
      <object_component id="oc-e2">
         <name>.text:l_lsr</name>
         <load_address>0x9af4</load_address>
         <run_address>0x9af4</run_address>
         <size>0x12</size>
         <input_file_ref idref="fl-2a"/>
      </object_component>
      <object_component id="oc-b8">
         <name>.text:memcpy</name>
         <load_address>0x9b06</load_address>
         <run_address>0x9b06</run_address>
         <size>0x12</size>
         <input_file_ref idref="fl-2b"/>
      </object_component>
      <object_component id="oc-e0">
         <name>.text:strlen</name>
         <load_address>0x9b18</load_address>
         <run_address>0x9b18</run_address>
         <size>0xe</size>
         <input_file_ref idref="fl-2f"/>
      </object_component>
      <object_component id="oc-a3">
         <name>.text:Port_1_ISR</name>
         <load_address>0x9b26</load_address>
         <run_address>0x9b26</run_address>
         <size>0xc</size>
         <input_file_ref idref="fl-2"/>
      </object_component>
      <object_component id="oc-b0">
         <name>.text:lcd_clear</name>
         <load_address>0x9b32</load_address>
         <run_address>0x9b32</run_address>
         <size>0xa</size>
         <input_file_ref idref="fl-4"/>
      </object_component>
      <object_component id="oc-a5">
         <name>.text:ADC10_ISR</name>
         <load_address>0x9b3c</load_address>
         <run_address>0x9b3c</run_address>
         <size>0x8</size>
         <input_file_ref idref="fl-5"/>
      </object_component>
      <object_component id="oc-e5">
         <name>.text:isdigit</name>
         <load_address>0x9b44</load_address>
         <run_address>0x9b44</run_address>
         <size>0x8</size>
         <input_file_ref idref="fl-27"/>
      </object_component>
      <object_component id="oc-a8">
         <name>.text:_system_pre_init</name>
         <load_address>0x9b4c</load_address>
         <run_address>0x9b4c</run_address>
         <size>0x4</size>
         <input_file_ref idref="fl-2e"/>
      </object_component>
      <object_component id="oc-aa">
         <name>.text:abort</name>
         <load_address>0x9b50</load_address>
         <run_address>0x9b50</run_address>
         <size>0x4</size>
         <input_file_ref idref="fl-26"/>
      </object_component>
      <object_component id="oc-a7">
         <name>.text:_nop</name>
         <load_address>0x9b54</load_address>
         <run_address>0x9b54</run_address>
         <size>0x2</size>
         <input_file_ref idref="fl-30"/>
      </object_component>
      <object_component id="oc-b3">
         <name>.const:life_image</name>
         <load_address>0x9b56</load_address>
         <run_address>0x9b56</run_address>
         <size>0x888</size>
         <input_file_ref idref="fl-2"/>
      </object_component>
      <object_component id="oc-d6">
         <name>.const:.string:jon_arbuckle</name>
         <load_address>0xa3de</load_address>
         <run_address>0xa3de</run_address>
         <size>0x72b</size>
         <input_file_ref idref="fl-2"/>
      </object_component>
      <object_component id="oc-dd">
         <name>.const:cs</name>
         <load_address>0xab0a</load_address>
         <run_address>0xab0a</run_address>
         <size>0x1e0</size>
         <input_file_ref idref="fl-4"/>
      </object_component>
      <object_component id="oc-c7">
         <name>.const:.string:beacon_maker</name>
         <load_address>0xacea</load_address>
         <run_address>0xacea</run_address>
         <size>0x125</size>
         <input_file_ref idref="fl-2"/>
      </object_component>
      <object_component id="oc-e6">
         <name>.const:.string:_ctypes_</name>
         <load_address>0xae10</load_address>
         <run_address>0xae10</run_address>
         <size>0x102</size>
         <input_file_ref idref="fl-33"/>
      </object_component>
      <object_component id="oc-d9">
         <name>.const:.string:dv3</name>
         <load_address>0xaf12</load_address>
         <run_address>0xaf12</run_address>
         <size>0xa2</size>
         <input_file_ref idref="fl-4"/>
      </object_component>
      <object_component id="oc-c6">
         <name>.const:.string:pulsar</name>
         <load_address>0xafb4</load_address>
         <run_address>0xafb4</run_address>
         <size>0x9a</size>
         <input_file_ref idref="fl-2"/>
      </object_component>
      <object_component id="oc-c4">
         <name>.const:.string:gosper_glider_gun</name>
         <load_address>0xb04e</load_address>
         <run_address>0xb04e</run_address>
         <size>0x81</size>
         <input_file_ref idref="fl-2"/>
      </object_component>
      <object_component id="oc-ca">
         <name>.const:.string:bird</name>
         <load_address>0xb0d0</load_address>
         <run_address>0xb0d0</run_address>
         <size>0x6a</size>
         <input_file_ref idref="fl-2"/>
      </object_component>
      <object_component id="oc-c9">
         <name>.const:.string:loafer</name>
         <load_address>0xb13a</load_address>
         <run_address>0xb13a</run_address>
         <size>0x4f</size>
         <input_file_ref idref="fl-2"/>
      </object_component>
      <object_component id="oc-c8">
         <name>.const:.string:hexapole</name>
         <load_address>0xb18a</load_address>
         <run_address>0xb18a</run_address>
         <size>0x3e</size>
         <input_file_ref idref="fl-2"/>
      </object_component>
      <object_component id="oc-d5">
         <name>.const:.string:by_flop</name>
         <load_address>0xb1c8</load_address>
         <run_address>0xb1c8</run_address>
         <size>0x3a</size>
         <input_file_ref idref="fl-2"/>
      </object_component>
      <object_component id="oc-cb">
         <name>.const:.string:hwss</name>
         <load_address>0xb202</load_address>
         <run_address>0xb202</run_address>
         <size>0x34</size>
         <input_file_ref idref="fl-2"/>
      </object_component>
      <object_component id="oc-d0">
         <name>.const:.string:loaf</name>
         <load_address>0xb236</load_address>
         <run_address>0xb236</run_address>
         <size>0x2f</size>
         <input_file_ref idref="fl-2"/>
      </object_component>
      <object_component id="oc-ce">
         <name>.const:.string:lwss</name>
         <load_address>0xb266</load_address>
         <run_address>0xb266</run_address>
         <size>0x2f</size>
         <input_file_ref idref="fl-2"/>
      </object_component>
      <object_component id="oc-e1">
         <name>.const:dv$3</name>
         <load_address>0xb296</load_address>
         <run_address>0xb296</run_address>
         <size>0x2c</size>
         <input_file_ref idref="fl-4"/>
      </object_component>
      <object_component id="oc-d3">
         <name>.const:.string:beacon</name>
         <load_address>0xb2c2</load_address>
         <run_address>0xb2c2</run_address>
         <size>0x2b</size>
         <input_file_ref idref="fl-2"/>
      </object_component>
      <object_component id="oc-cf">
         <name>.const:.string:beehive</name>
         <load_address>0xb2ee</load_address>
         <run_address>0xb2ee</run_address>
         <size>0x2a</size>
         <input_file_ref idref="fl-2"/>
      </object_component>
      <object_component id="oc-d1">
         <name>.const:.string:boat</name>
         <load_address>0xb318</load_address>
         <run_address>0xb318</run_address>
         <size>0x27</size>
         <input_file_ref idref="fl-2"/>
      </object_component>
      <object_component id="oc-cc">
         <name>.const:.string:glider</name>
         <load_address>0xb340</load_address>
         <run_address>0xb340</run_address>
         <size>0x27</size>
         <input_file_ref idref="fl-2"/>
      </object_component>
      <object_component id="oc-3b">
         <name>.const:.string</name>
         <load_address>0xb368</load_address>
         <run_address>0xb368</run_address>
         <size>0x26</size>
         <input_file_ref idref="fl-2"/>
      </object_component>
      <object_component id="oc-d2">
         <name>.const:.string:toad</name>
         <load_address>0xb38e</load_address>
         <run_address>0xb38e</run_address>
         <size>0x24</size>
         <input_file_ref idref="fl-2"/>
      </object_component>
      <object_component id="oc-cd">
         <name>.const:.string:block</name>
         <load_address>0xb3b2</load_address>
         <run_address>0xb3b2</run_address>
         <size>0x23</size>
         <input_file_ref idref="fl-2"/>
      </object_component>
      <object_component id="oc-d4">
         <name>.const:.string:blinker</name>
         <load_address>0xb3d6</load_address>
         <run_address>0xb3d6</run_address>
         <size>0x20</size>
         <input_file_ref idref="fl-2"/>
      </object_component>
      <object_component id="oc-e3">
         <name>.const:.string:lHexChar$1</name>
         <load_address>0xb3f6</load_address>
         <run_address>0xb3f6</run_address>
         <size>0x11</size>
         <input_file_ref idref="fl-4"/>
      </object_component>
      <object_component id="oc-e4">
         <name>.const:.string:uHexChar$2</name>
         <load_address>0xb408</load_address>
         <run_address>0xb408</run_address>
         <size>0x11</size>
         <input_file_ref idref="fl-4"/>
      </object_component>
      <object_component id="oc-41">
         <name>.const:.string</name>
         <load_address>0xb41a</load_address>
         <run_address>0xb41a</run_address>
         <size>0x10</size>
         <input_file_ref idref="fl-3"/>
      </object_component>
      <object_component id="oc-da">
         <name>.const:px_off</name>
         <load_address>0xb42a</load_address>
         <run_address>0xb42a</run_address>
         <size>0x6</size>
         <input_file_ref idref="fl-4"/>
      </object_component>
      <object_component id="oc-db">
         <name>.const:px_on</name>
         <load_address>0xb430</load_address>
         <run_address>0xb430</run_address>
         <size>0x6</size>
         <input_file_ref idref="fl-4"/>
      </object_component>
      <object_component id="oc-2d">
         <name>.int02</name>
         <load_address>0xffe4</load_address>
         <run_address>0xffe4</run_address>
         <size>0x2</size>
         <input_file_ref idref="fl-2"/>
      </object_component>
      <object_component id="oc-2e">
         <name>.int03</name>
         <load_address>0xffe6</load_address>
         <run_address>0xffe6</run_address>
         <size>0x2</size>
         <input_file_ref idref="fl-2"/>
      </object_component>
      <object_component id="oc-2f">
         <name>.int05</name>
         <load_address>0xffea</load_address>
         <run_address>0xffea</run_address>
         <size>0x2</size>
         <input_file_ref idref="fl-5"/>
      </object_component>
      <object_component id="oc-30">
         <name>.int06</name>
         <load_address>0xffec</load_address>
         <run_address>0xffec</run_address>
         <size>0x2</size>
         <input_file_ref idref="fl-2"/>
      </object_component>
      <object_component id="oc-31">
         <name>.int07</name>
         <load_address>0xffee</load_address>
         <run_address>0xffee</run_address>
         <size>0x2</size>
         <input_file_ref idref="fl-2"/>
      </object_component>
      <object_component id="oc-32">
         <name>.int08</name>
         <load_address>0xfff0</load_address>
         <run_address>0xfff0</run_address>
         <size>0x2</size>
         <input_file_ref idref="fl-2"/>
      </object_component>
      <object_component id="oc-33">
         <name>.int09</name>
         <load_address>0xfff2</load_address>
         <run_address>0xfff2</run_address>
         <size>0x2</size>
         <input_file_ref idref="fl-2"/>
      </object_component>
      <object_component id="oc-34">
         <name>.int10</name>
         <load_address>0xfff4</load_address>
         <run_address>0xfff4</run_address>
         <size>0x2</size>
         <input_file_ref idref="fl-2"/>
      </object_component>
      <object_component id="oc-35">
         <name>.int12</name>
         <load_address>0xfff8</load_address>
         <run_address>0xfff8</run_address>
         <size>0x2</size>
         <input_file_ref idref="fl-2"/>
      </object_component>
      <object_component id="oc-36">
         <name>.int13</name>
         <load_address>0xfffa</load_address>
         <run_address>0xfffa</run_address>
         <size>0x2</size>
         <input_file_ref idref="fl-2"/>
      </object_component>
      <object_component id="oc-37">
         <name>.int14</name>
         <load_address>0xfffc</load_address>
         <run_address>0xfffc</run_address>
         <size>0x2</size>
         <input_file_ref idref="fl-2"/>
      </object_component>
      <object_component id="oc-56">
         <name>.reset</name>
         <load_address>0xfffe</load_address>
         <run_address>0xfffe</run_address>
         <size>0x2</size>
         <input_file_ref idref="fl-20"/>
      </object_component>
      <object_component id="oc-3a">
         <name>.debug_info</name>
         <load_address>0x0</load_address>
         <run_address>0x0</run_address>
         <size>0xe68</size>
         <input_file_ref idref="fl-2"/>
      </object_component>
      <object_component id="oc-40">
         <name>.debug_info</name>
         <load_address>0xe68</load_address>
         <run_address>0xe68</run_address>
         <size>0xb0f</size>
         <input_file_ref idref="fl-3"/>
      </object_component>
      <object_component id="oc-46">
         <name>.debug_info</name>
         <load_address>0x1977</load_address>
         <run_address>0x1977</run_address>
         <size>0x19d9</size>
         <input_file_ref idref="fl-4"/>
      </object_component>
      <object_component id="oc-4b">
         <name>.debug_info</name>
         <load_address>0x3350</load_address>
         <run_address>0x3350</run_address>
         <size>0x718</size>
         <input_file_ref idref="fl-5"/>
      </object_component>
      <object_component id="oc-50">
         <name>.debug_info</name>
         <load_address>0x3a68</load_address>
         <run_address>0x3a68</run_address>
         <size>0xb4</size>
         <input_file_ref idref="fl-1f"/>
      </object_component>
      <object_component id="oc-54">
         <name>.debug_info</name>
         <load_address>0x3b1c</load_address>
         <run_address>0x3b1c</run_address>
         <size>0x440</size>
         <input_file_ref idref="fl-20"/>
      </object_component>
      <object_component id="oc-5a">
         <name>.debug_info</name>
         <load_address>0x3f5c</load_address>
         <run_address>0x3f5c</run_address>
         <size>0x261</size>
         <input_file_ref idref="fl-21"/>
      </object_component>
      <object_component id="oc-5e">
         <name>.debug_info</name>
         <load_address>0x41bd</load_address>
         <run_address>0x41bd</run_address>
         <size>0x212</size>
         <input_file_ref idref="fl-22"/>
      </object_component>
      <object_component id="oc-62">
         <name>.debug_info</name>
         <load_address>0x43cf</load_address>
         <run_address>0x43cf</run_address>
         <size>0x228</size>
         <input_file_ref idref="fl-23"/>
      </object_component>
      <object_component id="oc-67">
         <name>.debug_info</name>
         <load_address>0x45f7</load_address>
         <run_address>0x45f7</run_address>
         <size>0xb7</size>
         <input_file_ref idref="fl-24"/>
      </object_component>
      <object_component id="oc-6a">
         <name>.debug_info</name>
         <load_address>0x46ae</load_address>
         <run_address>0x46ae</run_address>
         <size>0x89</size>
         <input_file_ref idref="fl-25"/>
      </object_component>
      <object_component id="oc-6d">
         <name>.debug_info</name>
         <load_address>0x4737</load_address>
         <run_address>0x4737</run_address>
         <size>0x28e</size>
         <input_file_ref idref="fl-26"/>
      </object_component>
      <object_component id="oc-71">
         <name>.debug_info</name>
         <load_address>0x49c5</load_address>
         <run_address>0x49c5</run_address>
         <size>0x24c</size>
         <input_file_ref idref="fl-27"/>
      </object_component>
      <object_component id="oc-76">
         <name>.debug_info</name>
         <load_address>0x4c11</load_address>
         <run_address>0x4c11</run_address>
         <size>0xb4</size>
         <input_file_ref idref="fl-28"/>
      </object_component>
      <object_component id="oc-7a">
         <name>.debug_info</name>
         <load_address>0x4cc5</load_address>
         <run_address>0x4cc5</run_address>
         <size>0xb4</size>
         <input_file_ref idref="fl-29"/>
      </object_component>
      <object_component id="oc-7d">
         <name>.debug_info</name>
         <load_address>0x4d79</load_address>
         <run_address>0x4d79</run_address>
         <size>0xb4</size>
         <input_file_ref idref="fl-2a"/>
      </object_component>
      <object_component id="oc-80">
         <name>.debug_info</name>
         <load_address>0x4e2d</load_address>
         <run_address>0x4e2d</run_address>
         <size>0x2a5</size>
         <input_file_ref idref="fl-2b"/>
      </object_component>
      <object_component id="oc-84">
         <name>.debug_info</name>
         <load_address>0x50d2</load_address>
         <run_address>0x50d2</run_address>
         <size>0x2c4</size>
         <input_file_ref idref="fl-2c"/>
      </object_component>
      <object_component id="oc-89">
         <name>.debug_info</name>
         <load_address>0x5396</load_address>
         <run_address>0x5396</run_address>
         <size>0xb7</size>
         <input_file_ref idref="fl-2d"/>
      </object_component>
      <object_component id="oc-8c">
         <name>.debug_info</name>
         <load_address>0x544d</load_address>
         <run_address>0x544d</run_address>
         <size>0x220</size>
         <input_file_ref idref="fl-2e"/>
      </object_component>
      <object_component id="oc-90">
         <name>.debug_info</name>
         <load_address>0x566d</load_address>
         <run_address>0x566d</run_address>
         <size>0x293</size>
         <input_file_ref idref="fl-2f"/>
      </object_component>
      <object_component id="oc-95">
         <name>.debug_info</name>
         <load_address>0x5900</load_address>
         <run_address>0x5900</run_address>
         <size>0x23c</size>
         <input_file_ref idref="fl-30"/>
      </object_component>
      <object_component id="oc-99">
         <name>.debug_info</name>
         <load_address>0x5b3c</load_address>
         <run_address>0x5b3c</run_address>
         <size>0x26b</size>
         <input_file_ref idref="fl-31"/>
      </object_component>
      <object_component id="oc-9d">
         <name>.debug_info</name>
         <load_address>0x5da7</load_address>
         <run_address>0x5da7</run_address>
         <size>0x287</size>
         <input_file_ref idref="fl-32"/>
      </object_component>
      <object_component id="oc-a1">
         <name>.debug_info</name>
         <load_address>0x602e</load_address>
         <run_address>0x602e</run_address>
         <size>0x1eb</size>
         <input_file_ref idref="fl-33"/>
      </object_component>
      <object_component id="oc-110">
         <name>.debug_info</name>
         <load_address>0x6219</load_address>
         <run_address>0x6219</run_address>
         <size>0x6a</size>
      </object_component>
      <object_component id="oc-3c">
         <name>.debug_frame</name>
         <load_address>0x0</load_address>
         <run_address>0x0</run_address>
         <size>0x113</size>
         <input_file_ref idref="fl-2"/>
      </object_component>
      <object_component id="oc-42">
         <name>.debug_frame</name>
         <load_address>0x113</load_address>
         <run_address>0x113</run_address>
         <size>0x69</size>
         <input_file_ref idref="fl-3"/>
      </object_component>
      <object_component id="oc-47">
         <name>.debug_frame</name>
         <load_address>0x17c</load_address>
         <run_address>0x17c</run_address>
         <size>0x26b</size>
         <input_file_ref idref="fl-4"/>
      </object_component>
      <object_component id="oc-4c">
         <name>.debug_frame</name>
         <load_address>0x3e7</load_address>
         <run_address>0x3e7</run_address>
         <size>0x7f</size>
         <input_file_ref idref="fl-5"/>
      </object_component>
      <object_component id="oc-57">
         <name>.debug_frame</name>
         <load_address>0x466</load_address>
         <run_address>0x466</run_address>
         <size>0x42</size>
         <input_file_ref idref="fl-20"/>
      </object_component>
      <object_component id="oc-5b">
         <name>.debug_frame</name>
         <load_address>0x4a8</load_address>
         <run_address>0x4a8</run_address>
         <size>0x32</size>
         <input_file_ref idref="fl-21"/>
      </object_component>
      <object_component id="oc-5f">
         <name>.debug_frame</name>
         <load_address>0x4da</load_address>
         <run_address>0x4da</run_address>
         <size>0x32</size>
         <input_file_ref idref="fl-22"/>
      </object_component>
      <object_component id="oc-63">
         <name>.debug_frame</name>
         <load_address>0x50c</load_address>
         <run_address>0x50c</run_address>
         <size>0x32</size>
         <input_file_ref idref="fl-23"/>
      </object_component>
      <object_component id="oc-6e">
         <name>.debug_frame</name>
         <load_address>0x53e</load_address>
         <run_address>0x53e</run_address>
         <size>0x47</size>
         <input_file_ref idref="fl-26"/>
      </object_component>
      <object_component id="oc-72">
         <name>.debug_frame</name>
         <load_address>0x585</load_address>
         <run_address>0x585</run_address>
         <size>0x47</size>
         <input_file_ref idref="fl-27"/>
      </object_component>
      <object_component id="oc-81">
         <name>.debug_frame</name>
         <load_address>0x5cc</load_address>
         <run_address>0x5cc</run_address>
         <size>0x47</size>
         <input_file_ref idref="fl-2b"/>
      </object_component>
      <object_component id="oc-85">
         <name>.debug_frame</name>
         <load_address>0x613</load_address>
         <run_address>0x613</run_address>
         <size>0x47</size>
         <input_file_ref idref="fl-2c"/>
      </object_component>
      <object_component id="oc-8d">
         <name>.debug_frame</name>
         <load_address>0x65a</load_address>
         <run_address>0x65a</run_address>
         <size>0x47</size>
         <input_file_ref idref="fl-2e"/>
      </object_component>
      <object_component id="oc-91">
         <name>.debug_frame</name>
         <load_address>0x6a1</load_address>
         <run_address>0x6a1</run_address>
         <size>0x47</size>
         <input_file_ref idref="fl-2f"/>
      </object_component>
      <object_component id="oc-96">
         <name>.debug_frame</name>
         <load_address>0x6e8</load_address>
         <run_address>0x6e8</run_address>
         <size>0x47</size>
         <input_file_ref idref="fl-30"/>
      </object_component>
      <object_component id="oc-9a">
         <name>.debug_frame</name>
         <load_address>0x72f</load_address>
         <run_address>0x72f</run_address>
         <size>0x32</size>
         <input_file_ref idref="fl-31"/>
      </object_component>
      <object_component id="oc-9e">
         <name>.debug_frame</name>
         <load_address>0x761</load_address>
         <run_address>0x761</run_address>
         <size>0x32</size>
         <input_file_ref idref="fl-32"/>
      </object_component>
      <object_component id="oc-3d">
         <name>.debug_line</name>
         <load_address>0x0</load_address>
         <run_address>0x0</run_address>
         <size>0x1c0</size>
         <input_file_ref idref="fl-2"/>
      </object_component>
      <object_component id="oc-43">
         <name>.debug_line</name>
         <load_address>0x1c0</load_address>
         <run_address>0x1c0</run_address>
         <size>0x1cd</size>
         <input_file_ref idref="fl-3"/>
      </object_component>
      <object_component id="oc-48">
         <name>.debug_line</name>
         <load_address>0x38d</load_address>
         <run_address>0x38d</run_address>
         <size>0x7a8</size>
         <input_file_ref idref="fl-4"/>
      </object_component>
      <object_component id="oc-4d">
         <name>.debug_line</name>
         <load_address>0xb35</load_address>
         <run_address>0xb35</run_address>
         <size>0xf7</size>
         <input_file_ref idref="fl-5"/>
      </object_component>
      <object_component id="oc-51">
         <name>.debug_line</name>
         <load_address>0xc2c</load_address>
         <run_address>0xc2c</run_address>
         <size>0x4b</size>
         <input_file_ref idref="fl-1f"/>
      </object_component>
      <object_component id="oc-58">
         <name>.debug_line</name>
         <load_address>0xc77</load_address>
         <run_address>0xc77</run_address>
         <size>0x3d</size>
         <input_file_ref idref="fl-20"/>
      </object_component>
      <object_component id="oc-5c">
         <name>.debug_line</name>
         <load_address>0xcb4</load_address>
         <run_address>0xcb4</run_address>
         <size>0x34</size>
         <input_file_ref idref="fl-21"/>
      </object_component>
      <object_component id="oc-60">
         <name>.debug_line</name>
         <load_address>0xce8</load_address>
         <run_address>0xce8</run_address>
         <size>0x33</size>
         <input_file_ref idref="fl-22"/>
      </object_component>
      <object_component id="oc-64">
         <name>.debug_line</name>
         <load_address>0xd1b</load_address>
         <run_address>0xd1b</run_address>
         <size>0x2e</size>
         <input_file_ref idref="fl-23"/>
      </object_component>
      <object_component id="oc-68">
         <name>.debug_line</name>
         <load_address>0xd49</load_address>
         <run_address>0xd49</run_address>
         <size>0x40</size>
         <input_file_ref idref="fl-24"/>
      </object_component>
      <object_component id="oc-6b">
         <name>.debug_line</name>
         <load_address>0xd89</load_address>
         <run_address>0xd89</run_address>
         <size>0x28</size>
         <input_file_ref idref="fl-25"/>
      </object_component>
      <object_component id="oc-6f">
         <name>.debug_line</name>
         <load_address>0xdb1</load_address>
         <run_address>0xdb1</run_address>
         <size>0x3a</size>
         <input_file_ref idref="fl-26"/>
      </object_component>
      <object_component id="oc-73">
         <name>.debug_line</name>
         <load_address>0xdeb</load_address>
         <run_address>0xdeb</run_address>
         <size>0x3a</size>
         <input_file_ref idref="fl-27"/>
      </object_component>
      <object_component id="oc-77">
         <name>.debug_line</name>
         <load_address>0xe25</load_address>
         <run_address>0xe25</run_address>
         <size>0x4b</size>
         <input_file_ref idref="fl-28"/>
      </object_component>
      <object_component id="oc-7b">
         <name>.debug_line</name>
         <load_address>0xe70</load_address>
         <run_address>0xe70</run_address>
         <size>0x5b</size>
         <input_file_ref idref="fl-29"/>
      </object_component>
      <object_component id="oc-7e">
         <name>.debug_line</name>
         <load_address>0xecb</load_address>
         <run_address>0xecb</run_address>
         <size>0x3f</size>
         <input_file_ref idref="fl-2a"/>
      </object_component>
      <object_component id="oc-82">
         <name>.debug_line</name>
         <load_address>0xf0a</load_address>
         <run_address>0xf0a</run_address>
         <size>0x42</size>
         <input_file_ref idref="fl-2b"/>
      </object_component>
      <object_component id="oc-86">
         <name>.debug_line</name>
         <load_address>0xf4c</load_address>
         <run_address>0xf4c</run_address>
         <size>0x5a</size>
         <input_file_ref idref="fl-2c"/>
      </object_component>
      <object_component id="oc-8a">
         <name>.debug_line</name>
         <load_address>0xfa6</load_address>
         <run_address>0xfa6</run_address>
         <size>0x3f</size>
         <input_file_ref idref="fl-2d"/>
      </object_component>
      <object_component id="oc-8e">
         <name>.debug_line</name>
         <load_address>0xfe5</load_address>
         <run_address>0xfe5</run_address>
         <size>0x3b</size>
         <input_file_ref idref="fl-2e"/>
      </object_component>
      <object_component id="oc-92">
         <name>.debug_line</name>
         <load_address>0x1020</load_address>
         <run_address>0x1020</run_address>
         <size>0x5a</size>
         <input_file_ref idref="fl-2f"/>
      </object_component>
      <object_component id="oc-97">
         <name>.debug_line</name>
         <load_address>0x107a</load_address>
         <run_address>0x107a</run_address>
         <size>0x35</size>
         <input_file_ref idref="fl-30"/>
      </object_component>
      <object_component id="oc-9b">
         <name>.debug_line</name>
         <load_address>0x10af</load_address>
         <run_address>0x10af</run_address>
         <size>0x29</size>
         <input_file_ref idref="fl-31"/>
      </object_component>
      <object_component id="oc-9f">
         <name>.debug_line</name>
         <load_address>0x10d8</load_address>
         <run_address>0x10d8</run_address>
         <size>0x28</size>
         <input_file_ref idref="fl-32"/>
      </object_component>
      <object_component id="oc-3e">
         <name>.debug_abbrev</name>
         <load_address>0x0</load_address>
         <run_address>0x0</run_address>
         <size>0x18a</size>
         <input_file_ref idref="fl-2"/>
      </object_component>
      <object_component id="oc-44">
         <name>.debug_abbrev</name>
         <load_address>0x18a</load_address>
         <run_address>0x18a</run_address>
         <size>0x185</size>
         <input_file_ref idref="fl-3"/>
      </object_component>
      <object_component id="oc-49">
         <name>.debug_abbrev</name>
         <load_address>0x30f</load_address>
         <run_address>0x30f</run_address>
         <size>0x223</size>
         <input_file_ref idref="fl-4"/>
      </object_component>
      <object_component id="oc-4e">
         <name>.debug_abbrev</name>
         <load_address>0x532</load_address>
         <run_address>0x532</run_address>
         <size>0x12e</size>
         <input_file_ref idref="fl-5"/>
      </object_component>
      <object_component id="oc-52">
         <name>.debug_abbrev</name>
         <load_address>0x660</load_address>
         <run_address>0x660</run_address>
         <size>0x35</size>
         <input_file_ref idref="fl-1f"/>
      </object_component>
      <object_component id="oc-59">
         <name>.debug_abbrev</name>
         <load_address>0x695</load_address>
         <run_address>0x695</run_address>
         <size>0x113</size>
         <input_file_ref idref="fl-20"/>
      </object_component>
      <object_component id="oc-5d">
         <name>.debug_abbrev</name>
         <load_address>0x7a8</load_address>
         <run_address>0x7a8</run_address>
         <size>0xbc</size>
         <input_file_ref idref="fl-21"/>
      </object_component>
      <object_component id="oc-61">
         <name>.debug_abbrev</name>
         <load_address>0x864</load_address>
         <run_address>0x864</run_address>
         <size>0xbf</size>
         <input_file_ref idref="fl-22"/>
      </object_component>
      <object_component id="oc-65">
         <name>.debug_abbrev</name>
         <load_address>0x923</load_address>
         <run_address>0x923</run_address>
         <size>0x94</size>
         <input_file_ref idref="fl-23"/>
      </object_component>
      <object_component id="oc-69">
         <name>.debug_abbrev</name>
         <load_address>0x9b7</load_address>
         <run_address>0x9b7</run_address>
         <size>0x35</size>
         <input_file_ref idref="fl-24"/>
      </object_component>
      <object_component id="oc-6c">
         <name>.debug_abbrev</name>
         <load_address>0x9ec</load_address>
         <run_address>0x9ec</run_address>
         <size>0x33</size>
         <input_file_ref idref="fl-25"/>
      </object_component>
      <object_component id="oc-70">
         <name>.debug_abbrev</name>
         <load_address>0xa1f</load_address>
         <run_address>0xa1f</run_address>
         <size>0xf3</size>
         <input_file_ref idref="fl-26"/>
      </object_component>
      <object_component id="oc-74">
         <name>.debug_abbrev</name>
         <load_address>0xb12</load_address>
         <run_address>0xb12</run_address>
         <size>0xa0</size>
         <input_file_ref idref="fl-27"/>
      </object_component>
      <object_component id="oc-78">
         <name>.debug_abbrev</name>
         <load_address>0xbb2</load_address>
         <run_address>0xbb2</run_address>
         <size>0x35</size>
         <input_file_ref idref="fl-28"/>
      </object_component>
      <object_component id="oc-7c">
         <name>.debug_abbrev</name>
         <load_address>0xbe7</load_address>
         <run_address>0xbe7</run_address>
         <size>0x35</size>
         <input_file_ref idref="fl-29"/>
      </object_component>
      <object_component id="oc-7f">
         <name>.debug_abbrev</name>
         <load_address>0xc1c</load_address>
         <run_address>0xc1c</run_address>
         <size>0x35</size>
         <input_file_ref idref="fl-2a"/>
      </object_component>
      <object_component id="oc-83">
         <name>.debug_abbrev</name>
         <load_address>0xc51</load_address>
         <run_address>0xc51</run_address>
         <size>0xa2</size>
         <input_file_ref idref="fl-2b"/>
      </object_component>
      <object_component id="oc-87">
         <name>.debug_abbrev</name>
         <load_address>0xcf3</load_address>
         <run_address>0xcf3</run_address>
         <size>0x9d</size>
         <input_file_ref idref="fl-2c"/>
      </object_component>
      <object_component id="oc-8b">
         <name>.debug_abbrev</name>
         <load_address>0xd90</load_address>
         <run_address>0xd90</run_address>
         <size>0x35</size>
         <input_file_ref idref="fl-2d"/>
      </object_component>
      <object_component id="oc-8f">
         <name>.debug_abbrev</name>
         <load_address>0xdc5</load_address>
         <run_address>0xdc5</run_address>
         <size>0x5f</size>
         <input_file_ref idref="fl-2e"/>
      </object_component>
      <object_component id="oc-93">
         <name>.debug_abbrev</name>
         <load_address>0xe24</load_address>
         <run_address>0xe24</run_address>
         <size>0x96</size>
         <input_file_ref idref="fl-2f"/>
      </object_component>
      <object_component id="oc-98">
         <name>.debug_abbrev</name>
         <load_address>0xeba</load_address>
         <run_address>0xeba</run_address>
         <size>0xa0</size>
         <input_file_ref idref="fl-30"/>
      </object_component>
      <object_component id="oc-9c">
         <name>.debug_abbrev</name>
         <load_address>0xf5a</load_address>
         <run_address>0xf5a</run_address>
         <size>0xdb</size>
         <input_file_ref idref="fl-31"/>
      </object_component>
      <object_component id="oc-a0">
         <name>.debug_abbrev</name>
         <load_address>0x1035</load_address>
         <run_address>0x1035</run_address>
         <size>0x10e</size>
         <input_file_ref idref="fl-32"/>
      </object_component>
      <object_component id="oc-a2">
         <name>.debug_abbrev</name>
         <load_address>0x1143</load_address>
         <run_address>0x1143</run_address>
         <size>0x50</size>
         <input_file_ref idref="fl-33"/>
      </object_component>
      <object_component id="oc-111">
         <name>.debug_abbrev</name>
         <load_address>0x1193</load_address>
         <run_address>0x1193</run_address>
         <size>0xd</size>
      </object_component>
   </object_component_list>
   <logical_group_list>
      <logical_group id="lg-2" display="no" color="cyan">
         <name>.bss</name>
         <run_address>0x200</run_address>
         <size>0x360</size>
         <contents>
            <object_component_ref idref="oc-39"/>
            <object_component_ref idref="oc-3f"/>
            <object_component_ref idref="oc-45"/>
            <object_component_ref idref="oc-4a"/>
            <object_component_ref idref="oc-53"/>
            <object_component_ref idref="oc-94"/>
         </contents>
      </logical_group>
      <logical_group id="lg-3" display="no" color="cyan">
         <name>.data</name>
         <run_address>0x200</run_address>
         <size>0x0</size>
         <contents>
         </contents>
      </logical_group>
      <logical_group id="lg-4" display="no" color="cyan">
         <name>.sysmem</name>
         <run_address>0x0</run_address>
         <size>0x0</size>
         <contents>
         </contents>
      </logical_group>
      <logical_group id="lg-5" display="no" color="cyan">
         <name>.stack</name>
         <run_address>0x5b0</run_address>
         <size>0x50</size>
         <contents>
            <object_component_ref idref="oc-55"/>
            <object_component_ref idref="oc-10f"/>
         </contents>
      </logical_group>
      <logical_group id="lg-6" display="no" color="cyan">
         <name>.text</name>
         <load_address>0x8000</load_address>
         <run_address>0x8000</run_address>
         <size>0x1b56</size>
         <contents>
            <object_component_ref idref="oc-c2"/>
            <object_component_ref idref="oc-a9"/>
            <object_component_ref idref="oc-b9"/>
            <object_component_ref idref="oc-b7"/>
            <object_component_ref idref="oc-c5"/>
            <object_component_ref idref="oc-c1"/>
            <object_component_ref idref="oc-b4"/>
            <object_component_ref idref="oc-ad"/>
            <object_component_ref idref="oc-ba"/>
            <object_component_ref idref="oc-ac"/>
            <object_component_ref idref="oc-c3"/>
            <object_component_ref idref="oc-ab"/>
            <object_component_ref idref="oc-df"/>
            <object_component_ref idref="oc-bb"/>
            <object_component_ref idref="oc-de"/>
            <object_component_ref idref="oc-79"/>
            <object_component_ref idref="oc-d8"/>
            <object_component_ref idref="oc-a6"/>
            <object_component_ref idref="oc-bf"/>
            <object_component_ref idref="oc-b5"/>
            <object_component_ref idref="oc-c0"/>
            <object_component_ref idref="oc-be"/>
            <object_component_ref idref="oc-b6"/>
            <object_component_ref idref="oc-af"/>
            <object_component_ref idref="oc-4f"/>
            <object_component_ref idref="oc-75"/>
            <object_component_ref idref="oc-dc"/>
            <object_component_ref idref="oc-d7"/>
            <object_component_ref idref="oc-bc"/>
            <object_component_ref idref="oc-bd"/>
            <object_component_ref idref="oc-a4"/>
            <object_component_ref idref="oc-38"/>
            <object_component_ref idref="oc-b2"/>
            <object_component_ref idref="oc-66"/>
            <object_component_ref idref="oc-ae"/>
            <object_component_ref idref="oc-b1"/>
            <object_component_ref idref="oc-88"/>
            <object_component_ref idref="oc-e2"/>
            <object_component_ref idref="oc-b8"/>
            <object_component_ref idref="oc-e0"/>
            <object_component_ref idref="oc-a3"/>
            <object_component_ref idref="oc-b0"/>
            <object_component_ref idref="oc-a5"/>
            <object_component_ref idref="oc-e5"/>
            <object_component_ref idref="oc-a8"/>
            <object_component_ref idref="oc-aa"/>
            <object_component_ref idref="oc-a7"/>
         </contents>
      </logical_group>
      <logical_group id="lg-7" display="no" color="cyan">
         <name>.cinit</name>
         <run_address>0x0</run_address>
         <size>0x0</size>
         <contents>
         </contents>
      </logical_group>
      <logical_group id="lg-8" display="no" color="cyan">
         <name>.const</name>
         <load_address>0x9b56</load_address>
         <run_address>0x9b56</run_address>
         <size>0x18e0</size>
         <contents>
            <object_component_ref idref="oc-b3"/>
            <object_component_ref idref="oc-d6"/>
            <object_component_ref idref="oc-dd"/>
            <object_component_ref idref="oc-c7"/>
            <object_component_ref idref="oc-e6"/>
            <object_component_ref idref="oc-d9"/>
            <object_component_ref idref="oc-c6"/>
            <object_component_ref idref="oc-c4"/>
            <object_component_ref idref="oc-ca"/>
            <object_component_ref idref="oc-c9"/>
            <object_component_ref idref="oc-c8"/>
            <object_component_ref idref="oc-d5"/>
            <object_component_ref idref="oc-cb"/>
            <object_component_ref idref="oc-d0"/>
            <object_component_ref idref="oc-ce"/>
            <object_component_ref idref="oc-e1"/>
            <object_component_ref idref="oc-d3"/>
            <object_component_ref idref="oc-cf"/>
            <object_component_ref idref="oc-d1"/>
            <object_component_ref idref="oc-cc"/>
            <object_component_ref idref="oc-3b"/>
            <object_component_ref idref="oc-d2"/>
            <object_component_ref idref="oc-cd"/>
            <object_component_ref idref="oc-d4"/>
            <object_component_ref idref="oc-e3"/>
            <object_component_ref idref="oc-e4"/>
            <object_component_ref idref="oc-41"/>
            <object_component_ref idref="oc-da"/>
            <object_component_ref idref="oc-db"/>
         </contents>
      </logical_group>
      <logical_group id="lg-9" display="no" color="cyan">
         <name>.cio</name>
         <run_address>0x0</run_address>
         <size>0x0</size>
         <contents>
         </contents>
      </logical_group>
      <logical_group id="lg-a" display="no" color="cyan">
         <name>.pinit</name>
         <run_address>0x0</run_address>
         <size>0x0</size>
         <contents>
         </contents>
      </logical_group>
      <logical_group id="lg-b" display="no" color="cyan">
         <name>.init_array</name>
         <run_address>0x0</run_address>
         <size>0x0</size>
         <contents>
         </contents>
      </logical_group>
      <logical_group id="lg-c" display="no" color="cyan">
         <name>.mspabi.exidx</name>
         <run_address>0x0</run_address>
         <size>0x0</size>
         <contents>
         </contents>
      </logical_group>
      <logical_group id="lg-d" display="no" color="cyan">
         <name>.mspabi.extab</name>
         <run_address>0x0</run_address>
         <size>0x0</size>
         <contents>
         </contents>
      </logical_group>
      <logical_group id="lg-e" display="no" color="cyan">
         <name>.infoA</name>
         <run_address>0x0</run_address>
         <size>0x0</size>
         <contents>
         </contents>
      </logical_group>
      <logical_group id="lg-f" display="no" color="cyan">
         <name>.infoB</name>
         <run_address>0x0</run_address>
         <size>0x0</size>
         <contents>
         </contents>
      </logical_group>
      <logical_group id="lg-10" display="no" color="cyan">
         <name>.infoC</name>
         <run_address>0x0</run_address>
         <size>0x0</size>
         <contents>
         </contents>
      </logical_group>
      <logical_group id="lg-11" display="no" color="cyan">
         <name>.infoD</name>
         <run_address>0x0</run_address>
         <size>0x0</size>
         <contents>
         </contents>
      </logical_group>
      <logical_group id="lg-12" display="no" color="cyan">
         <name>.int00</name>
         <run_address>0x0</run_address>
         <size>0x0</size>
         <contents>
         </contents>
      </logical_group>
      <logical_group id="lg-13" display="no" color="cyan">
         <name>.int01</name>
         <run_address>0x0</run_address>
         <size>0x0</size>
         <contents>
         </contents>
      </logical_group>
      <logical_group id="lg-14" display="no" color="cyan">
         <name>PORT1</name>
         <load_address>0xffe4</load_address>
         <run_address>0xffe4</run_address>
         <size>0x2</size>
         <contents>
            <object_component_ref idref="oc-2d"/>
         </contents>
      </logical_group>
      <logical_group id="lg-16" display="no" color="cyan">
         <name>PORT2</name>
         <load_address>0xffe6</load_address>
         <run_address>0xffe6</run_address>
         <size>0x2</size>
         <contents>
            <object_component_ref idref="oc-2e"/>
         </contents>
      </logical_group>
      <logical_group id="lg-18" display="no" color="cyan">
         <name>.int04</name>
         <run_address>0x0</run_address>
         <size>0x0</size>
         <contents>
         </contents>
      </logical_group>
      <logical_group id="lg-19" display="no" color="cyan">
         <name>ADC10</name>
         <load_address>0xffea</load_address>
         <run_address>0xffea</run_address>
         <size>0x2</size>
         <contents>
            <object_component_ref idref="oc-2f"/>
         </contents>
      </logical_group>
      <logical_group id="lg-1b" display="no" color="cyan">
         <name>USCIAB0TX</name>
         <load_address>0xffec</load_address>
         <run_address>0xffec</run_address>
         <size>0x2</size>
         <contents>
            <object_component_ref idref="oc-30"/>
         </contents>
      </logical_group>
      <logical_group id="lg-1d" display="no" color="cyan">
         <name>USCIAB0RX</name>
         <load_address>0xffee</load_address>
         <run_address>0xffee</run_address>
         <size>0x2</size>
         <contents>
            <object_component_ref idref="oc-31"/>
         </contents>
      </logical_group>
      <logical_group id="lg-1f" display="no" color="cyan">
         <name>TIMERA1</name>
         <load_address>0xfff0</load_address>
         <run_address>0xfff0</run_address>
         <size>0x2</size>
         <contents>
            <object_component_ref idref="oc-32"/>
         </contents>
      </logical_group>
      <logical_group id="lg-21" display="no" color="cyan">
         <name>TIMERA0</name>
         <load_address>0xfff2</load_address>
         <run_address>0xfff2</run_address>
         <size>0x2</size>
         <contents>
            <object_component_ref idref="oc-33"/>
         </contents>
      </logical_group>
      <logical_group id="lg-23" display="no" color="cyan">
         <name>WDT</name>
         <load_address>0xfff4</load_address>
         <run_address>0xfff4</run_address>
         <size>0x2</size>
         <contents>
            <object_component_ref idref="oc-34"/>
         </contents>
      </logical_group>
      <logical_group id="lg-25" display="no" color="cyan">
         <name>.int11</name>
         <run_address>0x0</run_address>
         <size>0x0</size>
         <contents>
         </contents>
      </logical_group>
      <logical_group id="lg-26" display="no" color="cyan">
         <name>TIMERB1</name>
         <load_address>0xfff8</load_address>
         <run_address>0xfff8</run_address>
         <size>0x2</size>
         <contents>
            <object_component_ref idref="oc-35"/>
         </contents>
      </logical_group>
      <logical_group id="lg-28" display="no" color="cyan">
         <name>TIMERB0</name>
         <load_address>0xfffa</load_address>
         <run_address>0xfffa</run_address>
         <size>0x2</size>
         <contents>
            <object_component_ref idref="oc-36"/>
         </contents>
      </logical_group>
      <logical_group id="lg-2a" display="no" color="cyan">
         <name>NMI</name>
         <load_address>0xfffc</load_address>
         <run_address>0xfffc</run_address>
         <size>0x2</size>
         <contents>
            <object_component_ref idref="oc-37"/>
         </contents>
      </logical_group>
      <logical_group id="lg-2c" display="no" color="cyan">
         <name>.reset</name>
         <load_address>0xfffe</load_address>
         <run_address>0xfffe</run_address>
         <size>0x2</size>
         <contents>
            <object_component_ref idref="oc-56"/>
         </contents>
      </logical_group>
      <logical_group id="lg-107" display="never" color="cyan">
         <name>.debug_info</name>
         <load_address>0x0</load_address>
         <run_address>0x0</run_address>
         <size>0x6283</size>
         <contents>
            <object_component_ref idref="oc-3a"/>
            <object_component_ref idref="oc-40"/>
            <object_component_ref idref="oc-46"/>
            <object_component_ref idref="oc-4b"/>
            <object_component_ref idref="oc-50"/>
            <object_component_ref idref="oc-54"/>
            <object_component_ref idref="oc-5a"/>
            <object_component_ref idref="oc-5e"/>
            <object_component_ref idref="oc-62"/>
            <object_component_ref idref="oc-67"/>
            <object_component_ref idref="oc-6a"/>
            <object_component_ref idref="oc-6d"/>
            <object_component_ref idref="oc-71"/>
            <object_component_ref idref="oc-76"/>
            <object_component_ref idref="oc-7a"/>
            <object_component_ref idref="oc-7d"/>
            <object_component_ref idref="oc-80"/>
            <object_component_ref idref="oc-84"/>
            <object_component_ref idref="oc-89"/>
            <object_component_ref idref="oc-8c"/>
            <object_component_ref idref="oc-90"/>
            <object_component_ref idref="oc-95"/>
            <object_component_ref idref="oc-99"/>
            <object_component_ref idref="oc-9d"/>
            <object_component_ref idref="oc-a1"/>
            <object_component_ref idref="oc-110"/>
         </contents>
      </logical_group>
      <logical_group id="lg-109" display="never" color="cyan">
         <name>.debug_frame</name>
         <load_address>0x0</load_address>
         <run_address>0x0</run_address>
         <size>0x793</size>
         <contents>
            <object_component_ref idref="oc-3c"/>
            <object_component_ref idref="oc-42"/>
            <object_component_ref idref="oc-47"/>
            <object_component_ref idref="oc-4c"/>
            <object_component_ref idref="oc-57"/>
            <object_component_ref idref="oc-5b"/>
            <object_component_ref idref="oc-5f"/>
            <object_component_ref idref="oc-63"/>
            <object_component_ref idref="oc-6e"/>
            <object_component_ref idref="oc-72"/>
            <object_component_ref idref="oc-81"/>
            <object_component_ref idref="oc-85"/>
            <object_component_ref idref="oc-8d"/>
            <object_component_ref idref="oc-91"/>
            <object_component_ref idref="oc-96"/>
            <object_component_ref idref="oc-9a"/>
            <object_component_ref idref="oc-9e"/>
         </contents>
      </logical_group>
      <logical_group id="lg-10b" display="never" color="cyan">
         <name>.debug_line</name>
         <load_address>0x0</load_address>
         <run_address>0x0</run_address>
         <size>0x1100</size>
         <contents>
            <object_component_ref idref="oc-3d"/>
            <object_component_ref idref="oc-43"/>
            <object_component_ref idref="oc-48"/>
            <object_component_ref idref="oc-4d"/>
            <object_component_ref idref="oc-51"/>
            <object_component_ref idref="oc-58"/>
            <object_component_ref idref="oc-5c"/>
            <object_component_ref idref="oc-60"/>
            <object_component_ref idref="oc-64"/>
            <object_component_ref idref="oc-68"/>
            <object_component_ref idref="oc-6b"/>
            <object_component_ref idref="oc-6f"/>
            <object_component_ref idref="oc-73"/>
            <object_component_ref idref="oc-77"/>
            <object_component_ref idref="oc-7b"/>
            <object_component_ref idref="oc-7e"/>
            <object_component_ref idref="oc-82"/>
            <object_component_ref idref="oc-86"/>
            <object_component_ref idref="oc-8a"/>
            <object_component_ref idref="oc-8e"/>
            <object_component_ref idref="oc-92"/>
            <object_component_ref idref="oc-97"/>
            <object_component_ref idref="oc-9b"/>
            <object_component_ref idref="oc-9f"/>
         </contents>
      </logical_group>
      <logical_group id="lg-10d" display="never" color="cyan">
         <name>.debug_abbrev</name>
         <load_address>0x0</load_address>
         <run_address>0x0</run_address>
         <size>0x11a0</size>
         <contents>
            <object_component_ref idref="oc-3e"/>
            <object_component_ref idref="oc-44"/>
            <object_component_ref idref="oc-49"/>
            <object_component_ref idref="oc-4e"/>
            <object_component_ref idref="oc-52"/>
            <object_component_ref idref="oc-59"/>
            <object_component_ref idref="oc-5d"/>
            <object_component_ref idref="oc-61"/>
            <object_component_ref idref="oc-65"/>
            <object_component_ref idref="oc-69"/>
            <object_component_ref idref="oc-6c"/>
            <object_component_ref idref="oc-70"/>
            <object_component_ref idref="oc-74"/>
            <object_component_ref idref="oc-78"/>
            <object_component_ref idref="oc-7c"/>
            <object_component_ref idref="oc-7f"/>
            <object_component_ref idref="oc-83"/>
            <object_component_ref idref="oc-87"/>
            <object_component_ref idref="oc-8b"/>
            <object_component_ref idref="oc-8f"/>
            <object_component_ref idref="oc-93"/>
            <object_component_ref idref="oc-98"/>
            <object_component_ref idref="oc-9c"/>
            <object_component_ref idref="oc-a0"/>
            <object_component_ref idref="oc-a2"/>
            <object_component_ref idref="oc-111"/>
         </contents>
      </logical_group>
   </logical_group_list>
   <placement_map>
      <memory_area display="no" color="green">
         <name>SFR</name>
         <page_id>0x0</page_id>
         <origin>0x0</origin>
         <length>0x10</length>
         <used_space>0x0</used_space>
         <unused_space>0x10</unused_space>
         <attributes>RWIX</attributes>
         <usage_details>
         </usage_details>
      </memory_area>
      <memory_area display="yes" color="green">
         <name>PERIPHERALS_8BIT</name>
         <page_id>0x0</page_id>
         <origin>0x10</origin>
         <length>0xf0</length>
         <used_space>0x0</used_space>
         <unused_space>0xf0</unused_space>
         <attributes>RWIX</attributes>
         <usage_details>
         </usage_details>
      </memory_area>
      <memory_area display="yes" color="green">
         <name>PERIPHERALS_16BIT</name>
         <page_id>0x0</page_id>
         <origin>0x100</origin>
         <length>0x100</length>
         <used_space>0x0</used_space>
         <unused_space>0x100</unused_space>
         <attributes>RWIX</attributes>
         <usage_details>
         </usage_details>
      </memory_area>
      <memory_area display="yes" color="green">
         <name>RAM</name>
         <page_id>0x0</page_id>
         <origin>0x200</origin>
         <length>0x400</length>
         <used_space>0x3b0</used_space>
         <unused_space>0x50</unused_space>
         <attributes>RWIX</attributes>
         <usage_details>
            <allocated_space>
               <start_address>0x200</start_address>
               <size>0x0</size>
               <logical_group_ref idref="lg-3"/>
            </allocated_space>
            <allocated_space>
               <start_address>0x200</start_address>
               <size>0x360</size>
               <logical_group_ref idref="lg-2"/>
            </allocated_space>
            <available_space>
               <start_address>0x560</start_address>
               <size>0x50</size>
            </available_space>
            <allocated_space>
               <start_address>0x5b0</start_address>
               <size>0x50</size>
               <logical_group_ref idref="lg-5"/>
            </allocated_space>
         </usage_details>
      </memory_area>
      <memory_area display="no" color="green">
         <name>INFOD</name>
         <page_id>0x0</page_id>
         <origin>0x1000</origin>
         <length>0x40</length>
         <used_space>0x0</used_space>
         <unused_space>0x40</unused_space>
         <attributes>RWIX</attributes>
         <usage_details>
         </usage_details>
      </memory_area>
      <memory_area display="no" color="green">
         <name>INFOC</name>
         <page_id>0x0</page_id>
         <origin>0x1040</origin>
         <length>0x40</length>
         <used_space>0x0</used_space>
         <unused_space>0x40</unused_space>
         <attributes>RWIX</attributes>
         <usage_details>
         </usage_details>
      </memory_area>
      <memory_area display="no" color="green">
         <name>INFOB</name>
         <page_id>0x0</page_id>
         <origin>0x1080</origin>
         <length>0x40</length>
         <used_space>0x0</used_space>
         <unused_space>0x40</unused_space>
         <attributes>RWIX</attributes>
         <usage_details>
         </usage_details>
      </memory_area>
      <memory_area display="no" color="green">
         <name>INFOA</name>
         <page_id>0x0</page_id>
         <origin>0x10c0</origin>
         <length>0x40</length>
         <used_space>0x0</used_space>
         <unused_space>0x40</unused_space>
         <attributes>RWIX</attributes>
         <usage_details>
         </usage_details>
      </memory_area>
      <memory_area display="yes" color="green">
         <name>FLASH</name>
         <page_id>0x0</page_id>
         <origin>0x8000</origin>
         <length>0x7fde</length>
         <used_space>0x3436</used_space>
         <unused_space>0x4ba8</unused_space>
         <attributes>RWIX</attributes>
         <usage_details>
            <allocated_space>
               <start_address>0x8000</start_address>
               <size>0x1b56</size>
               <logical_group_ref idref="lg-6"/>
            </allocated_space>
            <allocated_space>
               <start_address>0x9b56</start_address>
               <size>0x18e0</size>
               <logical_group_ref idref="lg-8"/>
            </allocated_space>
            <available_space>
               <start_address>0xb436</start_address>
               <size>0x4ba8</size>
            </available_space>
         </usage_details>
      </memory_area>
      <memory_area display="no" color="green">
         <name>INT00</name>
         <page_id>0x0</page_id>
         <origin>0xffe0</origin>
         <length>0x2</length>
         <used_space>0x0</used_space>
         <unused_space>0x2</unused_space>
         <attributes>RWIX</attributes>
         <usage_details>
         </usage_details>
      </memory_area>
      <memory_area display="no" color="green">
         <name>INT01</name>
         <page_id>0x0</page_id>
         <origin>0xffe2</origin>
         <length>0x2</length>
         <used_space>0x0</used_space>
         <unused_space>0x2</unused_space>
         <attributes>RWIX</attributes>
         <usage_details>
         </usage_details>
      </memory_area>
      <memory_area display="no" color="green">
         <name>INT02</name>
         <page_id>0x0</page_id>
         <origin>0xffe4</origin>
         <length>0x2</length>
         <used_space>0x2</used_space>
         <unused_space>0x0</unused_space>
         <attributes>RWIX</attributes>
         <usage_details>
            <allocated_space>
               <start_address>0xffe4</start_address>
               <size>0x2</size>
               <logical_group_ref idref="lg-14"/>
            </allocated_space>
         </usage_details>
      </memory_area>
      <memory_area display="no" color="green">
         <name>INT03</name>
         <page_id>0x0</page_id>
         <origin>0xffe6</origin>
         <length>0x2</length>
         <used_space>0x2</used_space>
         <unused_space>0x0</unused_space>
         <attributes>RWIX</attributes>
         <usage_details>
            <allocated_space>
               <start_address>0xffe6</start_address>
               <size>0x2</size>
[...]
         <name>beehive</name>
         <value>0xb2ee</value>
         <object_component_ref idref="oc-cf"/>
      </symbol>
      <symbol id="sm-138">
         <name>pulsar</name>
         <value>0xafb4</value>
         <object_component_ref idref="oc-c6"/>
      </symbol>
      <symbol id="sm-139">
         <name>ISR_trap</name>
         <value>0x9a42</value>
         <object_component_ref idref="oc-a4"/>
      </symbol>
      <symbol id="sm-13a">
         <name>hexapole</name>
         <value>0xb18a</value>
         <object_component_ref idref="oc-c8"/>
      </symbol>
      <symbol id="sm-13b">
         <name>lwss</name>
         <value>0xb266</value>
         <object_component_ref idref="oc-ce"/>
      </symbol>
      <symbol id="sm-13c">
         <name>by_flop</name>
         <value>0xb1c8</value>
         <object_component_ref idref="oc-d5"/>
      </symbol>
      <symbol id="sm-13d">
         <name>Port_1_ISR</name>
         <value>0x9b26</value>
         <object_component_ref idref="oc-a3"/>
      </symbol>
      <symbol id="sm-13e">
         <name>beacon</name>
         <value>0xb2c2</value>
         <object_component_ref idref="oc-d3"/>
      </symbol>
      <symbol id="sm-13f">
         <name>toad</name>
         <value>0xb38e</value>
         <object_component_ref idref="oc-d2"/>
      </symbol>
      <symbol id="sm-140">
         <name>init_life</name>
         <value>0x8a8a</value>
         <object_component_ref idref="oc-b7"/>
      </symbol>
      <symbol id="sm-141">
         <name>watchdog_init</name>
         <value>0x9ab6</value>
         <object_component_ref idref="oc-ae"/>
      </symbol>
      <symbol id="sm-142">
         <name>blinker</name>
         <value>0xb3d6</value>
         <object_component_ref idref="oc-d4"/>
      </symbol>
      <symbol id="sm-143">
         <name>glider</name>
         <value>0xb340</value>
         <object_component_ref idref="oc-cc"/>
      </symbol>
      <symbol id="sm-144">
         <name>WDT_Sec_Cnt</name>
         <value>0x546</value>
         <object_component_ref idref="oc-39"/>
      </symbol>
      <symbol id="sm-145">
         <name>seconds</name>
         <value>0x54a</value>
         <object_component_ref idref="oc-39"/>
      </symbol>
      <symbol id="sm-146">
         <name>life_image</name>
         <value>0x9b56</value>
         <object_component_ref idref="oc-b3"/>
      </symbol>
      <symbol id="sm-147">
         <name>boat</name>
         <value>0xb318</value>
         <object_component_ref idref="oc-d1"/>
      </symbol>
      <symbol id="sm-148">
         <name>switches</name>
         <value>0x54c</value>
         <object_component_ref idref="oc-39"/>
      </symbol>
      <symbol id="sm-149">
         <name>WDT_debounce_cnt</name>
         <value>0x548</value>
         <object_component_ref idref="oc-39"/>
      </symbol>
      <symbol id="sm-14a">
         <name>gosper_glider_gun</name>
         <value>0xb04e</value>
         <object_component_ref idref="oc-c4"/>
      </symbol>
      <symbol id="sm-14b">
         <name>display_results</name>
         <value>0x92f6</value>
         <object_component_ref idref="oc-ba"/>
      </symbol>
      <symbol id="sm-14c">
         <name>jon_arbuckle</name>
         <value>0xa3de</value>
         <object_component_ref idref="oc-d6"/>
      </symbol>
      <symbol id="sm-14d">
         <name>loafer</name>
         <value>0xb13a</value>
         <object_component_ref idref="oc-c9"/>
      </symbol>
      <symbol id="sm-195">
         <name>temp</name>
         <value>0x544</value>
         <object_component_ref idref="oc-3f"/>
      </symbol>
      <symbol id="sm-196">
         <name>life_cur</name>
         <value>0x52a</value>
         <object_component_ref idref="oc-3f"/>
      </symbol>
      <symbol id="sm-197">
         <name>life_nr</name>
         <value>0x542</value>
         <object_component_ref idref="oc-3f"/>
      </symbol>
      <symbol id="sm-198">
         <name>draw_rle_pattern</name>
         <value>0x8cbc</value>
         <object_component_ref idref="oc-c5"/>
      </symbol>
      <symbol id="sm-199">
         <name>life_cr</name>
         <value>0x540</value>
         <object_component_ref idref="oc-3f"/>
      </symbol>
      <symbol id="sm-19a">
         <name>main</name>
         <value>0x83ac</value>
         <object_component_ref idref="oc-a9"/>
      </symbol>
      <symbol id="sm-19b">
         <name>life</name>
         <value>0x200</value>
         <object_component_ref idref="oc-3f"/>
      </symbol>
      <symbol id="sm-19c">
         <name>life_nex</name>
         <value>0x534</value>
         <object_component_ref idref="oc-3f"/>
      </symbol>
      <symbol id="sm-19d">
         <name>life_prev</name>
         <value>0x520</value>
         <object_component_ref idref="oc-3f"/>
      </symbol>
      <symbol id="sm-19e">
         <name>life_pr</name>
         <value>0x53e</value>
         <object_component_ref idref="oc-3f"/>
      </symbol>
      <symbol id="sm-27a">
         <name>lcd_mode</name>
         <value>0x99a4</value>
         <object_component_ref idref="oc-dc"/>
      </symbol>
      <symbol id="sm-27b">
         <name>px_off</name>
         <value>0xb42a</value>
         <object_component_ref idref="oc-da"/>
      </symbol>
      <symbol id="sm-27c">
         <name>lcd_backlight</name>
         <value>0x9a82</value>
         <object_component_ref idref="oc-b2"/>
      </symbol>
      <symbol id="sm-27d">
         <name>lcd_cursor</name>
         <value>0x9836</value>
         <object_component_ref idref="oc-b5"/>
      </symbol>
      <symbol id="sm-27e">
         <name>lcd_putchar</name>
         <value>0x8ec4</value>
         <object_component_ref idref="oc-c1"/>
      </symbol>
      <symbol id="sm-27f">
         <name>lcd_set</name>
         <value>0x98ac</value>
         <object_component_ref idref="oc-be"/>
      </symbol>
      <symbol id="sm-280">
         <name>lcd_clear</name>
         <value>0x9b32</value>
         <object_component_ref idref="oc-b0"/>
      </symbol>
      <symbol id="sm-281">
         <name>lcd_set_x_y</name>
         <value>0x97f6</value>
         <object_component_ref idref="oc-bf"/>
      </symbol>
      <symbol id="sm-282">
         <name>lcd_printf</name>
         <value>0x98e4</value>
         <object_component_ref idref="oc-b6"/>
      </symbol>
      <symbol id="sm-283">
         <name>lcd_WD</name>
         <value>0x960c</value>
         <object_component_ref idref="oc-df"/>
      </symbol>
      <symbol id="sm-284">
         <name>lcd_WD2</name>
         <value>0x96d8</value>
         <object_component_ref idref="oc-de"/>
      </symbol>
      <symbol id="sm-285">
         <name>lcd_point</name>
         <value>0x8754</value>
         <object_component_ref idref="oc-b9"/>
      </symbol>
      <symbol id="sm-286">
         <name>lcd_init</name>
         <value>0x91a4</value>
         <object_component_ref idref="oc-ad"/>
      </symbol>
      <symbol id="sm-287">
         <name>lcd_rectangle</name>
         <value>0x94ac</value>
         <object_component_ref idref="oc-c3"/>
      </symbol>
      <symbol id="sm-288">
         <name>cs</name>
         <value>0xab0a</value>
         <object_component_ref idref="oc-dd"/>
      </symbol>
      <symbol id="sm-289">
         <name>dv3</name>
         <value>0xaf12</value>
         <object_component_ref idref="oc-d9"/>
      </symbol>
      <symbol id="sm-28a">
         <name>lcd_wordImage</name>
         <value>0x9048</value>
         <object_component_ref idref="oc-b4"/>
      </symbol>
      <symbol id="sm-28b">
         <name>px_on</name>
         <value>0xb430</value>
         <object_component_ref idref="oc-db"/>
      </symbol>
      <symbol id="sm-2af">
         <name>ADC10_ISR</name>
         <value>0x9b3c</value>
         <object_component_ref idref="oc-a5"/>
      </symbol>
      <symbol id="sm-2b0">
         <name>__TI_int05</name>
         <value>0xffea</value>
         <object_component_ref idref="oc-2f"/>
      </symbol>
      <symbol id="sm-2b1">
         <name>RBX430_init</name>
         <value>0x93e0</value>
         <object_component_ref idref="oc-ac"/>
      </symbol>
      <symbol id="sm-2b2">
         <name>i2c_fSCL</name>
         <value>0x55e</value>
         <object_component_ref idref="oc-4a"/>
      </symbol>
      <symbol id="sm-2b3">
         <name>ERROR2</name>
         <value>0x956c</value>
         <object_component_ref idref="oc-ab"/>
      </symbol>
      <symbol id="sm-2bb">
         <name>I_ASR</name>
         <value>0x994c</value>
         <object_component_ref idref="oc-4f"/>
      </symbol>
      <symbol id="sm-2bc">
         <name>I_ASR_12</name>
         <value>0x995e</value>
         <object_component_ref idref="oc-4f"/>
      </symbol>
      <symbol id="sm-2bd">
         <name>I_ASR_13</name>
         <value>0x995c</value>
         <object_component_ref idref="oc-4f"/>
      </symbol>
      <symbol id="sm-2be">
         <name>I_ASR_10</name>
         <value>0x9962</value>
         <object_component_ref idref="oc-4f"/>
      </symbol>
      <symbol id="sm-2bf">
         <name>I_ASR_11</name>
         <value>0x9960</value>
         <object_component_ref idref="oc-4f"/>
      </symbol>
      <symbol id="sm-2c0">
         <name>I_ASR_14</name>
         <value>0x995a</value>
         <object_component_ref idref="oc-4f"/>
      </symbol>
      <symbol id="sm-2c1">
         <name>I_ASR_15</name>
         <value>0x9958</value>
         <object_component_ref idref="oc-4f"/>
      </symbol>
      <symbol id="sm-2c2">
         <name>I_ASR_3</name>
         <value>0x9970</value>
         <object_component_ref idref="oc-4f"/>
      </symbol>
      <symbol id="sm-2c3">
         <name>I_ASR_2</name>
         <value>0x9972</value>
         <object_component_ref idref="oc-4f"/>
      </symbol>
      <symbol id="sm-2c4">
         <name>I_ASR_1</name>
         <value>0x9974</value>
         <object_component_ref idref="oc-4f"/>
      </symbol>
      <symbol id="sm-2c5">
         <name>I_ASR_7</name>
         <value>0x9968</value>
         <object_component_ref idref="oc-4f"/>
      </symbol>
      <symbol id="sm-2c6">
         <name>I_ASR_6</name>
         <value>0x996a</value>
         <object_component_ref idref="oc-4f"/>
      </symbol>
      <symbol id="sm-2c7">
         <name>I_ASR_5</name>
         <value>0x996c</value>
         <object_component_ref idref="oc-4f"/>
      </symbol>
      <symbol id="sm-2c8">
         <name>I_ASR_4</name>
         <value>0x996e</value>
         <object_component_ref idref="oc-4f"/>
      </symbol>
      <symbol id="sm-2c9">
         <name>I_ASR_9</name>
         <value>0x9964</value>
         <object_component_ref idref="oc-4f"/>
      </symbol>
      <symbol id="sm-2ca">
         <name>I_ASR_8</name>
         <value>0x9966</value>
         <object_component_ref idref="oc-4f"/>
      </symbol>
      <symbol id="sm-2da">
         <name>_c_int00</name>
         <value>0x9a64</value>
         <object_component_ref idref="oc-38"/>
      </symbol>
      <symbol id="sm-2db">
         <name>_stack</name>
         <value>0x5b0</value>
         <object_component_ref idref="oc-55"/>
      </symbol>
      <symbol id="sm-2dc">
         <name>_c_int00_noinit_noexit</name>
         <value>0x9a64</value>
         <object_component_ref idref="oc-38"/>
      </symbol>
      <symbol id="sm-2dd">
         <name>__TI_dtors_ptr</name>
         <value>0x55c</value>
         <object_component_ref idref="oc-53"/>
      </symbol>
      <symbol id="sm-2de">
         <name>__TI_cleanup_ptr</name>
         <value>0x55a</value>
         <object_component_ref idref="oc-53"/>
      </symbol>
      <symbol id="sm-2df">
         <name>_reset_vector</name>
         <value>0xfffe</value>
         <object_component_ref idref="oc-56"/>
      </symbol>
      <symbol id="sm-2fe">
         <name>__remu</name>
         <value>0x9aa0</value>
         <object_component_ref idref="oc-66"/>
      </symbol>
      <symbol id="sm-2ff">
         <name>__divu</name>
         <value>0x9aa0</value>
         <object_component_ref idref="oc-66"/>
      </symbol>
      <symbol id="sm-30f">
         <name>C$$EXIT</name>
         <value>0x9b50</value>
         <object_component_ref idref="oc-aa"/>
      </symbol>
      <symbol id="sm-310">
         <name>abort</name>
         <value>0x9b50</value>
         <object_component_ref idref="oc-aa"/>
      </symbol>
      <symbol id="sm-311">
         <name>__TI_exit</name>
         <value>0x1</value>
      </symbol>
      <symbol id="sm-31b">
         <name>isdigit</name>
         <value>0x9b44</value>
         <object_component_ref idref="oc-e5"/>
      </symbol>
      <symbol id="sm-323">
         <name>I_LSL</name>
         <value>0x9978</value>
         <object_component_ref idref="oc-75"/>
      </symbol>
      <symbol id="sm-324">
         <name>I_LSL_3</name>
         <value>0x999c</value>
         <object_component_ref idref="oc-75"/>
      </symbol>
      <symbol id="sm-325">
         <name>I_LSL_2</name>
         <value>0x999e</value>
         <object_component_ref idref="oc-75"/>
      </symbol>
      <symbol id="sm-326">
         <name>I_LSL_1</name>
         <value>0x99a0</value>
         <object_component_ref idref="oc-75"/>
      </symbol>
      <symbol id="sm-327">
         <name>I_LSL_7</name>
         <value>0x9994</value>
         <object_component_ref idref="oc-75"/>
      </symbol>
      <symbol id="sm-328">
         <name>I_LSL_6</name>
         <value>0x9996</value>
         <object_component_ref idref="oc-75"/>
      </symbol>
      <symbol id="sm-329">
         <name>I_LSL_5</name>
         <value>0x9998</value>
         <object_component_ref idref="oc-75"/>
      </symbol>
      <symbol id="sm-32a">
         <name>I_LSL_4</name>
         <value>0x999a</value>
         <object_component_ref idref="oc-75"/>
      </symbol>
      <symbol id="sm-32b">
         <name>I_LSL_9</name>
         <value>0x9990</value>
         <object_component_ref idref="oc-75"/>
      </symbol>
      <symbol id="sm-32c">
         <name>I_LSL_8</name>
         <value>0x9992</value>
         <object_component_ref idref="oc-75"/>
      </symbol>
      <symbol id="sm-32d">
         <name>I_LSL_12</name>
         <value>0x998a</value>
         <object_component_ref idref="oc-75"/>
      </symbol>
      <symbol id="sm-32e">
         <name>I_LSL_13</name>
         <value>0x9988</value>
         <object_component_ref idref="oc-75"/>
      </symbol>
      <symbol id="sm-32f">
         <name>I_LSL_10</name>
         <value>0x998e</value>
         <object_component_ref idref="oc-75"/>
      </symbol>
      <symbol id="sm-330">
         <name>I_LSL_11</name>
         <value>0x998c</value>
         <object_component_ref idref="oc-75"/>
      </symbol>
      <symbol id="sm-331">
         <name>I_LSL_14</name>
         <value>0x9986</value>
         <object_component_ref idref="oc-75"/>
      </symbol>
      <symbol id="sm-332">
         <name>I_LSL_15</name>
         <value>0x9984</value>
         <object_component_ref idref="oc-75"/>
      </symbol>
      <symbol id="sm-33a">
         <name>I_LSR</name>
         <value>0x9726</value>
         <object_component_ref idref="oc-79"/>
      </symbol>
      <symbol id="sm-33b">
         <name>I_LSR_12</name>
         <value>0x9740</value>
         <object_component_ref idref="oc-79"/>
      </symbol>
      <symbol id="sm-33c">
         <name>I_LSR_13</name>
         <value>0x973c</value>
         <object_component_ref idref="oc-79"/>
      </symbol>
      <symbol id="sm-33d">
         <name>I_LSR_10</name>
         <value>0x9748</value>
         <object_component_ref idref="oc-79"/>
      </symbol>
      <symbol id="sm-33e">
         <name>I_LSR_11</name>
         <value>0x9744</value>
         <object_component_ref idref="oc-79"/>
      </symbol>
      <symbol id="sm-33f">
         <name>I_LSR_14</name>
         <value>0x9738</value>
         <object_component_ref idref="oc-79"/>
      </symbol>
      <symbol id="sm-340">
         <name>I_LSR_15</name>
         <value>0x9734</value>
         <object_component_ref idref="oc-79"/>
      </symbol>
      <symbol id="sm-341">
         <name>I_LSR_3</name>
         <value>0x9764</value>
         <object_component_ref idref="oc-79"/>
      </symbol>
      <symbol id="sm-342">
         <name>I_LSR_2</name>
         <value>0x9768</value>
         <object_component_ref idref="oc-79"/>
      </symbol>
      <symbol id="sm-343">
         <name>I_LSR_1</name>
         <value>0x976c</value>
         <object_component_ref idref="oc-79"/>
      </symbol>
      <symbol id="sm-344">
         <name>I_LSR_7</name>
         <value>0x9754</value>
         <object_component_ref idref="oc-79"/>
      </symbol>
      <symbol id="sm-345">
         <name>I_LSR_6</name>
         <value>0x9758</value>
         <object_component_ref idref="oc-79"/>
      </symbol>
      <symbol id="sm-346">
         <name>I_LSR_5</name>
         <value>0x975c</value>
         <object_component_ref idref="oc-79"/>
      </symbol>
      <symbol id="sm-347">
         <name>I_LSR_4</name>
         <value>0x9760</value>
         <object_component_ref idref="oc-79"/>
      </symbol>
      <symbol id="sm-348">
         <name>I_LSR_9</name>
         <value>0x974c</value>
         <object_component_ref idref="oc-79"/>
      </symbol>
      <symbol id="sm-349">
         <name>I_LSR_8</name>
         <value>0x9750</value>
         <object_component_ref idref="oc-79"/>
      </symbol>
      <symbol id="sm-353">
         <name>L_LSR</name>
         <value>0x9af4</value>
         <object_component_ref idref="oc-e2"/>
      </symbol>
      <symbol id="sm-35f">
         <name>memcpy</name>
         <value>0x9b06</value>
         <object_component_ref idref="oc-b8"/>
      </symbol>
      <symbol id="sm-36b">
         <name>memset</name>
         <value>0x9acc</value>
         <object_component_ref idref="oc-b1"/>
      </symbol>
      <symbol id="sm-375">
         <name>__mpyi</name>
         <value>0x9ae0</value>
         <object_component_ref idref="oc-88"/>
      </symbol>
      <symbol id="sm-37f">
         <name>_system_pre_init</name>
         <value>0x9b4c</value>
         <object_component_ref idref="oc-a8"/>
      </symbol>
      <symbol id="sm-38a">
         <name>strlen</name>
         <value>0x9b18</value>
         <object_component_ref idref="oc-e0"/>
      </symbol>
      <symbol id="sm-396">
         <name>_nop</name>
         <value>0x9b54</value>
         <object_component_ref idref="oc-a7"/>
      </symbol>
      <symbol id="sm-397">
         <name>_lock</name>
         <value>0x556</value>
         <object_component_ref idref="oc-94"/>
      </symbol>
      <symbol id="sm-398">
         <name>_unlock</name>
         <value>0x558</value>
         <object_component_ref idref="oc-94"/>
      </symbol>
      <symbol id="sm-3a0">
         <name>__TI_args_main</name>
         <value>0x1</value>
      </symbol>
      <symbol id="sm-3a8">
         <name>__TI_auto_init</name>
         <value>0x1</value>
      </symbol>
      <symbol id="sm-3b0">
         <name>_ctypes_</name>
         <value>0xae10</value>
         <object_component_ref idref="oc-e6"/>
      </symbol>
   </symbol_table>
   <title>Link successful</title>
</link_info>
