******************************************************************************
                  MSP430 Linker PC v4.2.1                      
******************************************************************************
>> Linked Mon Apr 07 12:09:34 2014

OUTPUT FILE NAME:   <Lab 10 Pong.out>
ENTRY POINT SYMBOL: "_c_int00"  address: 000093da


MEMORY CONFIGURATION

         name            origin    length      used     unused   attr    fill
----------------------  --------  ---------  --------  --------  ----  --------
  SFR                   00000000   00000010  00000000  00000010  RWIX
  PERIPHERALS_8BIT      00000010   000000f0  00000000  000000f0  RWIX
  PERIPHERALS_16BIT     00000100   00000100  00000000  00000100  RWIX
  RAM                   00000200   00000400  0000008e  00000372  RWIX
  INFOD                 00001000   00000040  00000000  00000040  RWIX
  INFOC                 00001040   00000040  00000000  00000040  RWIX
  INFOB                 00001080   00000040  00000000  00000040  RWIX
  INFOA                 000010c0   00000040  00000000  00000040  RWIX
  FLASH                 00008000   00007fde  0000235a  00005c84  RWIX
  INT00                 0000ffe0   00000002  00000000  00000002  RWIX
  INT01                 0000ffe2   00000002  00000000  00000002  RWIX
  INT02                 0000ffe4   00000002  00000002  00000000  RWIX
  INT03                 0000ffe6   00000002  00000002  00000000  RWIX
  INT04                 0000ffe8   00000002  00000000  00000002  RWIX
  INT05                 0000ffea   00000002  00000002  00000000  RWIX
  INT06                 0000ffec   00000002  00000002  00000000  RWIX
  INT07                 0000ffee   00000002  00000002  00000000  RWIX
  INT08                 0000fff0   00000002  00000002  00000000  RWIX
  INT09                 0000fff2   00000002  00000002  00000000  RWIX
  INT10                 0000fff4   00000002  00000002  00000000  RWIX
  INT11                 0000fff6   00000002  00000000  00000002  RWIX
  INT12                 0000fff8   00000002  00000002  00000000  RWIX
  INT13                 0000fffa   00000002  00000002  00000000  RWIX
  INT14                 0000fffc   00000002  00000002  00000000  RWIX
  RESET                 0000fffe   00000002  00000002  00000000  RWIX


SECTION ALLOCATION MAP

 output                                  attributes/
section   page    origin      length       input sections
--------  ----  ----------  ----------   ----------------
.pinit     0    00008000    00000000     UNINITIALIZED

.bss       0    00000200    0000003e     UNINITIALIZED
                  00000200    0000001a     pongEvents.obj (.bss)
                  0000021a    0000000e     pongInterrupts.obj (.bss)
                  00000228    00000006     RBX430_lcd.obj (.bss)
                  0000022e    00000004     rts430.lib : _lock.obj (.bss)
                  00000232    00000004                : boot.obj (.bss)
                  00000236    00000004                : rand.obj (.bss)
                  0000023a    00000002     RBX430-1.obj (.bss)
                  0000023c    00000002     pong.obj (.bss)

.data      0    00000200    00000000     UNINITIALIZED

.stack     0    000005b0    00000050     UNINITIALIZED
                  000005b0    00000002     rts430.lib : boot.obj (.stack)
                  000005b2    0000004e     --HOLE--

.text      0    00008000    00001646     
                  00008000    000003c6     pongLib.obj (.text:drawBall)
                  000083c6    00000246     RBX430_lcd.obj (.text:lcd_point)
                  0000860c    00000244     RBX430_lcd.obj (.text:my_printfi)
                  00008850    00000146     RBX430_lcd.obj (.text:lcd_init)
                  00008996    00000132     RBX430_lcd.obj (.text:lcd_putchar)
                  00008ac8    000000d4     RBX430_lcd.obj (.text:lcd_wordImage)
                  00008b9c    000000ce     pongEvents.obj (.text:NEW_GAME_event)
                  00008c6a    000000be     RBX430-1.obj (.text:RBX430_init)
                  00008d28    000000bc     RBX430-1.obj (.text:ADC_read)
                  00008de4    000000a8     pong.obj (.text:main)
                  00008e8c    0000009a     pongInterrupts.obj (.text:WDT_ISR)
                  00008f26    00000076     RBX430-1.obj (.text:ERROR2)
                  00008f9c    0000006c     pongLib.obj (.text:drawPaddle)
                  00009008    0000005e     RBX430_lcd.obj (.text:lcd_WD)
                  00009066    00000058     pongEvents.obj (.text:MOVE_BALL_event)
                  000090be    0000004c     rts430.lib : lsr16.obj (.text)
                  0000910a    0000004a     RBX430_lcd.obj (.text:lcd_WD2)
                  00009154    00000048     rts430.lib : autoinit.obj (.text:_auto_init)
                  0000919c    00000046     RBX430_lcd.obj (.text:DelayMs)
                  000091e2    00000038     pongEvents.obj (.text:ADC_READ_event)
                  0000921a    00000038     RBX430_lcd.obj (.text:ReadDataWord)
                  00009252    00000038     rts430.lib : rand.obj (.text:rand)
                  0000928a    00000034     RBX430_lcd.obj (.text:WriteDataWord)
                  000092be    00000034     RBX430_lcd.obj (.text:lcd_set_x_y)
                  000092f2    00000032     pongInterrupts.obj (.text:port1_init)
                  00009324    00000030     RBX430_lcd.obj (.text:lcd_cursor)
                  00009354    0000002e     RBX430_lcd.obj (.text:lcd_set)
                  00009382    0000002c     RBX430_lcd.obj (.text:lcd_volume)
                  000093ae    0000002c     rts430.lib : lsl16.obj (.text)
                  000093da    00000026                : boot.obj (.text:_c_int00_noexit)
                  00009400    00000026                : mult32.obj (.text)
                  00009426    00000024     RBX430_lcd.obj (.text:lcd_fillImage)
                  0000944a    00000024     RBX430_lcd.obj (.text:lcd_printf)
                  0000946e    00000022     pongInterrupts.obj (.text:ISR_trap)
                  00009490    00000022     pongEvents.obj (.text:new_paddle)
                  000094b2    00000020     RBX430_lcd.obj (.text:ReadData)
                  000094d2    0000001e     RBX430_lcd.obj (.text:WriteCmd)
                  000094f0    0000001e     RBX430_lcd.obj (.text:WriteData)
                  0000950e    0000001e     RBX430_lcd.obj (.text:lcd_mode)
                  0000952c    0000001a     pongEvents.obj (.text:new_ball)
                  00009546    0000001a     pongInterrupts.obj (.text:timerB_init)
                  00009560    0000001a     pongInterrupts.obj (.text:watchdog_init)
                  0000957a    00000018     pongInterrupts.obj (.text:TIMERA1_ISR)
                  00009592    00000014     RBX430_lcd.obj (.text:lcd_backlight)
                  000095a6    00000014     rts430.lib : mult16.obj (.text)
                  000095ba    00000012                : lsr32.obj (.text:l_lsr)
                  000095cc    00000012                : memcpy.obj (.text:memcpy)
                  000095de    00000012     pongInterrupts.obj (.text:timerA_init)
                  000095f0    00000010     rts430.lib : epilog.obj (.text)
                  00009600    0000000e     pongInterrupts.obj (.text:Port_1_ISR)
                  0000960e    0000000e     rts430.lib : strlen.obj (.text:strlen)
                  0000961c    0000000a                : abs.obj (.text:abs)
                  00009626    0000000a     RBX430_lcd.obj (.text:lcd_clear)
                  00009630    00000008     RBX430-1.obj (.text:ADC10_ISR)
                  00009638    00000004     RBX430-1.obj (.text:ADC_init)
                  0000963c    00000004     rts430.lib : pre_init.obj (.text:_system_pre_init)
                  00009640    00000004                : exit.obj (.text:abort)
                  00009644    00000002                : _lock.obj (.text:_nop)

.const     0    00009646    00000d0a     
                  00009646    00000a12     pongImages.obj (.const:pong_image)
                  0000a058    000001e0     RBX430_lcd.obj (.const:cs)
                  0000a238    000000a2     RBX430_lcd.obj (.const:.string:dv3)
                  0000a2da    0000002c     RBX430_lcd.obj (.const:dv$3)
                  0000a306    0000001a     pongEvents.obj (.const:.string)
                  0000a320    00000011     RBX430_lcd.obj (.const:.string:lHexChar$1)
                  0000a331    00000001     --HOLE-- [fill = 0]
                  0000a332    00000011     RBX430_lcd.obj (.const:.string:uHexChar$2)
                  0000a343    00000001     --HOLE-- [fill = 0]
                  0000a344    00000006     RBX430_lcd.obj (.const:px_off)
                  0000a34a    00000006     RBX430_lcd.obj (.const:px_on)

.cinit     0    0000a350    0000000a     
                  0000a350    00000008     rts430.lib : rand.obj (.cinit)
                  0000a358    00000002     --HOLE-- [fill = 0]

PORT1      0    0000ffe4    00000002     
                  0000ffe4    00000002     pongInterrupts.obj (.int02)

PORT2      0    0000ffe6    00000002     
                  0000ffe6    00000002     pongInterrupts.obj (.int03)

ADC10      0    0000ffea    00000002     
                  0000ffea    00000002     RBX430-1.obj (.int05)

USCIAB0TX 
*          0    0000ffec    00000002     
                  0000ffec    00000002     pongInterrupts.obj (.int06)

USCIAB0RX 
*          0    0000ffee    00000002     
                  0000ffee    00000002     pongInterrupts.obj (.int07)

TIMERA1    0    0000fff0    00000002     
                  0000fff0    00000002     pongInterrupts.obj (.int08)

TIMERA0    0    0000fff2    00000002     
                  0000fff2    00000002     pongInterrupts.obj (.int09)

WDT        0    0000fff4    00000002     
                  0000fff4    00000002     pongInterrupts.obj (.int10)

TIMERB1    0    0000fff8    00000002     
                  0000fff8    00000002     pongInterrupts.obj (.int12)

TIMERB0    0    0000fffa    00000002     
                  0000fffa    00000002     pongInterrupts.obj (.int13)

NMI        0    0000fffc    00000002     
                  0000fffc    00000002     pongInterrupts.obj (.int14)

.reset     0    0000fffe    00000002     
                  0000fffe    00000002     rts430.lib : boot.obj (.reset)


GLOBAL SYMBOLS: SORTED ALPHABETICALLY BY Name 

address    name
--------   ----
00000200   .bss
00000200   .data
00008000   .text
0000004a   ADC10AE0
0000004b   ADC10AE1
000001b0   ADC10CTL0
000001b2   ADC10CTL1
00000048   ADC10DTC0
00000049   ADC10DTC1
000001b4   ADC10MEM
000001bc   ADC10SA
00009630   ADC10_ISR
000091e2   ADC_READ_event
00009638   ADC_init
00008d28   ADC_read
00000057   BCSCTL1
00000058   BCSCTL2
00000053   BCSCTL3
00009640   C$$EXIT
000010fb   CALBC1_12MHZ
000010f9   CALBC1_16MHZ
000010ff   CALBC1_1MHZ
000010fd   CALBC1_8MHZ
000010fa   CALDCO_12MHZ
000010f8   CALDCO_16MHZ
000010fe   CALDCO_1MHZ
000010fc   CALDCO_8MHZ
00000056   DCOCTL
00008f26   ERROR2
00000128   FCTL1
0000012a   FCTL2
0000012c   FCTL3
00000000   IE1
00000001   IE2
00000002   IFG1
00000003   IFG2
0000946e   ISR_trap
000093ae   I_LSL
000093d6   I_LSL_1
000093c4   I_LSL_10
000093c2   I_LSL_11
000093c0   I_LSL_12
000093be   I_LSL_13
000093bc   I_LSL_14
000093ba   I_LSL_15
000093d4   I_LSL_2
000093d2   I_LSL_3
000093d0   I_LSL_4
000093ce   I_LSL_5
000093cc   I_LSL_6
000093ca   I_LSL_7
000093c8   I_LSL_8
000093c6   I_LSL_9
000090be   I_LSR
00009104   I_LSR_1
000090e0   I_LSR_10
000090dc   I_LSR_11
000090d8   I_LSR_12
000090d4   I_LSR_13
000090d0   I_LSR_14
000090cc   I_LSR_15
00009100   I_LSR_2
000090fc   I_LSR_3
000090f8   I_LSR_4
000090f4   I_LSR_5
000090f0   I_LSR_6
000090ec   I_LSR_7
000090e8   I_LSR_8
000090e4   I_LSR_9
000095ba   L_LSR
00009066   MOVE_BALL_event
00008b9c   NEW_GAME_event
000000c0   OA0CTL0
000000c1   OA0CTL1
000000c2   OA1CTL0
000000c3   OA1CTL1
00000022   P1DIR
00000025   P1IE
00000024   P1IES
00000023   P1IFG
00000020   P1IN
00000021   P1OUT
00000027   P1REN
00000026   P1SEL
0000002a   P2DIR
0000002d   P2IE
0000002c   P2IES
0000002b   P2IFG
00000028   P2IN
00000029   P2OUT
0000002f   P2REN
0000002e   P2SEL
0000001a   P3DIR
00000018   P3IN
00000019   P3OUT
00000010   P3REN
0000001b   P3SEL
0000001e   P4DIR
0000001c   P4IN
0000001d   P4OUT
00000011   P4REN
0000001f   P4SEL
00009600   Port_1_ISR
00008c6a   RBX430_init
00000172   TACCR0
00000174   TACCR1
00000176   TACCR2
00000162   TACCTL0
00000164   TACCTL1
00000166   TACCTL2
00000160   TACTL
0000012e   TAIV
00000170   TAR
00000222   TB0_tone_on
00000192   TBCCR0
00000194   TBCCR1
00000196   TBCCR2
00000182   TBCCTL0
00000184   TBCCTL1
00000186   TBCCTL2
00000180   TBCTL
0000011e   TBIV
00000190   TBR
0000957a   TIMERA1_ISR
0000005d   UCA0ABCTL
00000062   UCA0BR0
00000063   UCA0BR1
00000060   UCA0CTL0
00000061   UCA0CTL1
0000005f   UCA0IRRCTL
0000005e   UCA0IRTCTL
00000064   UCA0MCTL
00000066   UCA0RXBUF
00000065   UCA0STAT
00000067   UCA0TXBUF
0000006a   UCB0BR0
0000006b   UCB0BR1
00000068   UCB0CTL0
00000069   UCB0CTL1
0000006c   UCB0I2CIE
00000118   UCB0I2COA
0000011a   UCB0I2CSA
0000006e   UCB0RXBUF
0000006d   UCB0STAT
0000006f   UCB0TXBUF
00000120   WDTCTL
00008e8c   WDT_ISR
0000021c   WDT_adc_cnt
0000021a   WDT_cps_cnt
00000220   WDT_debounce_cnt
0000021e   WDT_lcd_cnt
00000600   __STACK_END
00000050   __STACK_SIZE
00000001   __TI_args_main
00000001   __TI_auto_init
00000232   __TI_cleanup_ptr
00000234   __TI_dtors_ptr
00000001   __TI_exit
0000ffe4   __TI_int02
0000ffe6   __TI_int03
0000ffea   __TI_int05
0000ffec   __TI_int06
0000ffee   __TI_int07
0000fff0   __TI_int08
0000fff2   __TI_int09
0000fff4   __TI_int10
0000fff8   __TI_int12
0000fffa   __TI_int13
0000fffc   __TI_int14
ffffffff   __binit__
00000200   __bss__
ffffffff   __c_args__
0000a350   __cinit__
00000200   __data__
00000200   __edata__
0000023e   __end__
00009646   __etext__
000095a6   __mpyi
00009400   __mpyl
ffffffff   __pinit__
00008000   __text__
00009154   _auto_init
000093da   _c_int00
000093da   _c_int00_noexit
0000022e   _lock
00009644   _nop
0000fffe   _reset_vector
000005b0   _stack
0000963c   _system_pre_init
00000230   _unlock
00009640   abort
0000961c   abs
00000212   ball
00000224   ball_speed
ffffffff   binit
0000a350   cinit
0000a058   cs
00008000   drawBall
00008f9c   drawPaddle
0000a238   dv3
00000216   dx
00000218   dy
00000200   edata
0000023e   end
00009646   etext
000095fc   func_epilog_1
000095fa   func_epilog_2
000095f8   func_epilog_3
000095f6   func_epilog_4
000095f4   func_epilog_5
000095f2   func_epilog_6
000095f0   func_epilog_7
0000023a   i2c_fSCL
00009008   lcd_WD
0000910a   lcd_WD2
00009592   lcd_backlight
00009626   lcd_clear
00009324   lcd_cursor
00009426   lcd_fillImage
00008850   lcd_init
0000950e   lcd_mode
000083c6   lcd_point
0000944a   lcd_printf
00008996   lcd_putchar
00009354   lcd_set
000092be   lcd_set_x_y
00009382   lcd_volume
00008ac8   lcd_wordImage
00008de4   main
000095cc   memcpy
00000200   myBall
00000208   myPaddle
0000952c   new_ball
00009490   new_paddle
ffffffff   pinit
00009646   pong_image
000092f2   port1_init
0000a344   px_off
0000a34a   px_on
00009252   rand
00000214   rightPaddle
00000226   seconds
0000960e   strlen
0000023c   sys_event
000095de   timerA_init
00009546   timerB_init
00009560   watchdog_init


GLOBAL SYMBOLS: SORTED BY Symbol Address 

address    name
--------   ----
00000000   IE1
00000001   IE2
00000001   __TI_args_main
00000001   __TI_auto_init
00000001   __TI_exit
00000002   IFG1
00000003   IFG2
00000010   P3REN
00000011   P4REN
00000018   P3IN
00000019   P3OUT
0000001a   P3DIR
0000001b   P3SEL
0000001c   P4IN
0000001d   P4OUT
0000001e   P4DIR
0000001f   P4SEL
00000020   P1IN
00000021   P1OUT
00000022   P1DIR
00000023   P1IFG
00000024   P1IES
00000025   P1IE
00000026   P1SEL
00000027   P1REN
00000028   P2IN
00000029   P2OUT
0000002a   P2DIR
0000002b   P2IFG
0000002c   P2IES
0000002d   P2IE
0000002e   P2SEL
0000002f   P2REN
00000048   ADC10DTC0
00000049   ADC10DTC1
0000004a   ADC10AE0
0000004b   ADC10AE1
00000050   __STACK_SIZE
00000053   BCSCTL3
00000056   DCOCTL
00000057   BCSCTL1
00000058   BCSCTL2
0000005d   UCA0ABCTL
0000005e   UCA0IRTCTL
0000005f   UCA0IRRCTL
00000060   UCA0CTL0
00000061   UCA0CTL1
00000062   UCA0BR0
00000063   UCA0BR1
00000064   UCA0MCTL
00000065   UCA0STAT
00000066   UCA0RXBUF
00000067   UCA0TXBUF
00000068   UCB0CTL0
00000069   UCB0CTL1
0000006a   UCB0BR0
0000006b   UCB0BR1
0000006c   UCB0I2CIE
0000006d   UCB0STAT
0000006e   UCB0RXBUF
0000006f   UCB0TXBUF
000000c0   OA0CTL0
000000c1   OA0CTL1
000000c2   OA1CTL0
000000c3   OA1CTL1
00000118   UCB0I2COA
0000011a   UCB0I2CSA
0000011e   TBIV
00000120   WDTCTL
00000128   FCTL1
0000012a   FCTL2
0000012c   FCTL3
0000012e   TAIV
00000160   TACTL
00000162   TACCTL0
00000164   TACCTL1
00000166   TACCTL2
00000170   TAR
00000172   TACCR0
00000174   TACCR1
00000176   TACCR2
00000180   TBCTL
00000182   TBCCTL0
00000184   TBCCTL1
00000186   TBCCTL2
00000190   TBR
00000192   TBCCR0
00000194   TBCCR1
00000196   TBCCR2
000001b0   ADC10CTL0
000001b2   ADC10CTL1
000001b4   ADC10MEM
000001bc   ADC10SA
00000200   .bss
00000200   .data
00000200   __bss__
00000200   __data__
00000200   __edata__
00000200   edata
00000200   myBall
00000208   myPaddle
00000212   ball
00000214   rightPaddle
00000216   dx
00000218   dy
0000021a   WDT_cps_cnt
0000021c   WDT_adc_cnt
0000021e   WDT_lcd_cnt
00000220   WDT_debounce_cnt
00000222   TB0_tone_on
00000224   ball_speed
00000226   seconds
0000022e   _lock
00000230   _unlock
00000232   __TI_cleanup_ptr
00000234   __TI_dtors_ptr
0000023a   i2c_fSCL
0000023c   sys_event
0000023e   __end__
0000023e   end
000005b0   _stack
00000600   __STACK_END
000010f8   CALDCO_16MHZ
000010f9   CALBC1_16MHZ
000010fa   CALDCO_12MHZ
000010fb   CALBC1_12MHZ
000010fc   CALDCO_8MHZ
000010fd   CALBC1_8MHZ
000010fe   CALDCO_1MHZ
000010ff   CALBC1_1MHZ
00008000   .text
00008000   __text__
00008000   drawBall
000083c6   lcd_point
00008850   lcd_init
00008996   lcd_putchar
00008ac8   lcd_wordImage
00008b9c   NEW_GAME_event
00008c6a   RBX430_init
00008d28   ADC_read
00008de4   main
00008e8c   WDT_ISR
00008f26   ERROR2
00008f9c   drawPaddle
00009008   lcd_WD
00009066   MOVE_BALL_event
000090be   I_LSR
000090cc   I_LSR_15
000090d0   I_LSR_14
000090d4   I_LSR_13
000090d8   I_LSR_12
000090dc   I_LSR_11
000090e0   I_LSR_10
000090e4   I_LSR_9
000090e8   I_LSR_8
000090ec   I_LSR_7
000090f0   I_LSR_6
000090f4   I_LSR_5
000090f8   I_LSR_4
000090fc   I_LSR_3
00009100   I_LSR_2
00009104   I_LSR_1
0000910a   lcd_WD2
00009154   _auto_init
000091e2   ADC_READ_event
00009252   rand
000092be   lcd_set_x_y
000092f2   port1_init
00009324   lcd_cursor
00009354   lcd_set
00009382   lcd_volume
000093ae   I_LSL
000093ba   I_LSL_15
000093bc   I_LSL_14
000093be   I_LSL_13
000093c0   I_LSL_12
000093c2   I_LSL_11
000093c4   I_LSL_10
000093c6   I_LSL_9
000093c8   I_LSL_8
000093ca   I_LSL_7
000093cc   I_LSL_6
000093ce   I_LSL_5
000093d0   I_LSL_4
000093d2   I_LSL_3
000093d4   I_LSL_2
000093d6   I_LSL_1
000093da   _c_int00
000093da   _c_int00_noexit
00009400   __mpyl
00009426   lcd_fillImage
0000944a   lcd_printf
0000946e   ISR_trap
00009490   new_paddle
0000950e   lcd_mode
0000952c   new_ball
00009546   timerB_init
00009560   watchdog_init
0000957a   TIMERA1_ISR
00009592   lcd_backlight
000095a6   __mpyi
000095ba   L_LSR
000095cc   memcpy
000095de   timerA_init
000095f0   func_epilog_7
000095f2   func_epilog_6
000095f4   func_epilog_5
000095f6   func_epilog_4
000095f8   func_epilog_3
000095fa   func_epilog_2
000095fc   func_epilog_1
00009600   Port_1_ISR
0000960e   strlen
0000961c   abs
00009626   lcd_clear
00009630   ADC10_ISR
00009638   ADC_init
0000963c   _system_pre_init
00009640   C$$EXIT
00009640   abort
00009644   _nop
00009646   __etext__
00009646   etext
00009646   pong_image
0000a058   cs
0000a238   dv3
0000a344   px_off
0000a34a   px_on
0000a350   __cinit__
0000a350   cinit
0000ffe4   __TI_int02
0000ffe6   __TI_int03
0000ffea   __TI_int05
0000ffec   __TI_int06
0000ffee   __TI_int07
0000fff0   __TI_int08
0000fff2   __TI_int09
0000fff4   __TI_int10
0000fff8   __TI_int12
0000fffa   __TI_int13
0000fffc   __TI_int14
0000fffe   _reset_vector
ffffffff   __binit__
ffffffff   __c_args__
ffffffff   __pinit__
ffffffff   binit
ffffffff   pinit

[247 symbols]
